1791354728.278705296	{"lease":"orgs/ORG/projects/PROJECT/envs/ENV/leases/sbx-1hqgdf4m","region":"","size":"large","type":"queued"}
1791354729.248886302	{"bytes":3140085,"bytes_up":860951,"duration_ms":884,"files":223,"from_store":0,"full":true,"new_volume":false,"removed":0,"type":"sync","volume":true,"workspace":"cold"}
1791354729.758394591	{"cache":false,"lease":"orgs/ORG/projects/PROJECT/envs/ENV/leases/sbx-1hqgdf4m","region":"","size":"large","type":"running","volume":true,"workspace":"cold"}
1791354730.853946835	{"data":"   Compiling memchr v2.8.3\n","type":"stderr"}
1791354730.856118563	{"data":"   Compiling regex-syntax v0.8.11\n","type":"stderr"}
1791354730.858898575	{"data":"   Compiling libc v0.2.186\n   Compiling log v0.4.33\n","type":"stderr"}
1791354730.861257193	{"data":"   Compiling","type":"stderr"}
1791354730.862449162	{"data":" serde_core v1.0.228\n","type":"stderr"}
1791354730.863529132	{"data":"   Compiling","type":"stderr"}
1791354730.864738967	{"data":" cfg-if v1.0.4\n","type":"stderr"}
1791354730.865954902	{"data":"   Compiling crossbeam-utils v0.8.22\n","type":"stderr"}
1791354730.867805679	{"data":"   Compiling zmij v1.0.23\n","type":"stderr"}
1791354730.869355064	{"data":"   Compiling serde_json v1.0.150\n","type":"stderr"}
1791354730.870705269	{"data":"   Compiling crossbeam-epoch v0.9.20\n","type":"stderr"}
1791354730.872085711	{"data":"   Compiling serde v1.0.228\n","type":"stderr"}
1791354730.873285631	{"data":"   Compiling termcolor v1.4.1\n","type":"stderr"}
1791354730.874490629	{"data":"   Compiling itoa v1.0.18\n","type":"stderr"}
1791354730.876835798	{"data":"   Compiling crossbeam-deque v0.8.7\n","type":"stderr"}
1791354730.878241947	{"data":"   Compiling same-file v1.0.6\n","type":"stderr"}
1791354730.879471182	{"data":"   Compiling anyhow v1.0.103\n","type":"stderr"}
1791354731.372077983	{"data":"   Compiling encoding_rs v0.8.35\n","type":"stderr"}
1791354731.506206389	{"data":"   Compiling ripgrep v15.2.0 (/workspace/tree)\n","type":"stderr"}
1791354731.553529423	{"data":"   Compiling lexopt v0.3.2\n","type":"stderr"}
1791354731.554848392	{"data":"   Compiling textwrap v0.16.2\n","type":"stderr"}
1791354731.862241056	{"data":"   Compiling walkdir v2.5.0\n","type":"stderr"}
1791354732.849957743	{"data":"   Compiling aho-corasick v1.1.4\n","type":"stderr"}
1791354732.851426676	{"data":"   Compiling grep-matcher v0.1.9 (/workspace/tree/crates/matcher)\n","type":"stderr"}
1791354733.547170795	{"data":"   Compiling memmap2 v0.9.11\n","type":"stderr"}
1791354733.683336510	{"data":"   Compiling encoding_rs_io v0.1.7\n","type":"stderr"}
1791354735.731495841	{"data":"   Compiling regex-automata v0.4.15\n","type":"stderr"}
1791354740.370514804	{"data":"   Compiling bstr v1.13.0\n","type":"stderr"}
1791354741.624433482	{"data":"   Compiling globset v0.4.19 (/workspace/tree/crates/globset)\n","type":"stderr"}
1791354741.625815054	{"data":"   Compiling grep-searcher v0.1.17 (/workspace/tree/crates/searcher)\n","type":"stderr"}
1791354741.627243147	{"data":"   Compiling grep-regex v0.1.14 (/workspace/tree/crates/regex)\n","type":"stderr"}
1791354742.305692166	{"data":"   Compiling grep-printer v0.3.1 (/workspace/tree/crates/printer)\n","type":"stderr"}
1791354742.703241421	{"data":"   Compiling grep-cli v0.1.12 (/workspace/tree/crates/cli)\n","type":"stderr"}
1791354742.704783575	{"data":"   Compiling ignore v0.4.29 (/workspace/tree/crates/ignore)\n","type":"stderr"}
1791354743.459047578	{"data":"   Compiling grep v0.4.1 (/workspace/tree/crates/grep)\n","type":"stderr"}
1791354747.669154138	{"data":"    Finished `release` profile [optimized + debuginfo] target(s) in 17.52s\n","type":"stderr"}
1791354747.682946101	{"data":"BENCH_SCCACHE Compile requests                     49\nBENCH_SCCACHE Compile requests executed            34\nBENCH_SCCACHE Cache hits                            0\nBENCH_SCCACHE Cache misses                         33\nBENCH_SCCACHE Cache misses (Rust)                  33\nBENCH_SCCACHE Cache hits rate                    0.00 %\nBENCH_SCCACHE Cache hits rate (Rust)             0.00 %\n","type":"stdout"}
1791354747.699131406	{"data":"BENCH_CMD_SECONDS=17.5809\n","type":"stdout"}
1791354748.646017860	{"bytes_down":3935,"bytes_up":860951,"duration_ms":28143,"exit_code":0,"from_store":0,"outcome":"succeeded","retryable":false,"type":"result","workspace":"cold"}
