1791354812.042957491	{"lease":"orgs/ORG/projects/PROJECT/envs/ENV/leases/sbx-08sjdm2a","region":"","size":"large","type":"queued"}
1791354813.203454096	{"bytes":3140085,"bytes_up":860951,"duration_ms":1039,"files":223,"from_store":0,"full":true,"new_volume":false,"removed":0,"type":"sync","volume":true,"workspace":"cold"}
1791354813.431986016	{"cache":false,"lease":"orgs/ORG/projects/PROJECT/envs/ENV/leases/sbx-08sjdm2a","region":"","size":"large","type":"running","volume":true,"workspace":"cold"}
1791354814.520137785	{"data":"   Compiling memchr v2.8.3\n","type":"stderr"}
1791354814.522915623	{"data":"   Compiling regex-syntax v0.8.11\n","type":"stderr"}
1791354814.524308813	{"data":"   Compiling libc v0.2.186\n","type":"stderr"}
1791354814.525682404	{"data":"   Compiling log v0.4.33\n","type":"stderr"}
1791354814.527008834	{"data":"   Compiling serde_core v1.0.228\n","type":"stderr"}
1791354814.528341563	{"data":"   Compiling zmij v1.0.23\n","type":"stderr"}
1791354814.529660373	{"data":"   Compiling cfg-if v1.0.4\n","type":"stderr"}
1791354814.530970228	{"data":"   Compiling crossbeam-utils v0.8.22\n","type":"stderr"}
1791354814.532232081	{"data":"   Compiling serde v1.0.228\n","type":"stderr"}
1791354814.533496248	{"data":"   Compiling serde_json v1.0.150\n","type":"stderr"}
1791354814.534770570	{"data":"   Compiling crossbeam-epoch v0.9.20\n","type":"stderr"}
1791354814.535992714	{"data":"   Compiling","type":"stderr"}
1791354814.537209419	{"data":" crossbeam-deque v0.8.7\n","type":"stderr"}
1791354814.538444843	{"data":"   Compiling termcolor v1.4.1\n","type":"stderr"}
1791354814.540324162	{"data":"   Compiling","type":"stderr"}
1791354814.541962270	{"data":" itoa v1.0.18\n","type":"stderr"}
1791354814.543214830	{"data":"   Compiling same-file v1.0.6\n","type":"stderr"}
1791354814.544825707	{"data":"   Compiling anyhow v1.0.103\n","type":"stderr"}
1791354814.986629461	{"data":"   Compiling encoding_rs v0.8.35\n","type":"stderr"}
1791354815.158548519	{"data":"   Compiling ripgrep v15.2.0 (/workspace/tree)\n","type":"stderr"}
1791354815.167791688	{"data":"   Compiling textwrap v0.16.2\n","type":"stderr"}
1791354815.169378409	{"data":"   Compiling lexopt v0.3.2\n","type":"stderr"}
1791354815.209376101	{"data":"   Compiling walkdir v2.5.0\n","type":"stderr"}
1791354816.422287981	{"data":"   Compiling aho-corasick v1.1.4\n   Compiling grep-matcher v0.1.9 (/workspace/tree/crates/matcher)\n","type":"stderr"}
1791354816.916732387	{"data":"   Compiling memmap2 v0.9.11\n","type":"stderr"}
1791354817.325979233	{"data":"   Compiling encoding_rs_io v0.1.7\n","type":"stderr"}
1791354819.114961181	{"data":"   Compiling regex-automata v0.4.15\n","type":"stderr"}
1791354823.497206984	{"data":"   Compiling bstr v1.13.0\n","type":"stderr"}
1791354824.569281780	{"data":"   Compiling globset v0.4.19 (/workspace/tree/crates/globset)\n","type":"stderr"}
1791354824.572804665	{"data":"   Compiling grep-searcher v0.1.17 (/workspace/tree/crates/searcher)\n","type":"stderr"}
1791354824.575865218	{"data":"   Compiling grep-regex v0.1.14 (/workspace/tree/crates/regex)\n","type":"stderr"}
1791354825.113189011	{"data":"   Compiling grep-printer v0.3.1 (/workspace/tree/crates/printer)\n","type":"stderr"}
1791354825.652995419	{"data":"   Compiling grep-cli v0.1.12 (/workspace/tree/crates/cli)\n   Compiling ignore v0.4.29 (/workspace/tree/crates/ignore)\n","type":"stderr"}
1791354826.273930924	{"data":"   Compiling grep v0.4.1 (/workspace/tree/crates/grep)\n","type":"stderr"}
1791354830.334046851	{"data":"    Finished `release` profile [optimized + debuginfo] target(s) in 16.49s\n","type":"stderr"}
1791354830.347074498	{"data":"BENCH_SCCACHE Compile requests                     49\nBENCH_SCCACHE Compile requests executed            34\nBENCH_SCCACHE Cache hits                            0\nBENCH_SCCACHE Cache misses                         33\nBENCH_SCCACHE Cache misses (Rust)                  33\nBENCH_SCCACHE Cache hits rate                    0.00 %\nBENCH_SCCACHE Cache hits rate (Rust)             0.00 %\n","type":"stdout"}
1791354830.359908214	{"data":"BENCH_CMD_SECONDS=16.5338\n","type":"stdout"}
1791354830.962123871	{"bytes_down":3891,"bytes_up":860951,"duration_ms":26376,"exit_code":0,"from_store":0,"outcome":"succeeded","retryable":false,"type":"result","workspace":"cold"}
