1791354515.924838252	{"lease":"orgs/ORG/projects/PROJECT/envs/ENV/leases/sbx-dz2r5gnq","region":"","size":"standard","type":"queued"}
1791354516.333603769	{"bytes":0,"bytes_up":0,"duration_ms":293,"files":0,"from_store":0,"full":false,"new_volume":false,"removed":0,"type":"sync","volume":true,"workspace":"warm"}
1791354516.335037300	{"cache":true,"lease":"orgs/ORG/projects/PROJECT/envs/ENV/leases/sbx-dz2r5gnq","region":"","size":"standard","type":"running","volume":true,"workspace":"warm"}
1791354517.172165907	{"data":"sylphx-image-build: rootless BuildKit up (snapshotter overlayfs, process sandbox false), frontend dockerfile\n","type":"stderr"}
1791354517.409127326	{"data":"#1 [internal] load build definition from Dockerfile\n#1 transferring dockerfile: 3.99kB done\n#1 DONE 0.0s\n\n#2 resolve image config for docker-image://docker.io/docker/dockerfile:1.7@sha256:a57df69d0ea827fb7266491f2813635de6f17269be881f696fbfdf2d83dda33e\n#2 DONE 0.1s\n","type":"stderr"}
1791354517.538018005	{"data":"\n#3 docker-image://docker.io/docker/dockerfile:1.7@sha256:a57df69d0ea827fb7266491f2813635de6f17269be881f696fbfdf2d83dda33e\n#3 resolve docker.io/docker/dockerfile:1.7@sha256:a57df69d0ea827fb7266491f2813635de6f17269be881f696fbfdf2d83dda33e done\n#3 CACHED\n\n#4 resolve image config for docker-image://docker.io/docker/buildkit-syft-scanner:stable-1@sha256:ae4f3b554449e7e25548e7d8ccc029d17357348e30c6e3df01b92bc93654d6a9\n","type":"stderr"}
1791354517.647787355	{"data":"#4 DONE 0.1s\n\n#5 [internal] load metadata for docker.io/library/node:24.13.0-slim\n#5 DONE 0.1s\n","type":"stderr"}
1791354517.860397096	{"data":"\n#6 [internal] load .dockerignore\n","type":"stderr"}
1791354517.861847963	{"data":"#6 transferring context: 2.48kB done\n#6 DONE 0.0s\n\n#7 [runner 1/7] FROM docker.io/library/node:24.13.0-slim@sha256:4660b1ca8b28d6d1906fd644abe34b2ed81d15434d26d845ef0aced307cf4b6f\n","type":"stderr"}
1791354517.863437989	{"data":"#7 resolve docker.io/library/node:24.13.0-slim@sha256:4660b1ca8b28d6d1906fd644abe34b2ed81d15434d26d845ef0aced307cf4b6f done\n#7 DONE 0.0s\n\n#8 docker-image://docker.io/docker/buildkit-syft-scanner:stable-1@sha256:ae4f3b554449e7e25548e7d8ccc029d17357348e30c6e3df01b92bc93654d6a9\n#8 resolve docker.io/docker/buildkit-syft-scanner:stable-1@sha256:ae4f3b554449e7e25548e7d8ccc029d17357348e30c6e3df01b92bc93654d6a9 done\n","type":"stderr"}
1791354517.866137830	{"data":"#8 DONE 0.0s\n\n#9 [internal] load build context\n#9 transferring context: 430B done\n#9 DONE 0.0s\n\n#10 [runner 5/7] RUN chown node:node .next\n#10 CACHED\n\n#11 [runner 6/7] COPY --from=builder --chown=node:node /app/.next/standalone ./\n#11 CACHED\n\n#12 [dependencies 4/4] RUN --mount=type=cache,target=/root/.npm     --mount=type=cache,target=/usr/local/share/.cache/yarn     --mount=type=cache,target=/root/.local/share/pnpm/store   if [ -f package-lock.json ]; then     npm ci --no-audit --no-fund;   elif [ -f yarn.lock ]; then     corepack enable yarn && yarn install --frozen-lockfile --production=false;   elif [ -f pnpm-lock.yaml ]; then     corepack enable pnpm && pnpm install --frozen-lockfile;   else     echo \"No lockfile found.\" && exit 1;   fi\n#12 CACHED\n\n#13 [builder 5/5] RUN if [ -f package-lock.json ]; then     npm run build;   elif [ -f yarn.lock ]; then     corepack enable yarn && yarn build;   elif [ -f pnpm-lock.yaml ]; then     corepack enable pnpm && pnpm build;   else     echo \"No lockfile found.\" && exit 1;   fi\n#13 CACHED\n\n#14 [dependencies 3/4] COPY package.json yarn.lock* package-lock.json* pnpm-lock.yaml* pnpm-workspace.yaml* .npmrc* ./\n#14 CACHED\n\n#15 [builder 3/5] COPY --from=dependencies /app/node_modules ./node_modules\n#15 CACHED\n\n#16 [runner 2/7] WORKDIR /app\n#16 CACHED\n\n#17 [runner 4/7] RUN mkdir .next\n#17 CACHED\n\n#18 [runner 3/7] COPY --from=builder --chown=node:node /app/public ./public\n#18 CACHED\n\n#19 [builder 4/5] COPY . .\n#19 CACHED\n\n#20 [runner 7/7] COPY --from=builder --chown=node:node /app/.next/static ./.next/static\n#20 CACHED\n\n#21 [linux/amd64] generating sbom using docker.io/docker/buildkit-syft-scanner:stable-1@sha256:ae4f3b554449e7e25548e7d8ccc029d17357348e30c6e3df01b92bc93654d6a9\n","type":"stderr"}
1791354517.867445923	{"data":"#21 CACHED\n","type":"stderr"}
1791354517.868730520	{"data":"\n","type":"stderr"}
1791354517.869998623	{"data":"#22 exporting to oci image format\n","type":"stderr"}
1791354517.871430351	{"data":"#22 exporting layers done\n#22 rewriting layers with source-date-epoch 1791331200 (2026-10-07 00:00:00 +0000 UTC)\n","type":"stderr"}
1791354520.546453206	{"data":"#22 rewriting layers with source-date-epoch 1791331200 (2026-10-07 00:00:00 +0000 UTC) 2.8s done\n","type":"stderr"}
1791354520.700635683	{"data":"#22 exporting manifest sha256:7160eefb4c0aa4f4c3b365e7045b3d80dbc9c339c026cca67da52bfac19e60bf done\n#22 exporting config sha256:f56b5d89739e55b462518c35c90c5b114f04325e4ed88c25155ac44eee0659ef done\n","type":"stderr"}
1791354520.838448939	{"data":"#22 exporting attestation manifest sha256:21725cd3863884bd778d35930687a913f0d7b2b3726c30137111ad4b60e7a011\n","type":"stderr"}
1791354520.996090657	{"data":"#22 exporting attestation manifest sha256:21725cd3863884bd778d35930687a913f0d7b2b3726c30137111ad4b60e7a011 done\n#22 exporting manifest list sha256:bfaf4237154a8b8a6383e21291543bf9a2bf8d716fa6839461050866217023b3 done\n#22 sending tarball\n","type":"stderr"}
1791354521.394840045	{"data":"#22 sending tarball 0.5s done\n#22 DONE 3.7s\n","type":"stderr"}
1791354521.455610886	{"data":"sylphx-image-build: digest sha256:bfaf4237154a8b8a6383e21291543bf9a2bf8d716fa6839461050866217023b3 manifest sha256:7160eefb4c0aa4f4c3b365e7045b3d80dbc9c339c026cca67da52bfac19e60bf\n","type":"stderr"}
1791354522.361892551	{"bytes_down":7839,"bytes_up":0,"duration_ms":11736,"exit_code":0,"from_store":0,"image":{"attestations":["sbom","provenance"],"digest":"sha256:bfaf4237154a8b8a6383e21291543bf9a2bf8d716fa6839461050866217023b3","frontend":"dockerfile","image_manifest_digest":"sha256:7160eefb4c0aa4f4c3b365e7045b3d80dbc9c339c026cca67da52bfac19e60bf","oci_out":"","process_sandbox":false,"pushed":"","schema":"sylphx.image-build/v1","snapshotter":"overlayfs","source_commit":"e8f86e396bd913dc3264ec28beaf71f395966d9b","source_date_epoch":1791331200},"outcome":"succeeded","retryable":false,"type":"result","workspace":"warm"}
