1791354540.095923287	{"lease":"orgs/ORG/projects/PROJECT/envs/ENV/leases/sbx-0xmzh1kd","region":"","size":"standard","type":"queued"}
1791354540.567628148	{"bytes":0,"bytes_up":0,"duration_ms":380,"files":0,"from_store":0,"full":false,"new_volume":false,"removed":0,"type":"sync","volume":true,"workspace":"warm"}
1791354540.569734198	{"cache":true,"lease":"orgs/ORG/projects/PROJECT/envs/ENV/leases/sbx-0xmzh1kd","region":"","size":"standard","type":"running","volume":true,"workspace":"warm"}
1791354542.345323752	{"data":"sylphx-image-build: rootless BuildKit up (snapshotter overlayfs, process sandbox false), frontend dockerfile\n","type":"stderr"}
1791354542.639045395	{"data":"#1 [internal] load build definition from Dockerfile\n","type":"stderr"}
1791354542.640808250	{"data":"#1 transferring dockerfile: 3.99kB done\n","type":"stderr"}
1791354542.642211395	{"data":"#1 DONE 0.0s\n\n#2 resolve image config for docker-image://docker.io/docker/dockerfile:1.7@sha256:a57df69d0ea827fb7266491f2813635de6f17269be881f696fbfdf2d83dda33e\n","type":"stderr"}
1791354542.705551121	{"data":"#2 DONE 0.2s\n","type":"stderr"}
1791354542.815397626	{"data":"\n#3 docker-image://docker.io/docker/dockerfile:1.7@sha256:a57df69d0ea827fb7266491f2813635de6f17269be881f696fbfdf2d83dda33e\n#3 resolve docker.io/docker/dockerfile:1.7@sha256:a57df69d0ea827fb7266491f2813635de6f17269be881f696fbfdf2d83dda33e done\n#3 CACHED\n\n#4 resolve image config for docker-image://docker.io/docker/buildkit-syft-scanner:stable-1@sha256:ae4f3b554449e7e25548e7d8ccc029d17357348e30c6e3df01b92bc93654d6a9\n","type":"stderr"}
1791354542.953951874	{"data":"#4 DONE 0.1s\n\n#5 [internal] load metadata for docker.io/library/node:24.13.0-slim\n","type":"stderr"}
1791354543.197608940	{"data":"#5 DONE 0.1s\n","type":"stderr"}
1791354543.200191124	{"data":"\n","type":"stderr"}
1791354543.202829343	{"data":"#6 [internal] load .dockerignore\n#6 transferring context: 2.48kB done\n#6 DONE 0.0s\n\n#7 docker-image://docker.io/docker/buildkit-syft-scanner:stable-1@sha256:ae4f3b554449e7e25548e7d8ccc029d17357348e30c6e3df01b92bc93654d6a9\n#7 resolve docker.io/docker/buildkit-syft-scanner:stable-1@sha256:ae4f3b554449e7e25548e7d8ccc029d17357348e30c6e3df01b92bc93654d6a9 0.0s done\n","type":"stderr"}
1791354543.205013289	{"data":"#7 DONE 0.0s\n\n#8 [runner 1/7] FROM docker.io/library/node:24.13.0-slim@sha256:4660b1ca8b28d6d1906fd644abe34b2ed81d15434d26d845ef0aced307cf4b6f\n","type":"stderr"}
1791354543.207451948	{"data":"#8 resolve docker.io/library/node:24.13.0-slim@sha256:4660b1ca8b28d6d1906fd644abe34b2ed81d15434d26d845ef0aced307cf4b6f 0.0s done\n#8 DONE 0.0s\n\n#9 [internal] load build context\n","type":"stderr"}
1791354543.210754433	{"data":"#9 transferring context: 430B done\n#9 DONE 0.0s\n\n#10 [runner 6/7] COPY --from=builder --chown=node:node /app/.next/standalone ./\n#10 CACHED\n\n#11 [runner 5/7] RUN chown node:node .next\n#11 CACHED\n\n#12 [runner 2/7] WORKDIR /app\n#12 CACHED\n\n#13 [dependencies 4/4] RUN --mount=type=cache,target=/root/.npm     --mount=type=cache,target=/usr/local/share/.cache/yarn     --mount=type=cache,target=/root/.local/share/pnpm/store   if [ -f package-lock.json ]; then     npm ci --no-audit --no-fund;   elif [ -f yarn.lock ]; then     corepack enable yarn && yarn install --frozen-lockfile --production=false;   elif [ -f pnpm-lock.yaml ]; then     corepack enable pnpm && pnpm install --frozen-lockfile;   else     echo \"No lockfile found.\" && exit 1;   fi\n#13 CACHED\n\n#14 [runner 4/7] RUN mkdir .next\n#14 CACHED\n","type":"stderr"}
1791354543.212310798	{"data":"\n","type":"stderr"}
1791354543.214193724	{"data":"#15 [builder 3/5] COPY --from=dependencies /app/node_modules ./node_modules\n","type":"stderr"}
1791354543.215589768	{"data":"#15 CACHED\n\n","type":"stderr"}
1791354543.218166345	{"data":"#16 [builder 5/5] RUN if [ -f package-lock.json ]; then     npm run build;   elif [ -f yarn.lock ]; then     corepack enable yarn && yarn build;   elif [ -f pnpm-lock.yaml ]; then     corepack enable pnpm && pnpm build;   else     echo \"No lockfile found.\" && exit 1;   fi\n","type":"stderr"}
1791354543.220745234	{"data":"#16 CACHED\n\n","type":"stderr"}
1791354543.222608900	{"data":"#17 [builder 4/5] COPY . .\n#17 CACHED\n\n#18 [dependencies 3/4] COPY package.json yarn.lock* package-lock.json* pnpm-lock.yaml* pnpm-workspace.yaml* .npmrc* ./\n#18 CACHED\n\n#19 [runner 3/7] COPY --from=builder --chown=node:node /app/public ./public\n#19 CACHED\n\n#20 [runner 7/7] COPY --from=builder --chown=node:node /app/.next/static ./.next/static\n#20 CACHED\n\n#21 [linux/amd64] generating sbom using docker.io/docker/buildkit-syft-scanner:stable-1@sha256:ae4f3b554449e7e25548e7d8ccc029d17357348e30c6e3df01b92bc93654d6a9\n#21 CACHED\n\n#22 exporting to oci image format\n#22 exporting layers done\n#22 rewriting layers with source-date-epoch 1791331200 (2026-10-07 00:00:00 +0000 UTC)\n","type":"stderr"}
1791354546.273684987	{"data":"#22 rewriting layers with source-date-epoch 1791331200 (2026-10-07 00:00:00 +0000 UTC) 3.2s done\n","type":"stderr"}
1791354546.420915473	{"data":"#22 exporting manifest sha256:7160eefb4c0aa4f4c3b365e7045b3d80dbc9c339c026cca67da52bfac19e60bf done\n#22 exporting config sha256:f56b5d89739e55b462518c35c90c5b114f04325e4ed88c25155ac44eee0659ef done\n","type":"stderr"}
1791354546.541810165	{"data":"#22 exporting attestation manifest sha256:f733c415dd4cebb8ab67dcea14237e612c0d5a86659257b37ff6bdefea28b081\n","type":"stderr"}
1791354546.703448098	{"data":"#22 exporting attestation manifest sha256:f733c415dd4cebb8ab67dcea14237e612c0d5a86659257b37ff6bdefea28b081 done\n#22 exporting manifest list sha256:ebe3630fea36148fc3cccf145b49da95b2a7419da851a4c204a053fd7a9a3b47 done\n#22 sending tarball\n","type":"stderr"}
1791354547.124530264	{"data":"#22 sending tarball 0.6s done\n#22 DONE 4.1s\n","type":"stderr"}
1791354547.188373315	{"data":"sylphx-image-build: digest sha256:ebe3630fea36148fc3cccf145b49da95b2a7419da851a4c204a053fd7a9a3b47 manifest sha256:7160eefb4c0aa4f4c3b365e7045b3d80dbc9c339c026cca67da52bfac19e60bf\n","type":"stderr"}
1791354548.519324759	{"bytes_down":8122,"bytes_up":0,"duration_ms":13948,"exit_code":0,"from_store":0,"image":{"attestations":["sbom","provenance"],"digest":"sha256:ebe3630fea36148fc3cccf145b49da95b2a7419da851a4c204a053fd7a9a3b47","frontend":"dockerfile","image_manifest_digest":"sha256:7160eefb4c0aa4f4c3b365e7045b3d80dbc9c339c026cca67da52bfac19e60bf","oci_out":"","process_sandbox":false,"pushed":"","schema":"sylphx.image-build/v1","snapshotter":"overlayfs","source_commit":"e8f86e396bd913dc3264ec28beaf71f395966d9b","source_date_epoch":1791331200},"outcome":"succeeded","retryable":false,"type":"result","workspace":"warm"}
