1791354568.809156812	{"lease":"orgs/ORG/projects/PROJECT/envs/ENV/leases/sbx-av7cwsac","region":"","size":"standard","type":"queued"}
1791354569.441017091	{"bytes":0,"bytes_up":0,"duration_ms":540,"files":0,"from_store":0,"full":false,"new_volume":false,"removed":0,"type":"sync","volume":true,"workspace":"warm"}
1791354569.443097853	{"cache":true,"lease":"orgs/ORG/projects/PROJECT/envs/ENV/leases/sbx-av7cwsac","region":"","size":"standard","type":"running","volume":true,"workspace":"warm"}
1791354570.172699134	{"data":"sylphx-image-build: rootless BuildKit up (snapshotter overlayfs, process sandbox false), frontend dockerfile\n","type":"stderr"}
1791354570.480101584	{"data":"#1 [internal] load build definition from Dockerfile\n","type":"stderr"}
1791354570.482682697	{"data":"#1 transferring dockerfile: 3.99kB done\n","type":"stderr"}
1791354570.485006013	{"data":"#1 DONE 0.0s\n\n","type":"stderr"}
1791354570.486386053	{"data":"#2 resolve image config for docker-image://docker.io/docker/dockerfile:1.7@sha256:a57df69d0ea827fb7266491f2813635de6f17269be881f696fbfdf2d83dda33e\n","type":"stderr"}
1791354570.488511522	{"data":"#2 DONE 0.2s\n","type":"stderr"}
1791354570.630135356	{"data":"\n#3 docker-image://docker.io/docker/dockerfile:1.7@sha256:a57df69d0ea827fb7266491f2813635de6f17269be881f696fbfdf2d83dda33e\n#3 resolve docker.io/docker/dockerfile:1.7@sha256:a57df69d0ea827fb7266491f2813635de6f17269be881f696fbfdf2d83dda33e done\n#3 CACHED\n\n#4 resolve image config for docker-image://docker.io/docker/buildkit-syft-scanner:stable-1@sha256:ae4f3b554449e7e25548e7d8ccc029d17357348e30c6e3df01b92bc93654d6a9\n","type":"stderr"}
1791354570.764933208	{"data":"#4 DONE 0.1s\n\n#5 [internal] load metadata for docker.io/library/node:24.13.0-slim\n","type":"stderr"}
1791354570.973615177	{"data":"#5 DONE 0.1s\n\n#6 [internal] load .dockerignore\n#6 transferring context: 2.48kB done\n#6 DONE 0.0s\n\n#7 [dependencies 1/4] FROM docker.io/library/node:24.13.0-slim@sha256:4660b1ca8b28d6d1906fd644abe34b2ed81d15434d26d845ef0aced307cf4b6f\n#7 resolve docker.io/library/node:24.13.0-slim@sha256:4660b1ca8b28d6d1906fd644abe34b2ed81d15434d26d845ef0aced307cf4b6f done\n#7 DONE 0.0s\n\n#8 docker-image://docker.io/docker/buildkit-syft-scanner:stable-1@sha256:ae4f3b554449e7e25548e7d8ccc029d17357348e30c6e3df01b92bc93654d6a9\n#8 resolve docker.io/docker/buildkit-syft-scanner:stable-1@sha256:ae4f3b554449e7e25548e7d8ccc029d17357348e30c6e3df01b92bc93654d6a9 done\n#8 DONE 0.0s\n\n","type":"stderr"}
1791354570.977764353	{"data":"#9 [internal] load build context\n#9 transferring context: 430B done\n#9 DONE 0.0s\n\n#10 [runner 4/7] RUN mkdir .next\n#10 CACHED\n\n#11 [builder 3/5] COPY --from=dependencies /app/node_modules ./node_modules\n#11 CACHED\n\n#12 [runner 6/7] COPY --from=builder --chown=node:node /app/.next/standalone ./\n#12 CACHED\n\n#13 [runner 3/7] COPY --from=builder --chown=node:node /app/public ./public\n#13 CACHED\n\n#14 [dependencies 2/4] WORKDIR /app\n#14 CACHED\n\n#15 [dependencies 4/4] RUN --mount=type=cache,target=/root/.npm     --mount=type=cache,target=/usr/local/share/.cache/yarn     --mount=type=cache,target=/root/.local/share/pnpm/store   if [ -f package-lock.json ]; then     npm ci --no-audit --no-fund;   elif [ -f yarn.lock ]; then     corepack enable yarn && yarn install --frozen-lockfile --production=false;   elif [ -f pnpm-lock.yaml ]; then     corepack enable pnpm && pnpm install --frozen-lockfile;   else     echo \"No lockfile found.\" && exit 1;   fi\n#15 CACHED\n\n#16 [builder 5/5] RUN if [ -f package-lock.json ]; then     npm run build;   elif [ -f yarn.lock ]; then     corepack enable yarn && yarn build;   elif [ -f pnpm-lock.yaml ]; then     corepack enable pnpm && pnpm build;   else     echo \"No lockfile found.\" && exit 1;   fi\n#16 CACHED\n\n#17 [runner 5/7] RUN chown node:node .next\n","type":"stderr"}
1791354570.979252545	{"data":"#17 CACHED\n\n#18 [builder 4/5] COPY . .\n#18 CACHED\n\n","type":"stderr"}
1791354570.981073207	{"data":"#19 [dependencies 3/4] COPY package.json yarn.lock* package-lock.json* pnpm-lock.yaml* pnpm-workspace.yaml* .npmrc* ./\n#19 CACHED\n\n#20 [runner 7/7] COPY --from=builder --chown=node:node /app/.next/static ./.next/static\n","type":"stderr"}
1791354570.983113338	{"data":"#20 CACHED\n\n#21 [linux/amd64] generating sbom using docker.io/docker/buildkit-syft-scanner:stable-1@sha256:ae4f3b554449e7e25548e7d8ccc029d17357348e30c6e3df01b92bc93654d6a9\n#21 CACHED\n\n#22 exporting to oci image format\n#22 exporting layers done\n#22 rewriting layers with source-date-epoch 1791331200 (2026-10-07 00:00:00 +0000 UTC)\n","type":"stderr"}
1791354573.743416153	{"data":"#22 rewriting layers with source-date-epoch 1791331200 (2026-10-07 00:00:00 +0000 UTC) 2.9s done\n","type":"stderr"}
1791354573.894894363	{"data":"#22 exporting manifest sha256:7160eefb4c0aa4f4c3b365e7045b3d80dbc9c339c026cca67da52bfac19e60bf done\n","type":"stderr"}
1791354573.897868165	{"data":"#22 exporting config sha256:f56b5d89739e55b462518c35c90c5b114f04325e4ed88c25155ac44eee0659ef done\n","type":"stderr"}
1791354574.586054957	{"data":"#22 exporting attestation manifest sha256:3f2cefdb50eb2e570e54d666f9a922cba8ef398754e320940305731d6e93c5e2\n","type":"stderr"}
1791354574.780661687	{"data":"#22 exporting attestation manifest sha256:3f2cefdb50eb2e570e54d666f9a922cba8ef398754e320940305731d6e93c5e2 0.0s done\n#22 exporting manifest list sha256:c257ec660a40e28681929ba77c8cb29b436f5090b9b42ea15eaaeb1fd19bc7ef done\n#22 sending tarball\n","type":"stderr"}
1791354575.177836012	{"data":"#22 sending tarball 0.5s done\n#22 DONE 4.4s\n","type":"stderr"}
1791354575.251278125	{"data":"sylphx-image-build: digest sha256:c257ec660a40e28681929ba77c8cb29b436f5090b9b42ea15eaaeb1fd19bc7ef manifest sha256:7160eefb4c0aa4f4c3b365e7045b3d80dbc9c339c026cca67da52bfac19e60bf\n","type":"stderr"}
1791354575.908204734	{"bytes_down":7948,"bytes_up":0,"duration_ms":11917,"exit_code":0,"from_store":0,"image":{"attestations":["sbom","provenance"],"digest":"sha256:c257ec660a40e28681929ba77c8cb29b436f5090b9b42ea15eaaeb1fd19bc7ef","frontend":"dockerfile","image_manifest_digest":"sha256:7160eefb4c0aa4f4c3b365e7045b3d80dbc9c339c026cca67da52bfac19e60bf","oci_out":"","process_sandbox":false,"pushed":"","schema":"sylphx.image-build/v1","snapshotter":"overlayfs","source_commit":"e8f86e396bd913dc3264ec28beaf71f395966d9b","source_date_epoch":1791331200},"outcome":"succeeded","retryable":false,"type":"result","workspace":"warm"}
