1791354507.938024294	{"lease":"orgs/ORG/projects/PROJECT/envs/ENV/leases/sbx-hztvh044","region":"","size":"standard","type":"queued"}
1791354508.961696454	{"bytes":405825,"bytes_up":83506,"duration_ms":1009,"files":37,"from_store":0,"full":true,"new_volume":false,"removed":0,"type":"sync","volume":true,"workspace":"cold"}
1791354509.242041907	{"cache":false,"lease":"orgs/ORG/projects/PROJECT/envs/ENV/leases/sbx-hztvh044","region":"","size":"standard","type":"running","volume":true,"workspace":"cold"}
1791354515.174877222	{"data":"BENCH_TOOL_SECONDS=5.6938\n","type":"stdout"}
1791354515.626393402	{"data":"Lockfile is up to date, resolution step is skipped\n","type":"stdout"}
1791354515.639694539	{"data":"Progress: resolved 1, reused 0, downloaded 0, added 0\n","type":"stdout"}
1791354515.727863769	{"data":"Packages: +52\n++++++++++++++++++++++++++++++++++++++++++++++++++++\n","type":"stdout"}
1791354515.905409341	{"data":"\n   ╭─────────────────────────────────────────╮\n   │                                         │\n   │   Update available! 10.34.6 → 12.9.1.   │\n   │   Changelog: https://pnpm.io/v/12.9.1   │\n   │    To update, run: pnpm self-update     │\n   │                                         │\n   ╰─────────────────────────────────────────╯\n\n","type":"stdout"}
1791354516.055507910	{"data":"Progress: resolved 52, reused 52, downloaded 0, added 52, done\n","type":"stdout"}
1791354516.174593938	{"data":"\ndependencies:\n+ next 16.1.4\n+ react 19.2.3\n+ react-dom 19.2.3\n\ndevDependencies:\n+ @tailwindcss/postcss 4.1.18\n+ @types/node 20.19.30\n+ @types/react 19.2.9\n+ @types/react-dom 19.2.3\n+ tailwindcss 4.1.18\n+ typescript 5.9.3\n\n","type":"stdout"}
1791354516.196462661	{"data":"Done in 969ms using pnpm v10.34.6\n","type":"stdout"}
1791354516.566444325	{"data":"\n> @ build /workspace/tree/nextjs\n> next build\n\n","type":"stdout"}
1791354517.669530157	{"data":"Attention: Next.js now collects completely anonymous telemetry regarding usage.\n","type":"stdout"}
1791354517.670781615	{"data":"This information is used to shape Next.js' roadmap and prioritize features.\n","type":"stdout"}
1791354517.672163799	{"data":"You can learn more, including how to opt-out if you'd not like to participate in this anonymous program, by visiting the following URL:\n","type":"stdout"}
1791354517.673478852	{"data":"https://nextjs.org/telemetry\n","type":"stdout"}
1791354517.674697451	{"data":"\n","type":"stdout"}
1791354517.699152183	{"data":"▲ Next.js 16.1.4 (Turbopack)\n","type":"stdout"}
1791354517.700441717	{"data":"\n","type":"stdout"}
1791354517.740400532	{"data":"  Creating an optimized production build ...\n","type":"stdout"}
1791354522.597132038	{"data":"✓ Compiled successfully in 4.4s\n","type":"stdout"}
1791354522.618843033	{"data":"  Running TypeScript ...\n","type":"stdout"}
1791354524.199815772	{"data":"  Collecting page data using 8 workers ...\n","type":"stdout"}
1791354524.597951149	{"data":"  Generating static pages using 8 workers (0/4) ...\n","type":"stdout"}
1791354524.861660522	{"data":"  Generating static pages using 8 workers (1/4) \r\n","type":"stdout"}
1791354524.864188354	{"data":"  Generating static pages using 8 workers (2/4) \r\n","type":"stdout"}
1791354524.865570768	{"data":"  Generating static pages using 8 workers (3/4) \r\n","type":"stdout"}
1791354524.866956938	{"data":"✓ Generating static pages using 8 workers (4/4) in 260.7ms\n","type":"stdout"}
1791354524.868341646	{"data":"  Finalizing page optimization ...\n","type":"stdout"}
1791354525.058773822	{"data":"\n","type":"stdout"}
1791354525.060209567	{"data":"Route (app)\n┌ ○ /\n└ ○ /_not-found\n\n\n","type":"stdout"}
1791354525.061666422	{"data":"○  (Static)  prerendered as static content\n\n","type":"stdout"}
1791354525.419045388	{"data":"BENCH_CMD_SECONDS=10.2315\n","type":"stdout"}
1791354525.988608757	{"bytes_down":3943,"bytes_up":83506,"duration_ms":23637,"exit_code":0,"from_store":0,"outcome":"succeeded","retryable":false,"type":"result","workspace":"cold"}
