1791354556.480950265	{"lease":"orgs/ORG/projects/PROJECT/envs/ENV/leases/sbx-45489t0b","region":"","size":"standard","type":"queued"}
1791354557.582609886	{"bytes":431783,"bytes_up":90216,"duration_ms":1072,"files":41,"from_store":0,"full":true,"new_volume":false,"removed":0,"type":"sync","volume":true,"workspace":"cold"}
1791354557.869571417	{"cache":false,"lease":"orgs/ORG/projects/PROJECT/envs/ENV/leases/sbx-45489t0b","region":"","size":"standard","type":"running","volume":true,"workspace":"cold"}
1791354564.531178130	{"data":"BENCH_TOOL_SECONDS=6.42814\n","type":"stdout"}
1791354565.068750158	{"data":"Lockfile is up to date, resolution step is skipped\n","type":"stdout"}
1791354565.085069694	{"data":"Progress: resolved 1, reused 0, downloaded 0, added 0\n","type":"stdout"}
1791354565.164533122	{"data":"Packages: +52\n++++++++++++++++++++++++++++++++++++++++++++++++++++\n","type":"stdout"}
1791354565.299929732	{"data":"\n   ╭─────────────────────────────────────────╮\n   │                                         │\n   │   Update available! 10.34.6 → 12.9.1.   │\n   │   Changelog: https://pnpm.io/v/12.9.1   │\n   │    To update, run: pnpm self-update     │\n   │                                         │\n   ╰─────────────────────────────────────────╯\n\n","type":"stdout"}
1791354565.748030808	{"data":"Progress: resolved 52, reused 52, downloaded 0, added 52, done\n","type":"stdout"}
1791354565.835994639	{"data":"\ndependencies:\n+ next 16.1.4\n+ react 19.2.3\n+ react-dom 19.2.3\n\ndevDependencies:\n+ @tailwindcss/postcss 4.1.18\n+ @types/node 20.19.30\n+ @types/react 19.2.9\n+ @types/react-dom 19.2.3\n+ tailwindcss 4.1.18\n+ typescript 5.9.3\n\n","type":"stdout"}
1791354565.852149569	{"data":"Done in 1.2s using pnpm v10.34.6\n","type":"stdout"}
1791354566.250595731	{"data":"\n> @ build /workspace/tree/nextjs\n> next build\n\n","type":"stdout"}
1791354567.514526115	{"data":"Attention: Next.js now collects completely anonymous telemetry regarding usage.\n","type":"stdout"}
1791354567.517734549	{"data":"This information is used to shape Next.js' roadmap and prioritize features.\nYou can learn more, including how to opt-out if you'd not like to participate in this anonymous program, by visiting the following URL:\n","type":"stdout"}
1791354567.519420368	{"data":"https://nextjs.org/telemetry\n","type":"stdout"}
1791354567.521127520	{"data":"\n","type":"stdout"}
1791354567.525607061	{"data":"▲ Next.js 16.1.4 (Turbopack)\n","type":"stdout"}
1791354567.526954432	{"data":"\n","type":"stdout"}
1791354567.558622648	{"data":"  Creating an optimized production build ...\n","type":"stdout"}
1791354573.184119710	{"data":"✓ Compiled successfully in 5.2s\n","type":"stdout"}
1791354573.209196425	{"data":"  Running TypeScript ...\n","type":"stdout"}
1791354574.941037327	{"data":"  Collecting page data using 8 workers ...\n","type":"stdout"}
1791354575.427002674	{"data":"  Generating static pages using 8 workers (0/4) ...\n","type":"stdout"}
1791354575.701388645	{"data":"  Generating static pages using 8 workers (1/4) \r\n","type":"stdout"}
1791354575.703498200	{"data":"  Generating static pages using 8 workers (2/4) \r\n","type":"stdout"}
1791354575.705730429	{"data":"  Generating static pages using 8 workers (3/4) \r\n","type":"stdout"}
1791354575.707102919	{"data":"✓ Generating static pages using 8 workers (4/4) in 282.6ms\n","type":"stdout"}
1791354575.712377062	{"data":"  Finalizing page optimization ...\n","type":"stdout"}
1791354575.863690194	{"data":"\n","type":"stdout"}
1791354575.869713952	{"data":"Route (app)\n┌ ○ /\n└ ○ /_not-found\n\n","type":"stdout"}
1791354575.871141925	{"data":"\n","type":"stdout"}
1791354575.872464319	{"data":"○  (Static)  prerendered as static content\n","type":"stdout"}
1791354575.873828736	{"data":"\n","type":"stdout"}
1791354576.278316213	{"data":"BENCH_CMD_SECONDS=11.7283\n","type":"stdout"}
1791354576.863621190	{"bytes_down":3976,"bytes_up":90216,"duration_ms":25278,"exit_code":0,"from_store":0,"outcome":"succeeded","retryable":false,"type":"result","workspace":"cold"}
