1791354455.556779229	{"lease":"orgs/ORG/projects/PROJECT/envs/ENV/leases/sbx-r37afkm8","region":"","size":"standard","type":"queued"}
1791354456.242418241	{"bytes":4563414,"bytes_up":1649793,"duration_ms":670,"files":691,"from_store":0,"full":true,"new_volume":false,"removed":0,"type":"sync","volume":true,"workspace":"cold"}
1791354456.526271308	{"cache":false,"lease":"orgs/ORG/projects/PROJECT/envs/ENV/leases/sbx-r37afkm8","region":"","size":"standard","type":"running","volume":true,"workspace":"cold"}
1791354463.894893816	{"data":"BENCH_TOOL_SECONDS=6.97046\n","type":"stdout"}
1791354463.973825797	{"data":"go: downloading github.com/KimMachineGun/automemlimit v1.0.0\n","type":"stderr"}
1791354463.975116914	{"data":"go: downloading github.com/aryann/difflib v0.0.0-20210328193216-ff5ff6dc229b\n","type":"stderr"}
1791354463.976448922	{"data":"go: downloading github.com/caddyserver/certmagic v0.25.6\n","type":"stderr"}
1791354463.977976164	{"data":"go: downloading github.com/spf13/cobra v1.10.2\n","type":"stderr"}
1791354463.979291027	{"data":"go: downloading github.com/spf13/pflag v1.0.10\n","type":"stderr"}
1791354463.980626731	{"data":"go: downloading go.uber.org/automaxprocs v1.6.0\n","type":"stderr"}
1791354464.024853489	{"data":"go: downloading go.uber.org/zap v1.28.0\n","type":"stderr"}
1791354464.119225246	{"data":"go: downloading go.uber.org/zap/exp v0.3.0\n","type":"stderr"}
1791354464.176126100	{"data":"go: downloading golang.org/x/crypto/x509roots/fallback v0.0.0-20260929172509-b39ff6d641ec\n","type":"stderr"}
1791354464.204110388	{"data":"go: downloading golang.org/x/crypto v0.57.0\n","type":"stderr"}
1791354464.225882926	{"data":"go: downloading github.com/smallstep/certificates v0.30.2\n","type":"stderr"}
1791354464.231926114	{"data":"go: downloading github.com/smallstep/truststore v0.13.0\n","type":"stderr"}
1791354464.233314177	{"data":"go: downloading go.step.sm/crypto v0.91.0\n","type":"stderr"}
1791354464.293409554	{"data":"go: downloading github.com/go-chi/chi/v5 v5.3.2\n","type":"stderr"}
1791354464.568205291	{"data":"go: downloading github.com/smallstep/nosql v0.8.0\n","type":"stderr"}
1791354464.606975863	{"data":"go: downloading go.etcd.io/bbolt v1.5.0\n","type":"stderr"}
1791354464.635271909	{"data":"go: downloading github.com/caddyserver/zerossl v0.1.6\n","type":"stderr"}
1791354464.636588284	{"data":"go: downloading github.com/cloudflare/circl v1.6.5\n","type":"stderr"}
1791354464.637967133	{"data":"go: downloading github.com/klauspost/cpuid/v2 v2.4.0\n","type":"stderr"}
1791354464.639251911	{"data":"go: downloading github.com/libdns/libdns v1.1.1\n","type":"stderr"}
1791354464.640541666	{"data":"go: downloading github.com/mholt/acmez/v3 v3.1.7\n","type":"stderr"}
1791354464.661328044	{"data":"go: downloading github.com/tailscale/tscert v0.0.0-20251216020129-aea342f6d747\n","type":"stderr"}
1791354464.674811515	{"data":"go: downloading golang.org/x/net v0.59.0\n","type":"stderr"}
1791354464.690313594	{"data":"go: downloading github.com/prometheus/client_golang v1.24.1\n","type":"stderr"}
1791354464.693996029	{"data":"go: downloading github.com/DeRuina/timberjack v1.4.8\n","type":"stderr"}
1791354464.707874132	{"data":"go: downloading github.com/dustin/go-humanize v1.1.0\n","type":"stderr"}
1791354464.715127976	{"data":"go: downloading golang.org/x/term v0.46.0\n","type":"stderr"}
1791354464.764675488	{"data":"go: downloading github.com/cespare/xxhash/v2 v2.3.0\n","type":"stderr"}
1791354464.766021498	{"data":"go: downloading github.com/google/uuid v1.6.0\n","type":"stderr"}
1791354464.787333083	{"data":"go: downloading github.com/cespare/xxhash v1.1.0\n","type":"stderr"}
1791354464.798942112	{"data":"go: downloading github.com/quic-go/quic-go v0.63.0\n","type":"stderr"}
1791354464.836999003	{"data":"go: downloading golang.org/x/sys v0.48.0\ngo: downloading golang.org/x/time v0.16.0\n","type":"stderr"}
1791354464.919953869	{"data":"go: downloading github.com/miekg/dns v1.1.73\n","type":"stderr"}
1791354465.008821678	{"data":"go: downloading github.com/zeebo/blake3 v0.2.4\n","type":"stderr"}
1791354465.081702009	{"data":"go: downloading github.com/cpuguy83/go-md2man/v2 v2.0.7\n","type":"stderr"}
1791354465.110915601	{"data":"go: downloading go.yaml.in/yaml/v3 v3.0.5\n","type":"stderr"}
1791354465.152210220	{"data":"go: downloading github.com/pbnjay/memory v0.0.0-20210728143218-7b4eea64cf58\n","type":"stderr"}
1791354465.197680444	{"data":"go: downloading go.uber.org/multierr v1.11.0\n","type":"stderr"}
1791354465.200878783	{"data":"go: downloading cel.dev/cel-go v0.32.0\n","type":"stderr"}
1791354465.468124832	{"data":"go: downloading github.com/dunglas/httpsfv v1.1.1\ngo: downloading github.com/dunglas/go-urlpattern v1.0.0\n","type":"stderr"}
1791354465.469478303	{"data":"go: downloading go.opentelemetry.io/contrib/bridges/prometheus v0.71.0\ngo: downloading go.opentelemetry.io/contrib/exporters/autoexport v0.71.0\n","type":"stderr"}
1791354465.470782109	{"data":"go: downloading go.opentelemetry.io/otel/sdk/metric v1.46.0\n","type":"stderr"}
1791354465.472140297	{"data":"go: downloading go.opentelemetry.io/otel/sdk v1.46.0\n","type":"stderr"}
1791354465.500753058	{"data":"go: downloading go.opentelemetry.io/otel v1.46.0\n","type":"stderr"}
1791354465.531347663	{"data":"go: downloading github.com/pkg/errors v0.9.1\n","type":"stderr"}
1791354465.533028645	{"data":"go: downloading github.com/smallstep/cli-utils v0.12.2\n","type":"stderr"}
1791354465.646152948	{"data":"go: downloading github.com/smallstep/linkedca v0.26.0\n","type":"stderr"}
1791354465.695568161	{"data":"go: downloading google.golang.org/grpc v1.83.2\n","type":"stderr"}
1791354465.745378658	{"data":"go: downloading google.golang.org/protobuf v1.36.12\n","type":"stderr"}
1791354466.432669267	{"data":"go: downloading github.com/coreos/go-oidc/v3 v3.21.0\n","type":"stderr"}
1791354466.471604656	{"data":"go: downloading github.com/fxamacker/cbor/v2 v2.9.4\n","type":"stderr"}
1791354466.486449079	{"data":"go: downloading github.com/google/go-tpm v0.9.8\n","type":"stderr"}
1791354466.487823301	{"data":"go: downloading github.com/smallstep/go-attestation v0.4.4-0.20260814222900-a849f4e2cd68\n","type":"stderr"}
1791354466.490790273	{"data":"go: downloading github.com/slackhq/nebula v1.11.2\n","type":"stderr"}
1791354466.549462325	{"data":"go: downloading github.com/klauspost/compress v1.20.1\n","type":"stderr"}
1791354466.629596049	{"data":"go: downloading golang.org/x/sync v0.23.0\n","type":"stderr"}
1791354466.636609512	{"data":"go: downloading github.com/pires/go-proxyproto v0.15.0\n","type":"stderr"}
1791354466.641750245	{"data":"go: downloading github.com/BurntSushi/toml v1.6.0\n","type":"stderr"}
1791354466.661571415	{"data":"go: downloading github.com/Masterminds/sprig/v3 v3.3.0\n","type":"stderr"}
1791354466.704863020	{"data":"go: downloading github.com/alecthomas/chroma/v2 v2.27.0\n","type":"stderr"}
1791354466.738177876	{"data":"go: downloading github.com/yuin/goldmark v1.8.6\n","type":"stderr"}
1791354466.763825648	{"data":"go: downloading github.com/yuin/goldmark-highlighting/v2 v2.0.0-20230729083705-37449abec8cc\n","type":"stderr"}
1791354466.841368425	{"data":"go: downloading gopkg.in/yaml.v3 v3.0.1\n","type":"stderr"}
1791354466.842716337	{"data":"go: downloading go.opentelemetry.io/contrib/instrumentation/net/http/otelhttp v0.71.0\n","type":"stderr"}
1791354466.856008350	{"data":"go: downloading go.opentelemetry.io/contrib/propagators/autoprop v0.71.0\n","type":"stderr"}
1791354466.857338486	{"data":"go: downloading go.opentelemetry.io/otel/trace v1.46.0\n","type":"stderr"}
1791354466.903142121	{"data":"go: downloading github.com/beorn7/perks v1.0.1\n","type":"stderr"}
1791354466.904489392	{"data":"go: downloading github.com/prometheus/client_model v0.6.3\n","type":"stderr"}
1791354466.905789663	{"data":"go: downloading github.com/prometheus/common v0.71.0\n","type":"stderr"}
1791354466.931871948	{"data":"go: downloading github.com/prometheus/procfs v0.22.0\n","type":"stderr"}
1791354466.952369643	{"data":"go: downloading github.com/russross/blackfriday/v2 v2.1.0\n","type":"stderr"}
1791354467.051718767	{"data":"go: downloading github.com/quic-go/qpack v0.6.0\n","type":"stderr"}
1791354467.074860690	{"data":"go: downloading golang.org/x/text v0.42.0\n","type":"stderr"}
1791354467.096739927	{"data":"go: downloading cel.dev/expr v0.25.3\n","type":"stderr"}
1791354467.202662766	{"data":"go: downloading google.golang.org/genproto/googleapis/api v0.0.0-20260921155816-b14227669459\n","type":"stderr"}
1791354467.266205395	{"data":"go: downloading github.com/antlr4-go/antlr/v4 v4.13.1\n","type":"stderr"}
1791354467.321731688	{"data":"go: downloading go.opentelemetry.io/otel/exporters/otlp/otlplog/otlploggrpc v0.22.0\n","type":"stderr"}
1791354467.363345396	{"data":"go: downloading go.opentelemetry.io/otel/exporters/otlp/otlplog/otlploghttp v0.22.0\n","type":"stderr"}
1791354467.407252545	{"data":"go: downloading go.opentelemetry.io/otel/exporters/otlp/otlpmetric/otlpmetricgrpc v1.46.0\n","type":"stderr"}
1791354467.468172730	{"data":"go: downloading go.opentelemetry.io/otel/exporters/otlp/otlpmetric/otlpmetrichttp v1.46.0\n","type":"stderr"}
1791354467.525637952	{"data":"go: downloading go.opentelemetry.io/otel/exporters/otlp/otlptrace/otlptracegrpc v1.46.0\n","type":"stderr"}
1791354467.573802819	{"data":"go: downloading go.opentelemetry.io/otel/exporters/otlp/otlptrace v1.46.0\n","type":"stderr"}
1791354467.607593449	{"data":"go: downloading go.opentelemetry.io/otel/exporters/otlp/otlptrace/otlptracehttp v1.46.0\n","type":"stderr"}
1791354467.663867313	{"data":"go: downloading go.opentelemetry.io/otel/exporters/prometheus v0.68.0\n","type":"stderr"}
1791354467.721786185	{"data":"go: downloading go.opentelemetry.io/otel/exporters/stdout/stdoutlog v0.22.0\n","type":"stderr"}
1791354467.752076894	{"data":"go: downloading go.opentelemetry.io/otel/exporters/stdout/stdoutmetric v1.46.0\n","type":"stderr"}
1791354467.784089916	{"data":"go: downloading go.opentelemetry.io/otel/exporters/stdout/stdouttrace v1.46.0\n","type":"stderr"}
1791354467.817744252	{"data":"go: downloading go.opentelemetry.io/otel/sdk/log v0.22.0\n","type":"stderr"}
1791354467.853804016	{"data":"go: downloading github.com/nlnwa/whatwg-url v0.6.2\n","type":"stderr"}
1791354467.856176296	{"data":"go: downloading golang.org/x/exp v0.0.0-20260908205506-85c1c2202aba\n","type":"stderr"}
1791354467.858681975	{"data":"go: downloading filippo.io/edwards25519 v1.2.0\n","type":"stderr"}
1791354467.902185639	{"data":"go: downloading github.com/dgraph-io/badger v1.6.2\n","type":"stderr"}
1791354467.903537868	{"data":"go: downloading github.com/dgraph-io/badger/v2 v2.2007.4\n","type":"stderr"}
1791354467.904990136	{"data":"go: downloading github.com/go-sql-driver/mysql v1.10.1\n","type":"stderr"}
1791354467.966301559	{"data":"go: downloading github.com/jackc/pgx/v5 v5.11.0\n","type":"stderr"}
1791354467.997209874	{"data":"go: downloading github.com/ccoveille/go-safecast/v2 v2.0.1\n","type":"stderr"}
1791354468.017763614	{"data":"go: downloading github.com/smallstep/pkcs7 v0.2.3\n","type":"stderr"}
1791354468.020418196	{"data":"go: downloading github.com/smallstep/scep v0.0.0-20260331191114-261f960a40d1\n","type":"stderr"}
1791354468.065837825	{"data":"go: downloading github.com/go-jose/go-jose/v3 v3.0.5\n","type":"stderr"}
1791354468.138887139	{"data":"go: downloading github.com/urfave/cli v1.22.17\ngo: downloading github.com/chzyer/readline v1.5.1\n","type":"stderr"}
1791354468.140240489	{"data":"go: downloading github.com/manifoldco/promptui v0.9.0\n","type":"stderr"}
1791354468.174213553	{"data":"go: downloading github.com/go-jose/go-jose/v4 v4.1.5\n","type":"stderr"}
1791354468.192236976	{"data":"go: downloading golang.org/x/oauth2 v0.37.0\n","type":"stderr"}
1791354468.193733641	{"data":"go: downloading go.opentelemetry.io/otel/metric v1.46.0\n","type":"stderr"}
1791354468.229566325	{"data":"go: downloading github.com/sirupsen/logrus v1.10.2\n","type":"stderr"}
1791354468.230781058	{"data":"go: downloading github.com/x448/float16 v0.8.4\n","type":"stderr"}
1791354468.233530563	{"data":"go: downloading github.com/rs/xid v1.6.0\n","type":"stderr"}
1791354468.234889141	{"data":"go: downloading google.golang.org/api v0.298.0\n","type":"stderr"}
1791354468.259315481	{"data":"go: downloading github.com/google/go-tspi v0.3.0\n","type":"stderr"}
1791354468.265043115	{"data":"go: downloading dario.cat/mergo v1.0.2\n","type":"stderr"}
1791354468.266999290	{"data":"go: downloading github.com/Masterminds/goutils v1.1.1\n","type":"stderr"}
1791354468.292437958	{"data":"go: downloading github.com/Masterminds/semver/v3 v3.5.0\n","type":"stderr"}
1791354468.294734574	{"data":"go: downloading github.com/huandu/xstrings v1.6.1\n","type":"stderr"}
1791354468.295973443	{"data":"go: downloading github.com/mitchellh/copystructure v1.2.0\n","type":"stderr"}
1791354468.299003049	{"data":"go: downloading github.com/shopspring/decimal v1.4.0\n","type":"stderr"}
1791354468.314752990	{"data":"go: downloading github.com/spf13/cast v1.10.0\n","type":"stderr"}
1791354468.326266275	{"data":"go: downloading github.com/felixge/httpsnoop v1.1.0\n","type":"stderr"}
1791354468.330275951	{"data":"go: downloading go.opentelemetry.io/contrib/propagators/aws v1.46.0\n","type":"stderr"}
1791354468.331598896	{"data":"go: downloading go.opentelemetry.io/contrib/propagators/b3 v1.46.0\n","type":"stderr"}
1791354468.332855992	{"data":"go: downloading go.opentelemetry.io/contrib/propagators/jaeger v1.46.0\n","type":"stderr"}
1791354468.350203631	{"data":"go: downloading go.opentelemetry.io/contrib/propagators/ot v1.46.0\n","type":"stderr"}
1791354468.361012238	{"data":"go: downloading github.com/mitchellh/go-ps v1.0.0\n","type":"stderr"}
1791354468.363029705	{"data":"go: downloading github.com/munnerz/goautoneg v0.0.0-20191010083416-a7dc8b61c822\n","type":"stderr"}
1791354468.365195935	{"data":"go: downloading google.golang.org/genproto/googleapis/rpc v0.0.0-20260921155816-b14227669459\n","type":"stderr"}
1791354468.371734596	{"data":"go: downloading github.com/go-logr/logr v1.4.4\n","type":"stderr"}
1791354468.375046125	{"data":"go: downloading go.opentelemetry.io/proto/otlp v1.11.0\n","type":"stderr"}
1791354468.416111820	{"data":"go: downloading go.opentelemetry.io/otel/log v0.22.0\n","type":"stderr"}
1791354468.417497539	{"data":"go: downloading github.com/prometheus/otlptranslator v1.0.0\n","type":"stderr"}
1791354468.425085634	{"data":"go: downloading github.com/bits-and-blooms/bitset v1.25.0\n","type":"stderr"}
1791354468.451322231	{"data":"go: downloading github.com/dgraph-io/ristretto v0.2.0\n","type":"stderr"}
1791354468.452669061	{"data":"go: downloading github.com/golang/protobuf v1.5.4\n","type":"stderr"}
1791354468.454015592	{"data":"go: downloading github.com/dgryski/go-farm v0.0.0-20240924180020-3414d57e47da\n","type":"stderr"}
1791354468.473145334	{"data":"go: downloading github.com/go-logr/stdr v1.2.2\n","type":"stderr"}
1791354468.485537808	{"data":"go: downloading go.opentelemetry.io/auto/sdk v1.2.1\n","type":"stderr"}
1791354468.502060459	{"data":"go: downloading github.com/google/certificate-transparency-go v1.3.3\n","type":"stderr"}
1791354468.526172376	{"data":"go: downloading github.com/mitchellh/reflectwalk v1.0.2\n","type":"stderr"}
1791354468.535466121	{"data":"go: downloading filippo.io/bigmod v0.1.0\n","type":"stderr"}
1791354468.539087995	{"data":"go: downloading github.com/dlclark/regexp2/v2 v2.8.0\n","type":"stderr"}
1791354468.545798003	{"data":"go: downloading github.com/cenkalti/backoff/v5 v5.0.3\n","type":"stderr"}
1791354468.557153681	{"data":"go: downloading github.com/grpc-ecosystem/grpc-gateway/v2 v2.30.0\n","type":"stderr"}
1791354468.579244967	{"data":"go: downloading github.com/AndreasBriese/bbloom v0.0.0-20190825152654-46b345b51c96\n","type":"stderr"}
1791354468.581809365	{"data":"go: downloading github.com/golang/snappy v1.0.0\n","type":"stderr"}
1791354468.595631253	{"data":"go: downloading github.com/jackc/pgpassfile v1.0.0\n","type":"stderr"}
1791354468.606932179	{"data":"go: downloading github.com/jackc/pgservicefile v0.0.0-20240606120523-5a60cdf6a761\n","type":"stderr"}
1791354468.617346275	{"data":"go: downloading github.com/jackc/puddle/v2 v2.2.2\n","type":"stderr"}
1791354468.623130834	{"data":"go: downloading github.com/mgutz/ansi v0.0.0-20200706080929-d51e80ef957d\n","type":"stderr"}
1791354468.629271177	{"data":"go: downloading github.com/shurcooL/sanitized_anchor_name v1.0.0\n","type":"stderr"}
1791354468.652674382	{"data":"go: downloading github.com/mattn/go-colorable v0.1.15\n","type":"stderr"}
1791354468.685556689	{"data":"go: downloading github.com/mattn/go-isatty v0.0.24\n","type":"stderr"}
1791354474.655048270	{"data":"go: downloading cloud.google.com/go/auth v0.23.3\n","type":"stderr"}
1791354474.657829233	{"data":"go: downloading github.com/googleapis/gax-go/v2 v2.25.0\n","type":"stderr"}
1791354474.659776384	{"data":"go: downloading cloud.google.com/go/auth/oauth2adapt v0.2.8\n","type":"stderr"}
1791354474.718267095	{"data":"go: downloading cloud.google.com/go/compute/metadata v0.9.1\ngo: downloading github.com/googleapis/enterprise-certificate-proxy v0.3.22\ngo: downloading github.com/google/s2a-go v0.1.10\n","type":"stderr"}
1791354510.652159584	{"data":"BENCH_CMD_SECONDS=46.7592\n","type":"stdout"}
1791354511.007498298	{"bytes_down":18247,"bytes_up":1649793,"duration_ms":58624,"exit_code":0,"from_store":0,"outcome":"succeeded","retryable":false,"type":"result","workspace":"cold"}
