1791354516.464583612	{"lease":"orgs/ORG/projects/PROJECT/envs/ENV/leases/sbx-296hbyx5","region":"","size":"standard","type":"queued"}
1791354517.183421184	{"bytes":4563414,"bytes_up":1649793,"duration_ms":656,"files":691,"from_store":0,"full":true,"new_volume":false,"removed":0,"type":"sync","volume":true,"workspace":"cold"}
1791354517.406726524	{"cache":false,"lease":"orgs/ORG/projects/PROJECT/envs/ENV/leases/sbx-296hbyx5","region":"","size":"standard","type":"running","volume":true,"workspace":"cold"}
1791354525.156314013	{"data":"BENCH_TOOL_SECONDS=7.39135\n","type":"stdout"}
1791354525.244266358	{"data":"go: downloading github.com/KimMachineGun/automemlimit v1.0.0\n","type":"stderr"}
1791354525.245700520	{"data":"go: downloading github.com/aryann/difflib v0.0.0-20210328193216-ff5ff6dc229b\n","type":"stderr"}
1791354525.247029724	{"data":"go: downloading github.com/caddyserver/certmagic v0.25.6\n","type":"stderr"}
1791354525.248227090	{"data":"go: downloading github.com/spf13/cobra v1.10.2\n","type":"stderr"}
1791354525.249477917	{"data":"go: downloading github.com/spf13/pflag v1.0.10\n","type":"stderr"}
1791354525.250970416	{"data":"go: downloading go.uber.org/automaxprocs v1.6.0\n","type":"stderr"}
1791354525.304501145	{"data":"go: downloading go.uber.org/zap v1.28.0\n","type":"stderr"}
1791354525.393551357	{"data":"go: downloading go.uber.org/zap/exp v0.3.0\n","type":"stderr"}
1791354525.455640195	{"data":"go: downloading golang.org/x/crypto/x509roots/fallback v0.0.0-20260929172509-b39ff6d641ec\n","type":"stderr"}
1791354525.487956083	{"data":"go: downloading golang.org/x/crypto v0.57.0\n","type":"stderr"}
1791354525.525841166	{"data":"go: downloading github.com/smallstep/certificates v0.30.2\n","type":"stderr"}
1791354525.529129219	{"data":"go: downloading github.com/smallstep/truststore v0.13.0\n","type":"stderr"}
1791354525.533715821	{"data":"go: downloading go.step.sm/crypto v0.91.0\n","type":"stderr"}
1791354525.728269742	{"data":"go: downloading github.com/go-chi/chi/v5 v5.3.2\n","type":"stderr"}
1791354525.890386734	{"data":"go: downloading github.com/smallstep/nosql v0.8.0\n","type":"stderr"}
1791354525.943508459	{"data":"go: downloading go.etcd.io/bbolt v1.5.0\n","type":"stderr"}
1791354525.963311040	{"data":"go: downloading github.com/prometheus/client_golang v1.24.1\n","type":"stderr"}
1791354525.964748187	{"data":"go: downloading github.com/DeRuina/timberjack v1.4.8\n","type":"stderr"}
1791354525.966109549	{"data":"go: downloading github.com/dustin/go-humanize v1.1.0\n","type":"stderr"}
1791354525.967506766	{"data":"go: downloading golang.org/x/term v0.46.0\n","type":"stderr"}
1791354525.982408655	{"data":"go: downloading github.com/caddyserver/zerossl v0.1.6\n","type":"stderr"}
1791354525.995118845	{"data":"go: downloading github.com/cloudflare/circl v1.6.5\n","type":"stderr"}
1791354526.008770979	{"data":"go: downloading github.com/klauspost/cpuid/v2 v2.4.0\n","type":"stderr"}
1791354526.010539022	{"data":"go: downloading github.com/libdns/libdns v1.1.1\n","type":"stderr"}
1791354526.015678313	{"data":"go: downloading github.com/mholt/acmez/v3 v3.1.7\n","type":"stderr"}
1791354526.055319721	{"data":"go: downloading github.com/tailscale/tscert v0.0.0-20251216020129-aea342f6d747\n","type":"stderr"}
1791354526.070647179	{"data":"go: downloading golang.org/x/net v0.59.0\n","type":"stderr"}
1791354526.110487896	{"data":"go: downloading github.com/cespare/xxhash/v2 v2.3.0\ngo: downloading github.com/google/uuid v1.6.0\n","type":"stderr"}
1791354526.127203176	{"data":"go: downloading github.com/quic-go/quic-go v0.63.0\n","type":"stderr"}
1791354526.139290993	{"data":"go: downloading github.com/cespare/xxhash v1.1.0\n","type":"stderr"}
1791354526.152106852	{"data":"go: downloading golang.org/x/sys v0.48.0\n","type":"stderr"}
1791354526.170678637	{"data":"go: downloading golang.org/x/time v0.16.0\n","type":"stderr"}
1791354526.262400708	{"data":"go: downloading github.com/cpuguy83/go-md2man/v2 v2.0.7\n","type":"stderr"}
1791354526.292398177	{"data":"go: downloading go.yaml.in/yaml/v3 v3.0.5\n","type":"stderr"}
1791354526.341007150	{"data":"go: downloading github.com/miekg/dns v1.1.73\n","type":"stderr"}
1791354526.424940344	{"data":"go: downloading github.com/zeebo/blake3 v0.2.4\n","type":"stderr"}
1791354526.481207749	{"data":"go: downloading github.com/pbnjay/memory v0.0.0-20210728143218-7b4eea64cf58\n","type":"stderr"}
1791354526.566044849	{"data":"go: downloading go.uber.org/multierr v1.11.0\n","type":"stderr"}
1791354526.582653299	{"data":"go: downloading cel.dev/cel-go v0.32.0\n","type":"stderr"}
1791354526.817975258	{"data":"go: downloading github.com/dunglas/httpsfv v1.1.1\n","type":"stderr"}
1791354526.819414718	{"data":"go: downloading go.opentelemetry.io/contrib/bridges/prometheus v0.71.0\n","type":"stderr"}
1791354526.820854759	{"data":"go: downloading github.com/dunglas/go-urlpattern v1.0.0\n","type":"stderr"}
1791354526.822215841	{"data":"go: downloading go.opentelemetry.io/contrib/exporters/autoexport v0.71.0\n","type":"stderr"}
1791354526.823596913	{"data":"go: downloading go.opentelemetry.io/otel/sdk/metric v1.46.0\n","type":"stderr"}
1791354526.825416283	{"data":"go: downloading go.opentelemetry.io/otel/sdk v1.46.0\n","type":"stderr"}
1791354526.854543205	{"data":"go: downloading go.opentelemetry.io/otel v1.46.0\n","type":"stderr"}
1791354526.874211996	{"data":"go: downloading golang.org/x/sync v0.23.0\n","type":"stderr"}
1791354526.875686949	{"data":"go: downloading github.com/klauspost/compress v1.20.1\n","type":"stderr"}
1791354526.972977906	{"data":"go: downloading github.com/pires/go-proxyproto v0.15.0\n","type":"stderr"}
1791354527.030898170	{"data":"go: downloading github.com/BurntSushi/toml v1.6.0\n","type":"stderr"}
1791354527.360106668	{"data":"go: downloading github.com/Masterminds/sprig/v3 v3.3.0\n","type":"stderr"}
1791354527.404479957	{"data":"go: downloading github.com/alecthomas/chroma/v2 v2.27.0\n","type":"stderr"}
1791354527.698017373	{"data":"go: downloading github.com/yuin/goldmark v1.8.6\n","type":"stderr"}
1791354527.699505326	{"data":"go: downloading github.com/yuin/goldmark-highlighting/v2 v2.0.0-20230729083705-37449abec8cc\n","type":"stderr"}
1791354527.791792154	{"data":"go: downloading gopkg.in/yaml.v3 v3.0.1\n","type":"stderr"}
1791354527.793241298	{"data":"go: downloading go.opentelemetry.io/contrib/instrumentation/net/http/otelhttp v0.71.0\n","type":"stderr"}
1791354527.794564824	{"data":"go: downloading go.opentelemetry.io/contrib/propagators/autoprop v0.71.0\n","type":"stderr"}
1791354527.818807318	{"data":"go: downloading go.opentelemetry.io/otel/trace v1.46.0\n","type":"stderr"}
1791354527.839377912	{"data":"go: downloading github.com/pkg/errors v0.9.1\n","type":"stderr"}
1791354527.842868760	{"data":"go: downloading github.com/smallstep/cli-utils v0.12.2\n","type":"stderr"}
1791354527.873446189	{"data":"go: downloading github.com/smallstep/linkedca v0.26.0\n","type":"stderr"}
1791354527.876789074	{"data":"go: downloading google.golang.org/grpc v1.83.2\n","type":"stderr"}
1791354527.952423056	{"data":"go: downloading google.golang.org/protobuf v1.36.12\n","type":"stderr"}
1791354527.954923929	{"data":"go: downloading github.com/coreos/go-oidc/v3 v3.21.0\n","type":"stderr"}
1791354528.025553883	{"data":"go: downloading github.com/fxamacker/cbor/v2 v2.9.4\n","type":"stderr"}
1791354528.084144192	{"data":"go: downloading github.com/google/go-tpm v0.9.8\n","type":"stderr"}
1791354528.204730982	{"data":"go: downloading github.com/smallstep/go-attestation v0.4.4-0.20260814222900-a849f4e2cd68\n","type":"stderr"}
1791354528.301082299	{"data":"go: downloading github.com/slackhq/nebula v1.11.2\n","type":"stderr"}
1791354528.593648919	{"data":"go: downloading github.com/beorn7/perks v1.0.1\n","type":"stderr"}
1791354528.595681979	{"data":"go: downloading github.com/prometheus/client_model v0.6.3\n","type":"stderr"}
1791354528.620855740	{"data":"go: downloading github.com/prometheus/common v0.71.0\n","type":"stderr"}
1791354528.707311790	{"data":"go: downloading github.com/prometheus/procfs v0.22.0\n","type":"stderr"}
1791354528.722700519	{"data":"go: downloading github.com/russross/blackfriday/v2 v2.1.0\n","type":"stderr"}
1791354528.727258668	{"data":"go: downloading github.com/quic-go/qpack v0.6.0\n","type":"stderr"}
1791354528.762710140	{"data":"go: downloading golang.org/x/text v0.42.0\n","type":"stderr"}
1791354528.935878604	{"data":"go: downloading cel.dev/expr v0.25.3\n","type":"stderr"}
1791354529.070536196	{"data":"go: downloading google.golang.org/genproto/googleapis/api v0.0.0-20260921155816-b14227669459\n","type":"stderr"}
1791354529.583122616	{"data":"go: downloading github.com/antlr4-go/antlr/v4 v4.13.1\ngo: downloading go.opentelemetry.io/otel/exporters/otlp/otlplog/otlploggrpc v0.22.0\ngo: downloading go.opentelemetry.io/otel/exporters/otlp/otlpmetric/otlpmetricgrpc v1.46.0\ngo: downloading go.opentelemetry.io/otel/exporters/otlp/otlplog/otlploghttp v0.22.0\n","type":"stderr"}
1791354529.632050237	{"data":"go: downloading go.opentelemetry.io/otel/exporters/otlp/otlpmetric/otlpmetrichttp v1.46.0\ngo: downloading go.opentelemetry.io/otel/exporters/otlp/otlptrace/otlptracegrpc v1.46.0\n","type":"stderr"}
1791354529.635982878	{"data":"go: downloading go.opentelemetry.io/otel/exporters/otlp/otlptrace/otlptracehttp v1.46.0\n","type":"stderr"}
1791354529.637364451	{"data":"go: downloading go.opentelemetry.io/otel/exporters/prometheus v0.68.0\n","type":"stderr"}
1791354529.638747206	{"data":"go: downloading go.opentelemetry.io/otel/exporters/stdout/stdoutlog v0.22.0\n","type":"stderr"}
1791354529.640120446	{"data":"go: downloading go.opentelemetry.io/otel/exporters/stdout/stdoutmetric v1.46.0\n","type":"stderr"}
1791354529.670462943	{"data":"go: downloading go.opentelemetry.io/otel/exporters/otlp/otlptrace v1.46.0\n","type":"stderr"}
1791354529.683739182	{"data":"go: downloading go.opentelemetry.io/otel/exporters/stdout/stdouttrace v1.46.0\n","type":"stderr"}
1791354529.686989279	{"data":"go: downloading go.opentelemetry.io/otel/sdk/log v0.22.0\n","type":"stderr"}
1791354529.691032275	{"data":"go: downloading github.com/nlnwa/whatwg-url v0.6.2\n","type":"stderr"}
1791354529.715174418	{"data":"go: downloading golang.org/x/exp v0.0.0-20260908205506-85c1c2202aba\n","type":"stderr"}
1791354529.716591985	{"data":"go: downloading dario.cat/mergo v1.0.2\n","type":"stderr"}
1791354529.718858536	{"data":"go: downloading github.com/Masterminds/goutils v1.1.1\n","type":"stderr"}
1791354529.742847990	{"data":"go: downloading github.com/Masterminds/semver/v3 v3.5.0\n","type":"stderr"}
1791354529.744744485	{"data":"go: downloading github.com/huandu/xstrings v1.6.1\n","type":"stderr"}
1791354529.746105868	{"data":"go: downloading github.com/mitchellh/copystructure v1.2.0\n","type":"stderr"}
1791354529.759491582	{"data":"go: downloading github.com/shopspring/decimal v1.4.0\n","type":"stderr"}
1791354529.781624741	{"data":"go: downloading github.com/spf13/cast v1.10.0\n","type":"stderr"}
1791354529.783208227	{"data":"go: downloading go.opentelemetry.io/otel/metric v1.46.0\n","type":"stderr"}
1791354529.803914535	{"data":"go: downloading go.opentelemetry.io/contrib/propagators/aws v1.46.0\n","type":"stderr"}
1791354529.815893198	{"data":"go: downloading go.opentelemetry.io/contrib/propagators/b3 v1.46.0\n","type":"stderr"}
1791354529.820110545	{"data":"go: downloading go.opentelemetry.io/contrib/propagators/jaeger v1.46.0\ngo: downloading go.opentelemetry.io/contrib/propagators/ot v1.46.0\n","type":"stderr"}
1791354529.821461482	{"data":"go: downloading github.com/felixge/httpsnoop v1.1.0\n","type":"stderr"}
1791354529.832362298	{"data":"go: downloading filippo.io/edwards25519 v1.2.0\n","type":"stderr"}
1791354529.845838288	{"data":"go: downloading github.com/dgraph-io/badger v1.6.2\n","type":"stderr"}
1791354529.854517149	{"data":"go: downloading github.com/dgraph-io/badger/v2 v2.2007.4\n","type":"stderr"}
1791354529.871202354	{"data":"go: downloading github.com/go-sql-driver/mysql v1.10.1\n","type":"stderr"}
1791354529.919316295	{"data":"go: downloading github.com/jackc/pgx/v5 v5.11.0\n","type":"stderr"}
1791354529.934696582	{"data":"go: downloading github.com/ccoveille/go-safecast/v2 v2.0.1\n","type":"stderr"}
1791354529.936080347	{"data":"go: downloading github.com/smallstep/scep v0.0.0-20260331191114-261f960a40d1\n","type":"stderr"}
1791354529.937436082	{"data":"go: downloading github.com/smallstep/pkcs7 v0.2.3\n","type":"stderr"}
1791354529.949683658	{"data":"go: downloading github.com/go-jose/go-jose/v3 v3.0.5\n","type":"stderr"}
1791354529.991293850	{"data":"go: downloading github.com/urfave/cli v1.22.17\n","type":"stderr"}
1791354530.017199029	{"data":"go: downloading github.com/chzyer/readline v1.5.1\n","type":"stderr"}
1791354530.018590026	{"data":"go: downloading github.com/manifoldco/promptui v0.9.0\n","type":"stderr"}
1791354530.019955134	{"data":"go: downloading github.com/go-jose/go-jose/v4 v4.1.5\n","type":"stderr"}
1791354530.021319431	{"data":"go: downloading golang.org/x/oauth2 v0.37.0\n","type":"stderr"}
1791354530.022714384	{"data":"go: downloading github.com/x448/float16 v0.8.4\n","type":"stderr"}
1791354530.049670810	{"data":"go: downloading github.com/google/go-tspi v0.3.0\n","type":"stderr"}
1791354530.051131752	{"data":"go: downloading github.com/sirupsen/logrus v1.10.2\n","type":"stderr"}
1791354530.070083107	{"data":"go: downloading google.golang.org/api v0.298.0\n","type":"stderr"}
1791354530.073030569	{"data":"go: downloading github.com/rs/xid v1.6.0\n","type":"stderr"}
1791354530.101427977	{"data":"go: downloading github.com/mitchellh/go-ps v1.0.0\n","type":"stderr"}
1791354530.107158796	{"data":"go: downloading github.com/munnerz/goautoneg v0.0.0-20191010083416-a7dc8b61c822\n","type":"stderr"}
1791354530.108587490	{"data":"go: downloading github.com/go-logr/logr v1.4.4\n","type":"stderr"}
1791354530.109989313	{"data":"go: downloading google.golang.org/genproto/googleapis/rpc v0.0.0-20260921155816-b14227669459\n","type":"stderr"}
1791354530.123520205	{"data":"go: downloading go.opentelemetry.io/proto/otlp v1.11.0\n","type":"stderr"}
1791354530.163090526	{"data":"go: downloading go.opentelemetry.io/otel/log v0.22.0\n","type":"stderr"}
1791354530.164411068	{"data":"go: downloading github.com/prometheus/otlptranslator v1.0.0\n","type":"stderr"}
1791354530.166152601	{"data":"go: downloading github.com/bits-and-blooms/bitset v1.25.0\n","type":"stderr"}
1791354530.167446151	{"data":"go: downloading github.com/mitchellh/reflectwalk v1.0.2\n","type":"stderr"}
1791354530.171573023	{"data":"go: downloading github.com/go-logr/stdr v1.2.2\n","type":"stderr"}
1791354530.191370948	{"data":"go: downloading go.opentelemetry.io/auto/sdk v1.2.1\n","type":"stderr"}
1791354530.198073104	{"data":"go: downloading github.com/dlclark/regexp2/v2 v2.8.0\n","type":"stderr"}
1791354530.199482169	{"data":"go: downloading github.com/dgraph-io/ristretto v0.2.0\ngo: downloading github.com/golang/protobuf v1.5.4\n","type":"stderr"}
1791354530.200825664	{"data":"go: downloading github.com/dgryski/go-farm v0.0.0-20240924180020-3414d57e47da\n","type":"stderr"}
1791354530.218695186	{"data":"go: downloading github.com/google/certificate-transparency-go v1.3.3\n","type":"stderr"}
1791354530.227610693	{"data":"go: downloading filippo.io/bigmod v0.1.0\n","type":"stderr"}
1791354530.242976097	{"data":"go: downloading github.com/cenkalti/backoff/v5 v5.0.3\n","type":"stderr"}
1791354530.282093129	{"data":"go: downloading github.com/grpc-ecosystem/grpc-gateway/v2 v2.30.0\n","type":"stderr"}
1791354530.310679010	{"data":"go: downloading github.com/AndreasBriese/bbloom v0.0.0-20190825152654-46b345b51c96\n","type":"stderr"}
1791354530.311997948	{"data":"go: downloading github.com/golang/snappy v1.0.0\n","type":"stderr"}
1791354530.329773880	{"data":"go: downloading github.com/jackc/pgpassfile v1.0.0\n","type":"stderr"}
1791354530.332965569	{"data":"go: downloading github.com/jackc/pgservicefile v0.0.0-20240606120523-5a60cdf6a761\n","type":"stderr"}
1791354530.343825323	{"data":"go: downloading github.com/jackc/puddle/v2 v2.2.2\n","type":"stderr"}
1791354530.350357453	{"data":"go: downloading github.com/mgutz/ansi v0.0.0-20200706080929-d51e80ef957d\n","type":"stderr"}
1791354530.354881962	{"data":"go: downloading github.com/shurcooL/sanitized_anchor_name v1.0.0\n","type":"stderr"}
1791354530.373427038	{"data":"go: downloading github.com/mattn/go-colorable v0.1.15\n","type":"stderr"}
1791354530.402123203	{"data":"go: downloading github.com/mattn/go-isatty v0.0.24\n","type":"stderr"}
1791354536.928806711	{"data":"go: downloading cloud.google.com/go/auth v0.23.3\n","type":"stderr"}
1791354536.933063408	{"data":"go: downloading cloud.google.com/go/compute/metadata v0.9.1\ngo: downloading github.com/googleapis/gax-go/v2 v2.25.0\n","type":"stderr"}
1791354536.934295737	{"data":"go: downloading cloud.google.com/go/auth/oauth2adapt v0.2.8\n","type":"stderr"}
1791354536.936139974	{"data":"go: downloading github.com/google/s2a-go v0.1.10\n","type":"stderr"}
1791354536.999785178	{"data":"go: downloading github.com/googleapis/enterprise-certificate-proxy v0.3.22\n","type":"stderr"}
1791354575.646159639	{"data":"BENCH_CMD_SECONDS=50.4909\n","type":"stdout"}
1791354576.400735312	{"bytes_down":18169,"bytes_up":1649793,"duration_ms":65292,"exit_code":0,"from_store":0,"outcome":"succeeded","retryable":false,"type":"result","workspace":"cold"}
