1791354580.702862085	{"lease":"orgs/ORG/projects/PROJECT/envs/ENV/leases/sbx-es8t7hn1","region":"","size":"standard","type":"queued"}
1791354581.614943861	{"bytes":4563414,"bytes_up":1649793,"duration_ms":861,"files":691,"from_store":0,"full":true,"new_volume":false,"removed":0,"type":"sync","volume":true,"workspace":"cold"}
1791354581.816052427	{"cache":false,"lease":"orgs/ORG/projects/PROJECT/envs/ENV/leases/sbx-es8t7hn1","region":"","size":"standard","type":"running","volume":true,"workspace":"cold"}
1791354588.997232548	{"data":"BENCH_TOOL_SECONDS=6.69088\n","type":"stdout"}
1791354589.086067216	{"data":"go: downloading github.com/KimMachineGun/automemlimit v1.0.0\n","type":"stderr"}
1791354589.087814488	{"data":"go: downloading github.com/aryann/difflib v0.0.0-20210328193216-ff5ff6dc229b\n","type":"stderr"}
1791354589.089171084	{"data":"go: downloading github.com/spf13/cobra v1.10.2\n","type":"stderr"}
1791354589.090627318	{"data":"go: downloading github.com/caddyserver/certmagic v0.25.6\n","type":"stderr"}
1791354589.092035972	{"data":"go: downloading github.com/spf13/pflag v1.0.10\n","type":"stderr"}
1791354589.093327720	{"data":"go: downloading go.uber.org/automaxprocs v1.6.0\n","type":"stderr"}
1791354589.094572328	{"data":"go: downloading go.uber.org/zap v1.28.0\n","type":"stderr"}
1791354589.311846188	{"data":"go: downloading go.uber.org/zap/exp v0.3.0\n","type":"stderr"}
1791354589.369823918	{"data":"go: downloading golang.org/x/crypto/x509roots/fallback v0.0.0-20260929172509-b39ff6d641ec\n","type":"stderr"}
1791354589.401998353	{"data":"go: downloading golang.org/x/crypto v0.57.0\n","type":"stderr"}
1791354589.432078415	{"data":"go: downloading github.com/smallstep/certificates v0.30.2\n","type":"stderr"}
1791354589.436224405	{"data":"go: downloading github.com/smallstep/truststore v0.13.0\n","type":"stderr"}
1791354589.453717152	{"data":"go: downloading go.step.sm/crypto v0.91.0\n","type":"stderr"}
1791354589.532774500	{"data":"go: downloading github.com/go-chi/chi/v5 v5.3.2\n","type":"stderr"}
1791354589.844450352	{"data":"go: downloading github.com/smallstep/nosql v0.8.0\n","type":"stderr"}
1791354589.872286788	{"data":"go: downloading go.etcd.io/bbolt v1.5.0\n","type":"stderr"}
1791354589.878517677	{"data":"go: downloading github.com/caddyserver/zerossl v0.1.6\n","type":"stderr"}
1791354589.887400845	{"data":"go: downloading github.com/cloudflare/circl v1.6.5\n","type":"stderr"}
1791354589.889882478	{"data":"go: downloading github.com/klauspost/cpuid/v2 v2.4.0\n","type":"stderr"}
1791354589.891436690	{"data":"go: downloading github.com/libdns/libdns v1.1.1\n","type":"stderr"}
1791354589.892765825	{"data":"go: downloading github.com/mholt/acmez/v3 v3.1.7\n","type":"stderr"}
1791354589.921738245	{"data":"go: downloading github.com/tailscale/tscert v0.0.0-20251216020129-aea342f6d747\n","type":"stderr"}
1791354589.936582969	{"data":"go: downloading golang.org/x/net v0.59.0\n","type":"stderr"}
1791354589.948296934	{"data":"go: downloading github.com/prometheus/client_golang v1.24.1\n","type":"stderr"}
1791354589.953752270	{"data":"go: downloading github.com/DeRuina/timberjack v1.4.8\n","type":"stderr"}
1791354590.024734172	{"data":"go: downloading github.com/dustin/go-humanize v1.1.0\n","type":"stderr"}
1791354590.039430292	{"data":"go: downloading golang.org/x/term v0.46.0\n","type":"stderr"}
1791354590.093000448	{"data":"go: downloading github.com/cespare/xxhash/v2 v2.3.0\n","type":"stderr"}
1791354590.097189674	{"data":"go: downloading github.com/google/uuid v1.6.0\n","type":"stderr"}
1791354590.119142712	{"data":"go: downloading github.com/cespare/xxhash v1.1.0\n","type":"stderr"}
1791354590.134021016	{"data":"go: downloading github.com/quic-go/quic-go v0.63.0\n","type":"stderr"}
1791354590.193766739	{"data":"go: downloading golang.org/x/sys v0.48.0\n","type":"stderr"}
1791354590.196115414	{"data":"go: downloading golang.org/x/time v0.16.0\n","type":"stderr"}
1791354590.335858786	{"data":"go: downloading github.com/pbnjay/memory v0.0.0-20210728143218-7b4eea64cf58\n","type":"stderr"}
1791354590.371708855	{"data":"go: downloading github.com/cpuguy83/go-md2man/v2 v2.0.7\n","type":"stderr"}
1791354590.405339926	{"data":"go: downloading go.yaml.in/yaml/v3 v3.0.5\n","type":"stderr"}
1791354590.465231948	{"data":"go: downloading github.com/miekg/dns v1.1.73\n","type":"stderr"}
1791354590.491402985	{"data":"go: downloading github.com/zeebo/blake3 v0.2.4\n","type":"stderr"}
1791354590.557040999	{"data":"go: downloading go.uber.org/multierr v1.11.0\n","type":"stderr"}
1791354590.560535022	{"data":"go: downloading cel.dev/cel-go v0.32.0\n","type":"stderr"}
1791354590.833643036	{"data":"go: downloading github.com/dunglas/go-urlpattern v1.0.0\n","type":"stderr"}
1791354590.835064459	{"data":"go: downloading go.opentelemetry.io/contrib/bridges/prometheus v0.71.0\ngo: downloading github.com/dunglas/httpsfv v1.1.1\n","type":"stderr"}
1791354590.836471159	{"data":"go: downloading go.opentelemetry.io/contrib/exporters/autoexport v0.71.0\n","type":"stderr"}
1791354590.837857670	{"data":"go: downloading go.opentelemetry.io/otel/sdk/metric v1.46.0\n","type":"stderr"}
1791354590.839145211	{"data":"go: downloading go.opentelemetry.io/otel/sdk v1.46.0\n","type":"stderr"}
1791354590.879607752	{"data":"go: downloading go.opentelemetry.io/otel v1.46.0\n","type":"stderr"}
1791354590.906176846	{"data":"go: downloading github.com/pkg/errors v0.9.1\n","type":"stderr"}
1791354590.913899473	{"data":"go: downloading github.com/smallstep/cli-utils v0.12.2\n","type":"stderr"}
1791354591.237614058	{"data":"go: downloading github.com/smallstep/linkedca v0.26.0\n","type":"stderr"}
1791354591.303233824	{"data":"go: downloading google.golang.org/grpc v1.83.2\n","type":"stderr"}
1791354591.308991263	{"data":"go: downloading google.golang.org/protobuf v1.36.12\n","type":"stderr"}
1791354591.990912754	{"data":"go: downloading github.com/coreos/go-oidc/v3 v3.21.0\n","type":"stderr"}
1791354591.992596611	{"data":"go: downloading github.com/fxamacker/cbor/v2 v2.9.4\n","type":"stderr"}
1791354591.993955620	{"data":"go: downloading github.com/google/go-tpm v0.9.8\n","type":"stderr"}
1791354592.113060386	{"data":"go: downloading github.com/smallstep/go-attestation v0.4.4-0.20260814222900-a849f4e2cd68\n","type":"stderr"}
1791354592.115443191	{"data":"go: downloading github.com/slackhq/nebula v1.11.2\n","type":"stderr"}
1791354592.380532123	{"data":"go: downloading github.com/klauspost/compress v1.20.1\n","type":"stderr"}
1791354592.385508319	{"data":"go: downloading golang.org/x/sync v0.23.0\n","type":"stderr"}
1791354592.425437179	{"data":"go: downloading github.com/pires/go-proxyproto v0.15.0\n","type":"stderr"}
1791354592.516308082	{"data":"go: downloading github.com/BurntSushi/toml v1.6.0\n","type":"stderr"}
1791354592.570278150	{"data":"go: downloading github.com/alecthomas/chroma/v2 v2.27.0\n","type":"stderr"}
1791354592.577873686	{"data":"go: downloading github.com/Masterminds/sprig/v3 v3.3.0\n","type":"stderr"}
1791354592.584289172	{"data":"go: downloading github.com/yuin/goldmark v1.8.6\n","type":"stderr"}
1791354592.721139954	{"data":"go: downloading github.com/yuin/goldmark-highlighting/v2 v2.0.0-20230729083705-37449abec8cc\n","type":"stderr"}
1791354592.782974371	{"data":"go: downloading gopkg.in/yaml.v3 v3.0.1\n","type":"stderr"}
1791354592.788234964	{"data":"go: downloading go.opentelemetry.io/contrib/instrumentation/net/http/otelhttp v0.71.0\n","type":"stderr"}
1791354592.831405778	{"data":"go: downloading go.opentelemetry.io/contrib/propagators/autoprop v0.71.0\n","type":"stderr"}
1791354592.843429979	{"data":"go: downloading go.opentelemetry.io/otel/trace v1.46.0\n","type":"stderr"}
1791354592.898035590	{"data":"go: downloading github.com/beorn7/perks v1.0.1\n","type":"stderr"}
1791354592.901997374	{"data":"go: downloading github.com/prometheus/client_model v0.6.3\n","type":"stderr"}
1791354592.903411766	{"data":"go: downloading github.com/prometheus/common v0.71.0\n","type":"stderr"}
1791354592.937616367	{"data":"go: downloading github.com/prometheus/procfs v0.22.0\n","type":"stderr"}
1791354593.044714378	{"data":"go: downloading github.com/russross/blackfriday/v2 v2.1.0\n","type":"stderr"}
1791354593.046183753	{"data":"go: downloading github.com/quic-go/qpack v0.6.0\n","type":"stderr"}
1791354593.145535401	{"data":"go: downloading golang.org/x/text v0.42.0\n","type":"stderr"}
1791354593.530224743	{"data":"go: downloading cel.dev/expr v0.25.3\n","type":"stderr"}
1791354593.654395510	{"data":"go: downloading google.golang.org/genproto/googleapis/api v0.0.0-20260921155816-b14227669459\n","type":"stderr"}
1791354593.748352173	{"data":"go: downloading github.com/antlr4-go/antlr/v4 v4.13.1\n","type":"stderr"}
1791354593.806138025	{"data":"go: downloading github.com/nlnwa/whatwg-url v0.6.2\n","type":"stderr"}
1791354593.856248832	{"data":"go: downloading golang.org/x/exp v0.0.0-20260908205506-85c1c2202aba\n","type":"stderr"}
1791354594.147970103	{"data":"go: downloading go.opentelemetry.io/otel/exporters/otlp/otlplog/otlploggrpc v0.22.0\n","type":"stderr"}
1791354594.196571055	{"data":"go: downloading go.opentelemetry.io/otel/exporters/otlp/otlplog/otlploghttp v0.22.0\n","type":"stderr"}
1791354594.246767820	{"data":"go: downloading go.opentelemetry.io/otel/exporters/otlp/otlpmetric/otlpmetricgrpc v1.46.0\n","type":"stderr"}
1791354594.251938388	{"data":"go: downloading go.opentelemetry.io/otel/exporters/otlp/otlpmetric/otlpmetrichttp v1.46.0\n","type":"stderr"}
1791354594.253852420	{"data":"go: downloading go.opentelemetry.io/otel/exporters/otlp/otlptrace/otlptracegrpc v1.46.0\n","type":"stderr"}
1791354594.255641885	{"data":"go: downloading go.opentelemetry.io/otel/exporters/otlp/otlptrace/otlptracehttp v1.46.0\n","type":"stderr"}
1791354594.257034865	{"data":"go: downloading go.opentelemetry.io/otel/exporters/prometheus v0.68.0\n","type":"stderr"}
1791354594.258802898	{"data":"go: downloading go.opentelemetry.io/otel/exporters/stdout/stdoutlog v0.22.0\n","type":"stderr"}
1791354594.305760323	{"data":"go: downloading go.opentelemetry.io/otel/exporters/otlp/otlptrace v1.46.0\n","type":"stderr"}
1791354594.307544440	{"data":"go: downloading go.opentelemetry.io/otel/exporters/stdout/stdoutmetric v1.46.0\n","type":"stderr"}
1791354594.310651552	{"data":"go: downloading go.opentelemetry.io/otel/exporters/stdout/stdouttrace v1.46.0\n","type":"stderr"}
1791354594.312061778	{"data":"go: downloading go.opentelemetry.io/otel/sdk/log v0.22.0\n","type":"stderr"}
1791354594.313436411	{"data":"go: downloading filippo.io/edwards25519 v1.2.0\n","type":"stderr"}
1791354594.355383198	{"data":"go: downloading github.com/ccoveille/go-safecast/v2 v2.0.1\n","type":"stderr"}
1791354594.357829589	{"data":"go: downloading github.com/smallstep/pkcs7 v0.2.3\n","type":"stderr"}
1791354594.372105068	{"data":"go: downloading github.com/smallstep/scep v0.0.0-20260331191114-261f960a40d1\n","type":"stderr"}
1791354594.391533728	{"data":"go: downloading github.com/go-jose/go-jose/v3 v3.0.5\n","type":"stderr"}
1791354594.442808352	{"data":"go: downloading github.com/urfave/cli v1.22.17\ngo: downloading github.com/chzyer/readline v1.5.1\n","type":"stderr"}
1791354594.445648994	{"data":"go: downloading github.com/manifoldco/promptui v0.9.0\n","type":"stderr"}
1791354594.493854431	{"data":"go: downloading go.opentelemetry.io/otel/metric v1.46.0\n","type":"stderr"}
1791354594.505144852	{"data":"go: downloading github.com/go-jose/go-jose/v4 v4.1.5\n","type":"stderr"}
1791354594.512595421	{"data":"go: downloading golang.org/x/oauth2 v0.37.0\n","type":"stderr"}
1791354594.514668551	{"data":"go: downloading github.com/x448/float16 v0.8.4\n","type":"stderr"}
1791354594.545117077	{"data":"go: downloading github.com/sirupsen/logrus v1.10.2\ngo: downloading google.golang.org/api v0.298.0\ngo: downloading github.com/rs/xid v1.6.0\n","type":"stderr"}
1791354594.566098577	{"data":"go: downloading github.com/google/go-tspi v0.3.0\n","type":"stderr"}
1791354594.587708992	{"data":"go: downloading dario.cat/mergo v1.0.2\n","type":"stderr"}
1791354594.615576955	{"data":"go: downloading github.com/Masterminds/goutils v1.1.1\n","type":"stderr"}
1791354594.617651758	{"data":"go: downloading github.com/Masterminds/semver/v3 v3.5.0\n","type":"stderr"}
1791354594.620588444	{"data":"go: downloading github.com/huandu/xstrings v1.6.1\n","type":"stderr"}
1791354594.647784770	{"data":"go: downloading github.com/mitchellh/copystructure v1.2.0\n","type":"stderr"}
1791354594.651044621	{"data":"go: downloading github.com/shopspring/decimal v1.4.0\n","type":"stderr"}
1791354594.654759835	{"data":"go: downloading github.com/spf13/cast v1.10.0\n","type":"stderr"}
1791354594.664257466	{"data":"go: downloading github.com/felixge/httpsnoop v1.1.0\n","type":"stderr"}
1791354594.674886574	{"data":"go: downloading go.opentelemetry.io/contrib/propagators/aws v1.46.0\n","type":"stderr"}
1791354594.680967488	{"data":"go: downloading go.opentelemetry.io/contrib/propagators/b3 v1.46.0\n","type":"stderr"}
1791354594.692751799	{"data":"go: downloading go.opentelemetry.io/contrib/propagators/jaeger v1.46.0\n","type":"stderr"}
1791354594.698004550	{"data":"go: downloading go.opentelemetry.io/contrib/propagators/ot v1.46.0\n","type":"stderr"}
1791354594.743543828	{"data":"go: downloading github.com/dgraph-io/badger v1.6.2\n","type":"stderr"}
1791354594.750727636	{"data":"go: downloading github.com/dgraph-io/badger/v2 v2.2007.4\n","type":"stderr"}
1791354594.805228390	{"data":"go: downloading github.com/go-sql-driver/mysql v1.10.1\n","type":"stderr"}
1791354594.882705437	{"data":"go: downloading github.com/jackc/pgx/v5 v5.11.0\n","type":"stderr"}
1791354594.999956812	{"data":"go: downloading github.com/mitchellh/go-ps v1.0.0\n","type":"stderr"}
1791354595.005302603	{"data":"go: downloading github.com/munnerz/goautoneg v0.0.0-20191010083416-a7dc8b61c822\n","type":"stderr"}
1791354595.008183055	{"data":"go: downloading google.golang.org/genproto/googleapis/rpc v0.0.0-20260921155816-b14227669459\n","type":"stderr"}
1791354595.044823841	{"data":"go: downloading github.com/bits-and-blooms/bitset v1.25.0\n","type":"stderr"}
1791354595.049987869	{"data":"go: downloading github.com/go-logr/logr v1.4.4\n","type":"stderr"}
1791354595.068691823	{"data":"go: downloading go.opentelemetry.io/proto/otlp v1.11.0\n","type":"stderr"}
1791354595.126030154	{"data":"go: downloading go.opentelemetry.io/otel/log v0.22.0\n","type":"stderr"}
1791354595.129147842	{"data":"go: downloading github.com/prometheus/otlptranslator v1.0.0\n","type":"stderr"}
1791354595.169286005	{"data":"go: downloading github.com/go-logr/stdr v1.2.2\ngo: downloading go.opentelemetry.io/auto/sdk v1.2.1\n","type":"stderr"}
1791354595.176629213	{"data":"go: downloading filippo.io/bigmod v0.1.0\n","type":"stderr"}
1791354595.200807100	{"data":"go: downloading github.com/google/certificate-transparency-go v1.3.3\n","type":"stderr"}
1791354595.210866724	{"data":"go: downloading github.com/dlclark/regexp2/v2 v2.8.0\n","type":"stderr"}
1791354595.253208633	{"data":"go: downloading github.com/mitchellh/reflectwalk v1.0.2\n","type":"stderr"}
1791354595.255258059	{"data":"go: downloading github.com/dgraph-io/ristretto v0.2.0\n","type":"stderr"}
1791354595.301588053	{"data":"go: downloading github.com/golang/protobuf v1.5.4\n","type":"stderr"}
1791354595.456047766	{"data":"go: downloading github.com/dgryski/go-farm v0.0.0-20240924180020-3414d57e47da\n","type":"stderr"}
1791354595.550727584	{"data":"go: downloading github.com/cenkalti/backoff/v5 v5.0.3\n","type":"stderr"}
1791354595.575923638	{"data":"go: downloading github.com/grpc-ecosystem/grpc-gateway/v2 v2.30.0\n","type":"stderr"}
1791354595.709707108	{"data":"go: downloading github.com/AndreasBriese/bbloom v0.0.0-20190825152654-46b345b51c96\n","type":"stderr"}
1791354595.711299818	{"data":"go: downloading github.com/golang/snappy v1.0.0\n","type":"stderr"}
1791354595.713261892	{"data":"go: downloading github.com/mgutz/ansi v0.0.0-20200706080929-d51e80ef957d\n","type":"stderr"}
1791354595.720305690	{"data":"go: downloading github.com/jackc/pgpassfile v1.0.0\n","type":"stderr"}
1791354595.741700141	{"data":"go: downloading github.com/jackc/pgservicefile v0.0.0-20240606120523-5a60cdf6a761\n","type":"stderr"}
1791354595.743262485	{"data":"go: downloading github.com/jackc/puddle/v2 v2.2.2\n","type":"stderr"}
1791354595.746639081	{"data":"go: downloading github.com/shurcooL/sanitized_anchor_name v1.0.0\n","type":"stderr"}
1791354595.750646274	{"data":"go: downloading github.com/mattn/go-colorable v0.1.15\n","type":"stderr"}
1791354595.789706160	{"data":"go: downloading github.com/mattn/go-isatty v0.0.24\n","type":"stderr"}
1791354601.296271291	{"data":"go: downloading cloud.google.com/go/auth v0.23.3\ngo: downloading github.com/googleapis/gax-go/v2 v2.25.0\ngo: downloading cloud.google.com/go/compute/metadata v0.9.1\n","type":"stderr"}
1791354601.299894738	{"data":"go: downloading github.com/google/s2a-go v0.1.10\n","type":"stderr"}
1791354601.301673116	{"data":"go: downloading cloud.google.com/go/auth/oauth2adapt v0.2.8\n","type":"stderr"}
1791354601.408174252	{"data":"go: downloading github.com/googleapis/enterprise-certificate-proxy v0.3.22\n","type":"stderr"}
1791354639.790804586	{"data":"BENCH_CMD_SECONDS=50.8113\n","type":"stdout"}
1791354640.473369092	{"bytes_down":18206,"bytes_up":1649793,"duration_ms":63979,"exit_code":0,"from_store":0,"outcome":"succeeded","retryable":false,"type":"result","workspace":"cold"}
