1791354646.941162773	{"lease":"orgs/ORG/projects/PROJECT/envs/ENV/leases/sbx-jx829vj8","region":"","size":"standard","type":"queued"}
1791354649.243632918	{"bytes":4563414,"bytes_up":1649793,"duration_ms":2210,"files":691,"from_store":0,"full":true,"new_volume":false,"removed":0,"type":"sync","volume":true,"workspace":"cold"}
1791354649.508691954	{"cache":false,"lease":"orgs/ORG/projects/PROJECT/envs/ENV/leases/sbx-jx829vj8","region":"","size":"standard","type":"running","volume":true,"workspace":"cold"}
1791354659.833967490	{"data":"BENCH_TOOL_SECONDS=9.88389\n","type":"stdout"}
1791354659.923301117	{"data":"go: downloading github.com/KimMachineGun/automemlimit v1.0.0\ngo: downloading github.com/caddyserver/certmagic v0.25.6\n","type":"stderr"}
1791354659.924718463	{"data":"go: downloading github.com/aryann/difflib v0.0.0-20210328193216-ff5ff6dc229b\n","type":"stderr"}
1791354659.926460147	{"data":"go: downloading github.com/spf13/cobra v1.10.2\n","type":"stderr"}
1791354659.927919667	{"data":"go: downloading github.com/spf13/pflag v1.0.10\n","type":"stderr"}
1791354659.930334520	{"data":"go: downloading go.uber.org/automaxprocs v1.6.0\n","type":"stderr"}
1791354659.935659880	{"data":"go: downloading go.uber.org/zap v1.28.0\n","type":"stderr"}
1791354660.147972456	{"data":"go: downloading go.uber.org/zap/exp v0.3.0\n","type":"stderr"}
1791354660.171341609	{"data":"go: downloading golang.org/x/crypto/x509roots/fallback v0.0.0-20260929172509-b39ff6d641ec\n","type":"stderr"}
1791354660.204793681	{"data":"go: downloading golang.org/x/crypto v0.57.0\n","type":"stderr"}
1791354660.269264363	{"data":"go: downloading github.com/go-chi/chi/v5 v5.3.2\n","type":"stderr"}
1791354660.270691054	{"data":"go: downloading github.com/smallstep/certificates v0.30.2\n","type":"stderr"}
1791354660.602157128	{"data":"go: downloading github.com/smallstep/nosql v0.8.0\n","type":"stderr"}
1791354660.656739544	{"data":"go: downloading go.etcd.io/bbolt v1.5.0\n","type":"stderr"}
1791354660.694792869	{"data":"go: downloading github.com/smallstep/truststore v0.13.0\n","type":"stderr"}
1791354660.696130116	{"data":"go: downloading go.step.sm/crypto v0.91.0\n","type":"stderr"}
1791354660.714490764	{"data":"go: downloading github.com/prometheus/client_golang v1.24.1\n","type":"stderr"}
1791354660.731182960	{"data":"go: downloading github.com/caddyserver/zerossl v0.1.6\n","type":"stderr"}
1791354660.738288390	{"data":"go: downloading github.com/cloudflare/circl v1.6.5\n","type":"stderr"}
1791354660.794525489	{"data":"go: downloading github.com/klauspost/cpuid/v2 v2.4.0\n","type":"stderr"}
1791354660.839983294	{"data":"go: downloading github.com/libdns/libdns v1.1.1\n","type":"stderr"}
1791354660.877082929	{"data":"go: downloading github.com/mholt/acmez/v3 v3.1.7\n","type":"stderr"}
1791354660.881418614	{"data":"go: downloading github.com/tailscale/tscert v0.0.0-20251216020129-aea342f6d747\n","type":"stderr"}
1791354660.931402871	{"data":"go: downloading golang.org/x/net v0.59.0\n","type":"stderr"}
1791354660.936810415	{"data":"go: downloading github.com/DeRuina/timberjack v1.4.8\n","type":"stderr"}
1791354660.944739441	{"data":"go: downloading github.com/dustin/go-humanize v1.1.0\n","type":"stderr"}
1791354660.998784781	{"data":"go: downloading golang.org/x/term v0.46.0\n","type":"stderr"}
1791354661.071604891	{"data":"go: downloading github.com/cespare/xxhash/v2 v2.3.0\n","type":"stderr"}
1791354661.073101507	{"data":"go: downloading github.com/google/uuid v1.6.0\n","type":"stderr"}
1791354661.075907397	{"data":"go: downloading github.com/quic-go/quic-go v0.63.0\n","type":"stderr"}
1791354661.102988219	{"data":"go: downloading github.com/cespare/xxhash v1.1.0\n","type":"stderr"}
1791354661.119800685	{"data":"go: downloading golang.org/x/sys v0.48.0\n","type":"stderr"}
1791354661.212502755	{"data":"go: downloading golang.org/x/time v0.16.0\n","type":"stderr"}
1791354661.281559449	{"data":"go: downloading github.com/cpuguy83/go-md2man/v2 v2.0.7\n","type":"stderr"}
1791354661.316007835	{"data":"go: downloading go.yaml.in/yaml/v3 v3.0.5\n","type":"stderr"}
1791354661.364919293	{"data":"go: downloading github.com/pbnjay/memory v0.0.0-20210728143218-7b4eea64cf58\n","type":"stderr"}
1791354661.431098478	{"data":"go: downloading github.com/miekg/dns v1.1.73\n","type":"stderr"}
1791354661.435768015	{"data":"go: downloading github.com/zeebo/blake3 v0.2.4\n","type":"stderr"}
1791354661.486935567	{"data":"go: downloading cel.dev/cel-go v0.32.0\n","type":"stderr"}
1791354661.780111029	{"data":"go: downloading github.com/dunglas/go-urlpattern v1.0.0\n","type":"stderr"}
1791354661.782692042	{"data":"go: downloading github.com/dunglas/httpsfv v1.1.1\n","type":"stderr"}
1791354661.784674466	{"data":"go: downloading go.opentelemetry.io/contrib/bridges/prometheus v0.71.0\n","type":"stderr"}
1791354661.787051333	{"data":"go: downloading go.opentelemetry.io/contrib/exporters/autoexport v0.71.0\n","type":"stderr"}
1791354661.789307658	{"data":"go: downloading go.opentelemetry.io/otel/sdk/metric v1.46.0\n","type":"stderr"}
1791354661.791438645	{"data":"go: downloading go.opentelemetry.io/otel/sdk v1.46.0\n","type":"stderr"}
1791354661.824380822	{"data":"go: downloading go.opentelemetry.io/otel v1.46.0\n","type":"stderr"}
1791354661.829372111	{"data":"go: downloading go.uber.org/multierr v1.11.0\n","type":"stderr"}
1791354661.918638437	{"data":"go: downloading github.com/pkg/errors v0.9.1\n","type":"stderr"}
1791354661.925665931	{"data":"go: downloading github.com/coreos/go-oidc/v3 v3.21.0\n","type":"stderr"}
1791354661.980227445	{"data":"go: downloading github.com/fxamacker/cbor/v2 v2.9.4\n","type":"stderr"}
1791354662.005122639	{"data":"go: downloading github.com/google/go-tpm v0.9.8\n","type":"stderr"}
1791354662.013108140	{"data":"go: downloading github.com/smallstep/go-attestation v0.4.4-0.20260814222900-a849f4e2cd68\n","type":"stderr"}
1791354662.061275050	{"data":"go: downloading github.com/smallstep/cli-utils v0.12.2\n","type":"stderr"}
1791354662.190110205	{"data":"go: downloading github.com/smallstep/linkedca v0.26.0\n","type":"stderr"}
1791354662.191497587	{"data":"go: downloading google.golang.org/grpc v1.83.2\n","type":"stderr"}
1791354662.387223456	{"data":"go: downloading google.golang.org/protobuf v1.36.12\n","type":"stderr"}
1791354662.815394767	{"data":"go: downloading github.com/slackhq/nebula v1.11.2\n","type":"stderr"}
1791354662.831718340	{"data":"go: downloading golang.org/x/sync v0.23.0\n","type":"stderr"}
1791354662.833181344	{"data":"go: downloading github.com/klauspost/compress v1.20.1\n","type":"stderr"}
1791354663.141321691	{"data":"go: downloading github.com/pires/go-proxyproto v0.15.0\n","type":"stderr"}
1791354663.180787826	{"data":"go: downloading github.com/BurntSushi/toml v1.6.0\n","type":"stderr"}
1791354663.269653661	{"data":"go: downloading github.com/alecthomas/chroma/v2 v2.27.0\n","type":"stderr"}
1791354663.270940001	{"data":"go: downloading github.com/Masterminds/sprig/v3 v3.3.0\n","type":"stderr"}
1791354663.420960082	{"data":"go: downloading github.com/yuin/goldmark v1.8.6\n","type":"stderr"}
1791354663.473273053	{"data":"go: downloading github.com/yuin/goldmark-highlighting/v2 v2.0.0-20230729083705-37449abec8cc\n","type":"stderr"}
1791354663.545135646	{"data":"go: downloading gopkg.in/yaml.v3 v3.0.1\n","type":"stderr"}
1791354663.546549407	{"data":"go: downloading go.opentelemetry.io/contrib/instrumentation/net/http/otelhttp v0.71.0\n","type":"stderr"}
1791354663.602070722	{"data":"go: downloading go.opentelemetry.io/contrib/propagators/autoprop v0.71.0\n","type":"stderr"}
1791354663.610310835	{"data":"go: downloading go.opentelemetry.io/otel/trace v1.46.0\n","type":"stderr"}
1791354663.647534116	{"data":"go: downloading github.com/beorn7/perks v1.0.1\n","type":"stderr"}
1791354663.674238793	{"data":"go: downloading github.com/prometheus/client_model v0.6.3\n","type":"stderr"}
1791354663.686716706	{"data":"go: downloading github.com/prometheus/common v0.71.0\n","type":"stderr"}
1791354663.747634307	{"data":"go: downloading github.com/prometheus/procfs v0.22.0\n","type":"stderr"}
1791354663.864892281	{"data":"go: downloading github.com/russross/blackfriday/v2 v2.1.0\n","type":"stderr"}
1791354663.867464862	{"data":"go: downloading github.com/quic-go/qpack v0.6.0\n","type":"stderr"}
1791354663.939219823	{"data":"go: downloading golang.org/x/text v0.42.0\n","type":"stderr"}
1791354664.219918405	{"data":"go: downloading cel.dev/expr v0.25.3\n","type":"stderr"}
1791354664.655461278	{"data":"go: downloading google.golang.org/genproto/googleapis/api v0.0.0-20260921155816-b14227669459\n","type":"stderr"}
1791354664.746838470	{"data":"go: downloading github.com/antlr4-go/antlr/v4 v4.13.1\n","type":"stderr"}
1791354664.817635265	{"data":"go: downloading github.com/nlnwa/whatwg-url v0.6.2\n","type":"stderr"}
1791354664.914622425	{"data":"go: downloading golang.org/x/exp v0.0.0-20260908205506-85c1c2202aba\n","type":"stderr"}
1791354665.178243314	{"data":"go: downloading go.opentelemetry.io/otel/exporters/otlp/otlplog/otlploghttp v0.22.0\n","type":"stderr"}
1791354665.179643805	{"data":"go: downloading go.opentelemetry.io/otel/exporters/otlp/otlptrace/otlptracegrpc v1.46.0\n","type":"stderr"}
1791354665.181196735	{"data":"go: downloading go.opentelemetry.io/otel/exporters/otlp/otlpmetric/otlpmetricgrpc v1.46.0\n","type":"stderr"}
1791354665.182596655	{"data":"go: downloading go.opentelemetry.io/otel/exporters/otlp/otlpmetric/otlpmetrichttp v1.46.0\n","type":"stderr"}
1791354665.183896956	{"data":"go: downloading go.opentelemetry.io/otel/exporters/otlp/otlplog/otlploggrpc v0.22.0\n","type":"stderr"}
1791354665.279912659	{"data":"go: downloading go.opentelemetry.io/otel/exporters/otlp/otlptrace v1.46.0\n","type":"stderr"}
1791354665.288914836	{"data":"go: downloading go.opentelemetry.io/otel/exporters/otlp/otlptrace/otlptracehttp v1.46.0\n","type":"stderr"}
1791354665.292400266	{"data":"go: downloading go.opentelemetry.io/otel/exporters/prometheus v0.68.0\n","type":"stderr"}
1791354665.294135409	{"data":"go: downloading go.opentelemetry.io/otel/exporters/stdout/stdoutlog v0.22.0\n","type":"stderr"}
1791354665.324297364	{"data":"go: downloading go.opentelemetry.io/otel/exporters/stdout/stdoutmetric v1.46.0\n","type":"stderr"}
1791354665.337500815	{"data":"go: downloading go.opentelemetry.io/otel/exporters/stdout/stdouttrace v1.46.0\n","type":"stderr"}
1791354665.349557695	{"data":"go: downloading go.opentelemetry.io/otel/sdk/log v0.22.0\n","type":"stderr"}
1791354665.355105950	{"data":"go: downloading github.com/dgraph-io/badger v1.6.2\n","type":"stderr"}
1791354665.445556753	{"data":"go: downloading github.com/dgraph-io/badger/v2 v2.2007.4\n","type":"stderr"}
1791354665.446911746	{"data":"go: downloading github.com/go-sql-driver/mysql v1.10.1\n","type":"stderr"}
1791354665.448244275	{"data":"go: downloading github.com/jackc/pgx/v5 v5.11.0\n","type":"stderr"}
1791354665.652779752	{"data":"go: downloading github.com/go-jose/go-jose/v4 v4.1.5\n","type":"stderr"}
1791354665.654378300	{"data":"go: downloading golang.org/x/oauth2 v0.37.0\n","type":"stderr"}
1791354665.656151341	{"data":"go: downloading github.com/ccoveille/go-safecast/v2 v2.0.1\n","type":"stderr"}
1791354665.657498622	{"data":"go: downloading github.com/x448/float16 v0.8.4\n","type":"stderr"}
1791354665.733544041	{"data":"go: downloading github.com/go-jose/go-jose/v3 v3.0.5\n","type":"stderr"}
1791354665.816446328	{"data":"go: downloading github.com/sirupsen/logrus v1.10.2\n","type":"stderr"}
1791354665.854643810	{"data":"go: downloading github.com/smallstep/pkcs7 v0.2.3\ngo: downloading github.com/smallstep/scep v0.0.0-20260331191114-261f960a40d1\n","type":"stderr"}
1791354665.899026743	{"data":"go: downloading github.com/google/go-tspi v0.3.0\n","type":"stderr"}
1791354665.918809745	{"data":"go: downloading github.com/urfave/cli v1.22.17\n","type":"stderr"}
1791354665.920236977	{"data":"go: downloading github.com/chzyer/readline v1.5.1\n","type":"stderr"}
1791354665.926541145	{"data":"go: downloading github.com/manifoldco/promptui v0.9.0\n","type":"stderr"}
1791354665.928087256	{"data":"go: downloading go.opentelemetry.io/otel/metric v1.46.0\n","type":"stderr"}
1791354665.994808965	{"data":"go: downloading google.golang.org/api v0.298.0\n","type":"stderr"}
1791354666.002049769	{"data":"go: downloading github.com/rs/xid v1.6.0\n","type":"stderr"}
1791354666.003471052	{"data":"go: downloading filippo.io/edwards25519 v1.2.0\n","type":"stderr"}
1791354666.008818906	{"data":"go: downloading dario.cat/mergo v1.0.2\n","type":"stderr"}
1791354666.010484515	{"data":"go: downloading github.com/Masterminds/goutils v1.1.1\n","type":"stderr"}
1791354666.050219003	{"data":"go: downloading github.com/Masterminds/semver/v3 v3.5.0\n","type":"stderr"}
1791354666.078890842	{"data":"go: downloading github.com/huandu/xstrings v1.6.1\ngo: downloading github.com/mitchellh/copystructure v1.2.0\n","type":"stderr"}
1791354666.080320978	{"data":"go: downloading github.com/shopspring/decimal v1.4.0\n","type":"stderr"}
1791354666.100609669	{"data":"go: downloading github.com/spf13/cast v1.10.0\n","type":"stderr"}
1791354666.119541995	{"data":"go: downloading github.com/felixge/httpsnoop v1.1.0\n","type":"stderr"}
1791354666.131245846	{"data":"go: downloading go.opentelemetry.io/contrib/propagators/aws v1.46.0\n","type":"stderr"}
1791354666.133181911	{"data":"go: downloading go.opentelemetry.io/contrib/propagators/b3 v1.46.0\n","type":"stderr"}
1791354666.145453073	{"data":"go: downloading go.opentelemetry.io/contrib/propagators/jaeger v1.46.0\n","type":"stderr"}
1791354666.187259189	{"data":"go: downloading go.opentelemetry.io/contrib/propagators/ot v1.46.0\n","type":"stderr"}
1791354666.200177271	{"data":"go: downloading github.com/munnerz/goautoneg v0.0.0-20191010083416-a7dc8b61c822\n","type":"stderr"}
1791354666.201630812	{"data":"go: downloading github.com/mitchellh/go-ps v1.0.0\n","type":"stderr"}
1791354666.222483880	{"data":"go: downloading google.golang.org/genproto/googleapis/rpc v0.0.0-20260921155816-b14227669459\n","type":"stderr"}
1791354666.223854416	{"data":"go: downloading github.com/bits-and-blooms/bitset v1.25.0\n","type":"stderr"}
1791354666.240664479	{"data":"go: downloading github.com/go-logr/logr v1.4.4\n","type":"stderr"}
1791354666.242021735	{"data":"go: downloading go.opentelemetry.io/proto/otlp v1.11.0\n","type":"stderr"}
1791354666.330770144	{"data":"go: downloading go.opentelemetry.io/otel/log v0.22.0\n","type":"stderr"}
1791354666.333208503	{"data":"go: downloading github.com/prometheus/otlptranslator v1.0.0\n","type":"stderr"}
1791354666.345515128	{"data":"go: downloading github.com/dgraph-io/ristretto v0.2.0\n","type":"stderr"}
1791354666.446539125	{"data":"go: downloading github.com/golang/protobuf v1.5.4\n","type":"stderr"}
1791354666.449048410	{"data":"go: downloading github.com/dgryski/go-farm v0.0.0-20240924180020-3414d57e47da\n","type":"stderr"}
1791354666.451519387	{"data":"go: downloading github.com/go-logr/stdr v1.2.2\n","type":"stderr"}
1791354666.501672447	{"data":"go: downloading go.opentelemetry.io/auto/sdk v1.2.1\n","type":"stderr"}
1791354666.510764930	{"data":"go: downloading github.com/google/certificate-transparency-go v1.3.3\n","type":"stderr"}
1791354666.523831655	{"data":"go: downloading filippo.io/bigmod v0.1.0\n","type":"stderr"}
1791354666.525571205	{"data":"go: downloading github.com/mitchellh/reflectwalk v1.0.2\n","type":"stderr"}
1791354666.729217137	{"data":"go: downloading github.com/dlclark/regexp2/v2 v2.8.0\n","type":"stderr"}
1791354666.834120224	{"data":"go: downloading github.com/cenkalti/backoff/v5 v5.0.3\n","type":"stderr"}
1791354666.835514917	{"data":"go: downloading github.com/grpc-ecosystem/grpc-gateway/v2 v2.30.0\n","type":"stderr"}
1791354667.110498935	{"data":"go: downloading github.com/AndreasBriese/bbloom v0.0.0-20190825152654-46b345b51c96\n","type":"stderr"}
1791354667.111951484	{"data":"go: downloading github.com/golang/snappy v1.0.0\n","type":"stderr"}
1791354667.170256285	{"data":"go: downloading github.com/jackc/pgpassfile v1.0.0\n","type":"stderr"}
1791354667.172064869	{"data":"go: downloading github.com/jackc/pgservicefile v0.0.0-20240606120523-5a60cdf6a761\n","type":"stderr"}
1791354667.202749418	{"data":"go: downloading github.com/jackc/puddle/v2 v2.2.2\n","type":"stderr"}
1791354667.205122539	{"data":"go: downloading github.com/mgutz/ansi v0.0.0-20200706080929-d51e80ef957d\n","type":"stderr"}
1791354667.250633163	{"data":"go: downloading github.com/mattn/go-colorable v0.1.15\n","type":"stderr"}
1791354667.259022661	{"data":"go: downloading github.com/shurcooL/sanitized_anchor_name v1.0.0\n","type":"stderr"}
1791354667.309870974	{"data":"go: downloading github.com/mattn/go-isatty v0.0.24\n","type":"stderr"}
1791354675.306928510	{"data":"go: downloading cloud.google.com/go/auth v0.23.3\n","type":"stderr"}
1791354675.308357785	{"data":"go: downloading github.com/googleapis/gax-go/v2 v2.25.0\n","type":"stderr"}
1791354675.309801541	{"data":"go: downloading cloud.google.com/go/auth/oauth2adapt v0.2.8\n","type":"stderr"}
1791354675.311168993	{"data":"go: downloading cloud.google.com/go/compute/metadata v0.9.1\n","type":"stderr"}
1791354675.312531797	{"data":"go: downloading github.com/google/s2a-go v0.1.10\n","type":"stderr"}
1791354675.423163060	{"data":"go: downloading github.com/googleapis/enterprise-certificate-proxy v0.3.22\n","type":"stderr"}
1791354712.809079406	{"data":"BENCH_CMD_SECONDS=52.9787\n","type":"stdout"}
1791354713.508944409	{"bytes_down":18358,"bytes_up":1649793,"duration_ms":72945,"exit_code":0,"from_store":0,"outcome":"succeeded","retryable":false,"type":"result","workspace":"cold"}
