1791354719.753234914	{"lease":"orgs/ORG/projects/PROJECT/envs/ENV/leases/sbx-25mwrwwb","region":"","size":"standard","type":"queued"}
1791354721.380678241	{"bytes":4563414,"bytes_up":1649793,"duration_ms":1487,"files":691,"from_store":0,"full":true,"new_volume":false,"removed":0,"type":"sync","volume":true,"workspace":"cold"}
1791354721.762053609	{"cache":false,"lease":"orgs/ORG/projects/PROJECT/envs/ENV/leases/sbx-25mwrwwb","region":"","size":"standard","type":"running","volume":true,"workspace":"cold"}
1791354730.588714819	{"data":"BENCH_TOOL_SECONDS=8.31436\n","type":"stdout"}
1791354730.669453911	{"data":"go: downloading github.com/KimMachineGun/automemlimit v1.0.0\n","type":"stderr"}
1791354730.671193090	{"data":"go: downloading github.com/aryann/difflib v0.0.0-20210328193216-ff5ff6dc229b\n","type":"stderr"}
1791354730.672893431	{"data":"go: downloading github.com/caddyserver/certmagic v0.25.6\n","type":"stderr"}
1791354730.675646172	{"data":"go: downloading github.com/spf13/cobra v1.10.2\n","type":"stderr"}
1791354730.678317529	{"data":"go: downloading github.com/spf13/pflag v1.0.10\n","type":"stderr"}
1791354730.681134977	{"data":"go: downloading go.uber.org/automaxprocs v1.6.0\n","type":"stderr"}
1791354730.682999465	{"data":"go: downloading go.uber.org/zap v1.28.0\n","type":"stderr"}
1791354730.940488402	{"data":"go: downloading go.uber.org/zap/exp v0.3.0\n","type":"stderr"}
1791354730.962605798	{"data":"go: downloading golang.org/x/crypto/x509roots/fallback v0.0.0-20260929172509-b39ff6d641ec\n","type":"stderr"}
1791354731.059348311	{"data":"go: downloading github.com/go-chi/chi/v5 v5.3.2\n","type":"stderr"}
1791354731.061125387	{"data":"go: downloading github.com/smallstep/certificates v0.30.2\n","type":"stderr"}
1791354731.109234260	{"data":"go: downloading golang.org/x/crypto v0.57.0\n","type":"stderr"}
1791354731.593260286	{"data":"go: downloading github.com/smallstep/nosql v0.8.0\n","type":"stderr"}
1791354731.725193770	{"data":"go: downloading go.etcd.io/bbolt v1.5.0\n","type":"stderr"}
1791354731.797643393	{"data":"go: downloading github.com/smallstep/truststore v0.13.0\ngo: downloading go.step.sm/crypto v0.91.0\n","type":"stderr"}
1791354731.806637919	{"data":"go: downloading github.com/caddyserver/zerossl v0.1.6\n","type":"stderr"}
1791354731.808291670	{"data":"go: downloading github.com/cloudflare/circl v1.6.5\n","type":"stderr"}
1791354731.931231981	{"data":"go: downloading github.com/klauspost/cpuid/v2 v2.4.0\n","type":"stderr"}
1791354731.937874367	{"data":"go: downloading github.com/libdns/libdns v1.1.1\n","type":"stderr"}
1791354731.993870814	{"data":"go: downloading github.com/mholt/acmez/v3 v3.1.7\n","type":"stderr"}
1791354732.008260415	{"data":"go: downloading github.com/tailscale/tscert v0.0.0-20251216020129-aea342f6d747\n","type":"stderr"}
1791354732.174350778	{"data":"go: downloading golang.org/x/net v0.59.0\n","type":"stderr"}
1791354732.183738032	{"data":"go: downloading github.com/prometheus/client_golang v1.24.1\n","type":"stderr"}
1791354732.410558285	{"data":"go: downloading github.com/DeRuina/timberjack v1.4.8\n","type":"stderr"}
1791354732.412216754	{"data":"go: downloading github.com/dustin/go-humanize v1.1.0\n","type":"stderr"}
1791354732.414347831	{"data":"go: downloading golang.org/x/term v0.46.0\n","type":"stderr"}
1791354732.587931437	{"data":"go: downloading github.com/cespare/xxhash/v2 v2.3.0\n","type":"stderr"}
1791354732.589983285	{"data":"go: downloading github.com/google/uuid v1.6.0\n","type":"stderr"}
1791354732.591291949	{"data":"go: downloading github.com/quic-go/quic-go v0.63.0\n","type":"stderr"}
1791354732.712046339	{"data":"go: downloading github.com/cespare/xxhash v1.1.0\n","type":"stderr"}
1791354732.756778536	{"data":"go: downloading golang.org/x/sys v0.48.0\n","type":"stderr"}
1791354732.917274154	{"data":"go: downloading golang.org/x/time v0.16.0\n","type":"stderr"}
1791354732.949836221	{"data":"go: downloading github.com/cpuguy83/go-md2man/v2 v2.0.7\n","type":"stderr"}
1791354732.973729931	{"data":"go: downloading go.yaml.in/yaml/v3 v3.0.5\n","type":"stderr"}
1791354733.130306830	{"data":"go: downloading github.com/miekg/dns v1.1.73\n","type":"stderr"}
1791354733.132550256	{"data":"go: downloading github.com/zeebo/blake3 v0.2.4\n","type":"stderr"}
1791354733.162580764	{"data":"go: downloading go.uber.org/multierr v1.11.0\n","type":"stderr"}
1791354733.170603942	{"data":"go: downloading golang.org/x/sync v0.23.0\n","type":"stderr"}
1791354733.173054288	{"data":"go: downloading cel.dev/cel-go v0.32.0\n","type":"stderr"}
1791354734.103203330	{"data":"go: downloading github.com/dunglas/go-urlpattern v1.0.0\ngo: downloading github.com/dunglas/httpsfv v1.1.1\n","type":"stderr"}
1791354734.105296310	{"data":"go: downloading go.opentelemetry.io/contrib/bridges/prometheus v0.71.0\n","type":"stderr"}
1791354734.107147718	{"data":"go: downloading go.opentelemetry.io/contrib/exporters/autoexport v0.71.0\n","type":"stderr"}
1791354734.109060678	{"data":"go: downloading go.opentelemetry.io/otel/sdk v1.46.0\n","type":"stderr"}
1791354734.111828762	{"data":"go: downloading go.opentelemetry.io/otel/sdk/metric v1.46.0\n","type":"stderr"}
1791354734.200526494	{"data":"go: downloading go.opentelemetry.io/otel v1.46.0\n","type":"stderr"}
1791354734.352633076	{"data":"go: downloading github.com/klauspost/compress v1.20.1\n","type":"stderr"}
1791354734.396697481	{"data":"go: downloading github.com/pires/go-proxyproto v0.15.0\n","type":"stderr"}
1791354734.624947158	{"data":"go: downloading go.opentelemetry.io/contrib/instrumentation/net/http/otelhttp v0.71.0\n","type":"stderr"}
1791354734.688212151	{"data":"go: downloading go.opentelemetry.io/contrib/propagators/autoprop v0.71.0\n","type":"stderr"}
1791354735.769117979	{"data":"go: downloading go.opentelemetry.io/otel/trace v1.46.0\n","type":"stderr"}
1791354735.806067218	{"data":"go: downloading github.com/BurntSushi/toml v1.6.0\n","type":"stderr"}
1791354735.868305841	{"data":"go: downloading github.com/Masterminds/sprig/v3 v3.3.0\n","type":"stderr"}
1791354735.869787584	{"data":"go: downloading github.com/alecthomas/chroma/v2 v2.27.0\ngo: downloading github.com/yuin/goldmark-highlighting/v2 v2.0.0-20230729083705-37449abec8cc\n","type":"stderr"}
1791354735.926654468	{"data":"go: downloading github.com/yuin/goldmark v1.8.6\n","type":"stderr"}
1791354736.066567565	{"data":"go: downloading gopkg.in/yaml.v3 v3.0.1\n","type":"stderr"}
1791354736.068010289	{"data":"go: downloading github.com/pbnjay/memory v0.0.0-20210728143218-7b4eea64cf58\n","type":"stderr"}
1791354736.143500916	{"data":"go: downloading github.com/pkg/errors v0.9.1\n","type":"stderr"}
1791354736.144768207	{"data":"go: downloading github.com/coreos/go-oidc/v3 v3.21.0\n","type":"stderr"}
1791354736.148770652	{"data":"go: downloading github.com/fxamacker/cbor/v2 v2.9.4\n","type":"stderr"}
1791354736.225656372	{"data":"go: downloading github.com/google/go-tpm v0.9.8\n","type":"stderr"}
1791354736.233391869	{"data":"go: downloading github.com/smallstep/go-attestation v0.4.4-0.20260814222900-a849f4e2cd68\n","type":"stderr"}
1791354736.341408107	{"data":"go: downloading github.com/smallstep/cli-utils v0.12.2\n","type":"stderr"}
1791354736.440445864	{"data":"go: downloading github.com/smallstep/linkedca v0.26.0\n","type":"stderr"}
1791354736.466336951	{"data":"go: downloading google.golang.org/grpc v1.83.2\n","type":"stderr"}
1791354736.589470401	{"data":"go: downloading google.golang.org/protobuf v1.36.12\n","type":"stderr"}
1791354736.594523793	{"data":"go: downloading github.com/slackhq/nebula v1.11.2\n","type":"stderr"}
1791354736.757915798	{"data":"go: downloading github.com/beorn7/perks v1.0.1\n","type":"stderr"}
1791354736.927659713	{"data":"go: downloading github.com/prometheus/client_model v0.6.3\n","type":"stderr"}
1791354737.084445555	{"data":"go: downloading github.com/prometheus/common v0.71.0\n","type":"stderr"}
1791354737.196028976	{"data":"go: downloading github.com/prometheus/procfs v0.22.0\n","type":"stderr"}
1791354737.575761388	{"data":"go: downloading golang.org/x/text v0.42.0\n","type":"stderr"}
1791354738.299426781	{"data":"go: downloading github.com/quic-go/qpack v0.6.0\n","type":"stderr"}
1791354738.311097381	{"data":"go: downloading github.com/russross/blackfriday/v2 v2.1.0\n","type":"stderr"}
1791354738.314865064	{"data":"go: downloading cel.dev/expr v0.25.3\n","type":"stderr"}
1791354738.316355040	{"data":"go: downloading google.golang.org/genproto/googleapis/api v0.0.0-20260921155816-b14227669459\n","type":"stderr"}
1791354738.318491776	{"data":"go: downloading github.com/antlr4-go/antlr/v4 v4.13.1\n","type":"stderr"}
1791354738.480431641	{"data":"go: downloading github.com/nlnwa/whatwg-url v0.6.2\n","type":"stderr"}
1791354738.555111672	{"data":"go: downloading golang.org/x/exp v0.0.0-20260908205506-85c1c2202aba\n","type":"stderr"}
1791354738.721196186	{"data":"go: downloading go.opentelemetry.io/otel/exporters/otlp/otlplog/otlploggrpc v0.22.0\n","type":"stderr"}
1791354738.723074895	{"data":"go: downloading go.opentelemetry.io/otel/exporters/otlp/otlplog/otlploghttp v0.22.0\n","type":"stderr"}
1791354738.776203039	{"data":"go: downloading go.opentelemetry.io/otel/exporters/otlp/otlpmetric/otlpmetricgrpc v1.46.0\n","type":"stderr"}
1791354738.802904271	{"data":"go: downloading go.opentelemetry.io/otel/exporters/otlp/otlpmetric/otlpmetrichttp v1.46.0\n","type":"stderr"}
1791354738.889749434	{"data":"go: downloading go.opentelemetry.io/otel/exporters/otlp/otlptrace/otlptracegrpc v1.46.0\n","type":"stderr"}
1791354738.893887774	{"data":"go: downloading go.opentelemetry.io/otel/exporters/otlp/otlptrace/otlptracehttp v1.46.0\n","type":"stderr"}
1791354738.911831586	{"data":"go: downloading go.opentelemetry.io/otel/exporters/prometheus v0.68.0\n","type":"stderr"}
1791354738.936527210	{"data":"go: downloading go.opentelemetry.io/otel/exporters/otlp/otlptrace v1.46.0\n","type":"stderr"}
1791354738.982446077	{"data":"go: downloading go.opentelemetry.io/otel/exporters/stdout/stdoutlog v0.22.0\n","type":"stderr"}
1791354738.983937154	{"data":"go: downloading go.opentelemetry.io/otel/exporters/stdout/stdouttrace v1.46.0\n","type":"stderr"}
1791354738.985416193	{"data":"go: downloading go.opentelemetry.io/otel/sdk/log v0.22.0\n","type":"stderr"}
1791354738.986811817	{"data":"go: downloading go.opentelemetry.io/otel/exporters/stdout/stdoutmetric v1.46.0\n","type":"stderr"}
1791354738.988010125	{"data":"go: downloading github.com/felixge/httpsnoop v1.1.0\n","type":"stderr"}
1791354739.011705108	{"data":"go: downloading go.opentelemetry.io/otel/metric v1.46.0\ngo: downloading go.opentelemetry.io/contrib/propagators/aws v1.46.0\n","type":"stderr"}
1791354739.013104948	{"data":"go: downloading go.opentelemetry.io/contrib/propagators/b3 v1.46.0\n","type":"stderr"}
1791354739.053670563	{"data":"go: downloading go.opentelemetry.io/contrib/propagators/jaeger v1.46.0\n","type":"stderr"}
1791354739.081283463	{"data":"go: downloading go.opentelemetry.io/contrib/propagators/ot v1.46.0\n","type":"stderr"}
1791354739.086664557	{"data":"go: downloading dario.cat/mergo v1.0.2\n","type":"stderr"}
1791354739.089318018	{"data":"go: downloading github.com/Masterminds/goutils v1.1.1\n","type":"stderr"}
1791354739.103821540	{"data":"go: downloading github.com/Masterminds/semver/v3 v3.5.0\n","type":"stderr"}
1791354739.122786855	{"data":"go: downloading github.com/mitchellh/copystructure v1.2.0\n","type":"stderr"}
1791354739.124524883	{"data":"go: downloading github.com/huandu/xstrings v1.6.1\n","type":"stderr"}
1791354739.146819574	{"data":"go: downloading github.com/shopspring/decimal v1.4.0\n","type":"stderr"}
1791354739.154645716	{"data":"go: downloading github.com/spf13/cast v1.10.0\n","type":"stderr"}
1791354739.175245535	{"data":"go: downloading github.com/dgraph-io/badger v1.6.2\n","type":"stderr"}
1791354739.210517848	{"data":"go: downloading github.com/dgraph-io/badger/v2 v2.2007.4\n","type":"stderr"}
1791354739.227698375	{"data":"go: downloading github.com/go-sql-driver/mysql v1.10.1\n","type":"stderr"}
1791354739.259401883	{"data":"go: downloading github.com/jackc/pgx/v5 v5.11.0\n","type":"stderr"}
1791354739.360965250	{"data":"go: downloading github.com/go-jose/go-jose/v4 v4.1.5\n","type":"stderr"}
1791354739.362397929	{"data":"go: downloading golang.org/x/oauth2 v0.37.0\n","type":"stderr"}
1791354739.377846589	{"data":"go: downloading github.com/x448/float16 v0.8.4\n","type":"stderr"}
1791354739.442113896	{"data":"go: downloading github.com/ccoveille/go-safecast/v2 v2.0.1\n","type":"stderr"}
1791354739.533649797	{"data":"go: downloading github.com/go-jose/go-jose/v3 v3.0.5\n","type":"stderr"}
1791354739.535008485	{"data":"go: downloading github.com/sirupsen/logrus v1.10.2\n","type":"stderr"}
1791354739.582774023	{"data":"go: downloading github.com/smallstep/pkcs7 v0.2.3\n","type":"stderr"}
1791354739.584075816	{"data":"go: downloading github.com/smallstep/scep v0.0.0-20260331191114-261f960a40d1\n","type":"stderr"}
1791354739.604421363	{"data":"go: downloading github.com/google/go-tspi v0.3.0\n","type":"stderr"}
1791354739.617189290	{"data":"go: downloading github.com/urfave/cli v1.22.17\n","type":"stderr"}
1791354739.729793592	{"data":"go: downloading github.com/chzyer/readline v1.5.1\ngo: downloading github.com/manifoldco/promptui v0.9.0\n","type":"stderr"}
1791354739.746881451	{"data":"go: downloading google.golang.org/api v0.298.0\n","type":"stderr"}
1791354739.748249443	{"data":"go: downloading github.com/rs/xid v1.6.0\n","type":"stderr"}
1791354739.806629828	{"data":"go: downloading filippo.io/edwards25519 v1.2.0\n","type":"stderr"}
1791354739.840647227	{"data":"go: downloading github.com/mitchellh/go-ps v1.0.0\n","type":"stderr"}
1791354739.847424666	{"data":"go: downloading github.com/munnerz/goautoneg v0.0.0-20191010083416-a7dc8b61c822\n","type":"stderr"}
1791354739.848779369	{"data":"go: downloading github.com/go-logr/logr v1.4.4\n","type":"stderr"}
1791354739.850194262	{"data":"go: downloading google.golang.org/genproto/googleapis/rpc v0.0.0-20260921155816-b14227669459\n","type":"stderr"}
1791354739.851422495	{"data":"go: downloading github.com/bits-and-blooms/bitset v1.25.0\n","type":"stderr"}
1791354739.855783238	{"data":"go: downloading go.opentelemetry.io/proto/otlp v1.11.0\n","type":"stderr"}
1791354739.928054424	{"data":"go: downloading github.com/prometheus/otlptranslator v1.0.0\n","type":"stderr"}
1791354739.935121838	{"data":"go: downloading go.opentelemetry.io/otel/log v0.22.0\n","type":"stderr"}
1791354739.938811564	{"data":"go: downloading github.com/go-logr/stdr v1.2.2\n","type":"stderr"}
1791354739.942588461	{"data":"go: downloading go.opentelemetry.io/auto/sdk v1.2.1\n","type":"stderr"}
1791354739.966151555	{"data":"go: downloading github.com/mitchellh/reflectwalk v1.0.2\n","type":"stderr"}
1791354739.975755064	{"data":"go: downloading github.com/dlclark/regexp2/v2 v2.8.0\n","type":"stderr"}
1791354739.977313833	{"data":"go: downloading github.com/dgraph-io/ristretto v0.2.0\n","type":"stderr"}
1791354740.004990079	{"data":"go: downloading github.com/golang/protobuf v1.5.4\n","type":"stderr"}
1791354740.076772521	{"data":"go: downloading github.com/dgryski/go-farm v0.0.0-20240924180020-3414d57e47da\n","type":"stderr"}
1791354740.078764190	{"data":"go: downloading github.com/google/certificate-transparency-go v1.3.3\n","type":"stderr"}
1791354740.104538531	{"data":"go: downloading filippo.io/bigmod v0.1.0\n","type":"stderr"}
1791354740.121923646	{"data":"go: downloading github.com/cenkalti/backoff/v5 v5.0.3\n","type":"stderr"}
1791354740.203967536	{"data":"go: downloading github.com/grpc-ecosystem/grpc-gateway/v2 v2.30.0\n","type":"stderr"}
1791354740.242568142	{"data":"go: downloading github.com/AndreasBriese/bbloom v0.0.0-20190825152654-46b345b51c96\n","type":"stderr"}
1791354740.357445104	{"data":"go: downloading github.com/golang/snappy v1.0.0\n","type":"stderr"}
1791354740.358708199	{"data":"go: downloading github.com/jackc/pgpassfile v1.0.0\n","type":"stderr"}
1791354740.392532139	{"data":"go: downloading github.com/jackc/pgservicefile v0.0.0-20240606120523-5a60cdf6a761\n","type":"stderr"}
1791354740.432368589	{"data":"go: downloading github.com/jackc/puddle/v2 v2.2.2\n","type":"stderr"}
1791354740.450915858	{"data":"go: downloading github.com/mgutz/ansi v0.0.0-20200706080929-d51e80ef957d\n","type":"stderr"}
1791354740.467671048	{"data":"go: downloading github.com/shurcooL/sanitized_anchor_name v1.0.0\n","type":"stderr"}
1791354740.513442244	{"data":"go: downloading github.com/mattn/go-colorable v0.1.15\n","type":"stderr"}
1791354740.556938395	{"data":"go: downloading github.com/mattn/go-isatty v0.0.24\n","type":"stderr"}
1791354747.497486998	{"data":"go: downloading cloud.google.com/go/auth v0.23.3\n","type":"stderr"}
1791354747.498954670	{"data":"go: downloading github.com/googleapis/gax-go/v2 v2.25.0\n","type":"stderr"}
1791354747.500335942	{"data":"go: downloading cloud.google.com/go/auth/oauth2adapt v0.2.8\n","type":"stderr"}
1791354747.695140438	{"data":"go: downloading cloud.google.com/go/compute/metadata v0.9.1\n","type":"stderr"}
1791354747.696581410	{"data":"go: downloading github.com/google/s2a-go v0.1.10\n","type":"stderr"}
1791354747.699167250	{"data":"go: downloading github.com/googleapis/enterprise-certificate-proxy v0.3.22\n","type":"stderr"}
1791354788.511968302	{"data":"BENCH_CMD_SECONDS=57.9227\n","type":"stdout"}
1791354789.357993983	{"bytes_down":18288,"bytes_up":1649793,"duration_ms":75762,"exit_code":0,"from_store":0,"outcome":"succeeded","retryable":false,"type":"result","workspace":"cold"}
