1791354921.173830393	{"lease":"orgs/ORG/projects/PROJECT/envs/ENV/leases/sbx-23tz2vzs","region":"","size":"large","type":"queued"}
1791354926.935113001	{"bytes":760833,"bytes_up":273648,"duration_ms":5310,"files":87,"from_store":87,"full":true,"new_volume":false,"removed":0,"type":"sync","volume":true,"workspace":"cold"}
1791354927.503955835	{"cache":true,"lease":"orgs/ORG/projects/PROJECT/envs/ENV/leases/sbx-23tz2vzs","region":"","size":"large","type":"running","volume":true,"workspace":"cold"}
1791354937.156785963	{"data":"BENCH_TOOL_SECONDS=9.12209\n","type":"stdout"}
1791354937.626430169	{"data":"Lockfile is up to date, resolution step is skipped\n","type":"stdout"}
1791354937.638672056	{"data":"Progress: resolved 1, reused 0, downloaded 0, added 0\n","type":"stdout"}
1791354937.686393378	{"data":"Packages: +52\n++++++++++++++++++++++++++++++++++++++++++++++++++++\n","type":"stdout"}
1791354938.170226753	{"data":"Progress: resolved 52, reused 52, downloaded 0, added 52, done\n","type":"stdout"}
1791354938.381250573	{"data":"\ndependencies:\n+ next 16.1.4\n+ react 19.2.3\n+ react-dom 19.2.3\n\ndevDependencies:\n+ @tailwindcss/postcss 4.1.18\n+ @types/node 20.19.30\n+ @types/react 19.2.9\n+ @types/react-dom 19.2.3\n+ tailwindcss 4.1.18\n+ typescript 5.9.3\n\n","type":"stdout"}
1791354938.419120394	{"data":"Done in 1.1s using pnpm v10.34.6\n","type":"stdout"}
1791354938.818710500	{"data":"\n   ╭─────────────────────────────────────────╮\n   │                                         │\n   │   Update available! 10.34.6 → 12.9.1.   │\n   │   Changelog: https://pnpm.io/v/12.9.1   │\n   │    To update, run: pnpm self-update     │\n   │                                         │\n   ╰─────────────────────────────────────────╯\n\n","type":"stdout"}
1791354939.195872224	{"data":"\n> @ build /workspace/tree/nextjs\n> next build\n\n","type":"stdout"}
1791354940.855996290	{"data":"Attention: Next.js now collects completely anonymous telemetry regarding usage.\n","type":"stdout"}
1791354940.859216722	{"data":"This information is used to shape Next.js' roadmap and prioritize features.\n","type":"stdout"}
1791354940.861562662	{"data":"You can learn more, including how to opt-out if you'd not like to participate in this anonymous program, by visiting the following URL:\nhttps://nextjs.org/telemetry\n","type":"stdout"}
1791354940.864115542	{"data":"\n","type":"stdout"}
1791354940.867633460	{"data":"▲ Next.js 16.1.4 (Turbopack)\n","type":"stdout"}
1791354940.869328233	{"data":"\n","type":"stdout"}
1791354940.899968225	{"data":"  Creating an optimized production build ...\n","type":"stdout"}
1791354946.623253561	{"data":"✓ Compiled successfully in 5.3s\n","type":"stdout"}
1791354946.653428556	{"data":"  Running TypeScript ...\n","type":"stdout"}
1791354948.341218241	{"data":"  Collecting page data using 16 workers ...\n","type":"stdout"}
1791354949.074788923	{"data":"  Generating static pages using 16 workers (0/4) ...\n","type":"stdout"}
1791354949.378712240	{"data":"  Generating static pages using 16 workers (1/4) \r\n","type":"stdout"}
1791354949.380215846	{"data":"  Generating static pages using 16 workers (2/4) \r\n","type":"stdout"}
1791354949.382570459	{"data":"  Generating static pages using 16 workers (3/4) \r\n","type":"stdout"}
1791354949.384024370	{"data":"✓ Generating static pages using 16 workers (4/4) in 308.0ms\n","type":"stdout"}
1791354949.386925693	{"data":"  Finalizing page optimization ...\n","type":"stdout"}
1791354949.894945668	{"data":"\n","type":"stdout"}
1791354949.897891108	{"data":"Route (app)\n┌ ○ /\n└ ○ /_not-found\n\n","type":"stdout"}
1791354949.900508415	{"data":"\n","type":"stdout"}
1791354949.903366052	{"data":"○  (Static)  prerendered as static content\n","type":"stdout"}
1791354949.906384692	{"data":"\n","type":"stdout"}
1791354949.940109923	{"data":"BENCH_CMD_SECONDS=12.7873\n","type":"stdout"}
1791354950.887899620	{"bytes_down":3969,"bytes_up":273648,"duration_ms":35855,"exit_code":0,"from_store":87,"outcome":"succeeded","retryable":false,"type":"result","workspace":"cold"}
