1791354829.973259294	{"lease":"orgs/ORG/projects/PROJECT/envs/ENV/leases/sbx-04hj71p5","region":"","size":"large","type":"queued"}
1791354831.591430355	{"bytes":667862,"bytes_up":140908,"duration_ms":1533,"files":75,"from_store":0,"full":true,"new_volume":false,"removed":0,"type":"sync","volume":true,"workspace":"cold"}
1791354831.823306894	{"cache":false,"lease":"orgs/ORG/projects/PROJECT/envs/ENV/leases/sbx-04hj71p5","region":"","size":"large","type":"running","volume":true,"workspace":"cold"}
1791354838.539463266	{"data":"BENCH_TOOL_SECONDS=6.40665\n","type":"stdout"}
1791354839.024822862	{"data":"Lockfile is up to date, resolution step is skipped\n","type":"stdout"}
1791354839.039911000	{"data":"Progress: resolved 1, reused 0, downloaded 0, added 0\n","type":"stdout"}
1791354839.130366420	{"data":"Packages: +52\n++++++++++++++++++++++++++++++++++++++++++++++++++++\n","type":"stdout"}
1791354839.309831480	{"data":"\n   ╭─────────────────────────────────────────╮\n   │                                         │\n   │   Update available! 10.34.6 → 12.9.1.   │\n   │   Changelog: https://pnpm.io/v/12.9.1   │\n   │    To update, run: pnpm self-update     │\n   │                                         │\n   ╰─────────────────────────────────────────╯\n\n","type":"stdout"}
1791354839.634657491	{"data":"Progress: resolved 52, reused 52, downloaded 0, added 52, done\n","type":"stdout"}
1791354839.740096973	{"data":"\ndependencies:\n+ next 16.1.4\n+ react 19.2.3\n+ react-dom 19.2.3\n\ndevDependencies:\n+ @tailwindcss/postcss 4.1.18\n+ @types/node 20.19.30\n+ @types/react 19.2.9\n+ @types/react-dom 19.2.3\n+ tailwindcss 4.1.18\n+ typescript 5.9.3\n\n","type":"stdout"}
1791354839.769729794	{"data":"Done in 1.1s using pnpm v10.34.6\n","type":"stdout"}
1791354840.141095653	{"data":"\n> @ build /workspace/tree/nextjs\n> next build\n\n","type":"stdout"}
1791354841.213450860	{"data":"Attention: Next.js now collects completely anonymous telemetry regarding usage.\n","type":"stdout"}
1791354841.214917851	{"data":"This information is used to shape Next.js' roadmap and prioritize features.\n","type":"stdout"}
1791354841.216337310	{"data":"You can learn more, including how to opt-out if you'd not like to participate in this anonymous program, by visiting the following URL:\n","type":"stdout"}
1791354841.217628848	{"data":"https://nextjs.org/telemetry\n","type":"stdout"}
1791354841.218972174	{"data":"\n","type":"stdout"}
1791354841.233459921	{"data":"▲ Next.js 16.1.4 (Turbopack)\n","type":"stdout"}
1791354841.234754864	{"data":"\n","type":"stdout"}
1791354841.275976583	{"data":"  Creating an optimized production build ...\n","type":"stdout"}
1791354847.057827238	{"data":"✓ Compiled successfully in 5.3s\n","type":"stdout"}
1791354847.085982873	{"data":"  Running TypeScript ...\n","type":"stdout"}
1791354848.996014854	{"data":"  Collecting page data using 16 workers ...\n","type":"stdout"}
1791354849.777035791	{"data":"  Generating static pages using 16 workers (0/4) ...\n","type":"stdout"}
1791354850.051172346	{"data":"  Generating static pages using 16 workers (1/4) \r\n","type":"stdout"}
1791354850.052797054	{"data":"  Generating static pages using 16 workers (2/4) \r\n","type":"stdout"}
1791354850.054577896	{"data":"  Generating static pages using 16 workers (3/4) \r\n","type":"stdout"}
1791354850.056282915	{"data":"✓ Generating static pages using 16 workers (4/4) in 277.8ms\n","type":"stdout"}
1791354850.057989005	{"data":"  Finalizing page optimization ...\n","type":"stdout"}
1791354850.688422299	{"data":"\nRoute (app)\n┌ ○ /\n└ ○ /_not-found\n\n\n○  (Static)  prerendered as static content\n\n","type":"stdout"}
1791354850.769059177	{"data":"BENCH_CMD_SECONDS=12.2087\n","type":"stdout"}
1791354851.446404519	{"bytes_down":3861,"bytes_up":140908,"duration_ms":27488,"exit_code":0,"from_store":0,"outcome":"succeeded","retryable":false,"type":"result","workspace":"cold"}
