1791356380.985973924	{"lease":"orgs/ORG/projects/PROJECT/envs/ENV/leases/sbx-g7816jjx","region":"","size":"large","type":"queued"}
1791356384.874550974	{"bytes":658886,"bytes_up":894021,"duration_ms":3741,"files":48,"from_store":48,"full":false,"new_volume":false,"removed":0,"type":"sync","volume":true,"workspace":"warm"}
1791356385.299372454	{"cache":true,"lease":"orgs/ORG/projects/PROJECT/envs/ENV/leases/sbx-g7816jjx","region":"","size":"large","type":"running","volume":true,"workspace":"warm"}
1791356394.283718361	{"data":"BENCH_TOOL_SECONDS=8.12301\n","type":"stdout"}
1791356394.923786581	{"data":"Lockfile is up to date, resolution step is skipped\n","type":"stdout"}
1791356395.012667104	{"data":"\n   ╭─────────────────────────────────────────╮\n   │                                         │\n   │   Update available! 10.34.6 → 12.9.1.   │\n   │   Changelog: https://pnpm.io/v/12.9.1   │\n   │    To update, run: pnpm self-update     │\n   │                                         │\n   ╰─────────────────────────────────────────╯\n\n","type":"stdout"}
1791356395.161241871	{"data":"Already up to date\n","type":"stdout"}
1791356395.422537058	{"data":"\n","type":"stdout"}
1791356395.436640743	{"data":"Done in 1s using pnpm v10.34.6\n","type":"stdout"}
1791356395.821366183	{"data":"\n> @ build /workspace/tree/nextjs\n> next build\n\n","type":"stdout"}
1791356399.350848325	{"data":"Attention: Next.js now collects completely anonymous telemetry regarding usage.\n","type":"stdout"}
1791356399.352192812	{"data":"This information is used to shape Next.js' roadmap and prioritize features.\n","type":"stdout"}
1791356399.354605401	{"data":"You can learn more, including how to opt-out if you'd not like to participate in this anonymous program, by visiting the following URL:\n","type":"stdout"}
1791356399.355944960	{"data":"https://nextjs.org/telemetry\n","type":"stdout"}
1791356399.357234835	{"data":"\n","type":"stdout"}
1791356399.372149014	{"data":"▲ Next.js 16.1.4 (Turbopack)\n","type":"stdout"}
1791356399.373474572	{"data":"\n","type":"stdout"}
1791356399.412409100	{"data":"  Creating an optimized production build ...\n","type":"stdout"}
1791356407.015822640	{"data":"✓ Compiled successfully in 7.1s\n","type":"stdout"}
1791356407.032107546	{"data":"  Running TypeScript ...\n","type":"stdout"}
1791356408.948356541	{"data":"  Collecting page data using 16 workers ...\n","type":"stdout"}
1791356409.721435868	{"data":"  Generating static pages using 16 workers (0/4) ...\n","type":"stdout"}
1791356409.993240790	{"data":"  Generating static pages using 16 workers (1/4) \r\n","type":"stdout"}
1791356409.994654631	{"data":"  Generating static pages using 16 workers (2/4) \r\n","type":"stdout"}
1791356409.996586218	{"data":"  Generating static pages using 16 workers (3/4) \r\n","type":"stdout"}
1791356409.997995732	{"data":"✓ Generating static pages using 16 workers (4/4) in 272.5ms\n","type":"stdout"}
1791356409.999230564	{"data":"  Finalizing page optimization ...\n","type":"stdout"}
1791356411.122795217	{"data":"\n","type":"stdout"}
1791356411.124359574	{"data":"Route (app)\n┌ ○ /\n└ ○ /_not-found\n\n","type":"stdout"}
1791356411.125821667	{"data":"\n","type":"stdout"}
1791356411.127319714	{"data":"○  (Static)  prerendered as static content\n","type":"stdout"}
1791356411.129230429	{"data":"\n","type":"stdout"}
1791356411.193297845	{"data":"BENCH_CMD_SECONDS=16.9084\n","type":"stdout"}
1791356412.146157637	{"bytes_down":8309,"bytes_up":894021,"duration_ms":36648,"exit_code":0,"from_store":48,"outcome":"succeeded","retryable":false,"type":"result","workspace":"warm"}
