1791356475.876053034	{"lease":"orgs/ORG/projects/PROJECT/envs/ENV/leases/sbx-m8k2wjh1","region":"","size":"large","type":"queued"}
1791356494.051427588	sylphx: warning: build store: 3 files could not be fetched from it; sending those files directly
1791356494.437067982	{"bytes":6269,"bytes_up":3244,"duration_ms":1472,"files":4,"from_store":1,"full":false,"new_volume":false,"removed":0,"type":"sync","volume":true,"workspace":"warm"}
1791356494.717609605	{"cache":true,"lease":"orgs/ORG/projects/PROJECT/envs/ENV/leases/sbx-m8k2wjh1","region":"","size":"large","type":"running","volume":true,"workspace":"warm"}
1791356508.762022342	{"data":"BENCH_TOOL_SECONDS=12.8854\n","type":"stdout"}
1791356509.252408930	{"data":"Lockfile is up to date, resolution step is skipped\n","type":"stdout"}
1791356509.340469646	{"data":"Already up to date\n","type":"stdout"}
1791356509.852644335	{"data":"\n","type":"stdout"}
1791356509.863141100	{"data":"Done in 1s using pnpm v10.34.6\n","type":"stdout"}
1791356510.768006710	{"data":"\n   ╭─────────────────────────────────────────╮\n   │                                         │\n   │   Update available! 10.34.6 → 12.9.1.   │\n   │   Changelog: https://pnpm.io/v/12.9.1   │\n   │    To update, run: pnpm self-update     │\n   │                                         │\n   ╰─────────────────────────────────────────╯\n\n","type":"stdout"}
1791356511.133590563	{"data":"\n> @ build /workspace/tree/nextjs\n> next build\n\n","type":"stdout"}
1791356515.115397804	{"data":"Attention: Next.js now collects completely anonymous telemetry regarding usage.\n","type":"stdout"}
1791356515.117894399	{"data":"This information is used to shape Next.js' roadmap and prioritize features.\nYou can learn more, including how to opt-out if you'd not like to participate in this anonymous program, by visiting the following URL:\n","type":"stdout"}
1791356515.119214349	{"data":"https://nextjs.org/telemetry\n\n","type":"stdout"}
1791356515.133784333	{"data":"▲ Next.js 16.1.4 (Turbopack)\n\n","type":"stdout"}
1791356515.170737911	{"data":"  Creating an optimized production build ...\n","type":"stdout"}
1791356522.821216000	{"data":"✓ Compiled successfully in 7.1s\n","type":"stdout"}
1791356522.829577041	{"data":"  Running TypeScript ...\n","type":"stdout"}
1791356524.395490668	{"data":"  Collecting page data using 16 workers ...\n","type":"stdout"}
1791356525.229530978	{"data":"  Generating static pages using 16 workers (0/4) ...\n","type":"stdout"}
1791356525.518090510	{"data":"  Generating static pages using 16 workers (1/4) \r\n","type":"stdout"}
1791356525.525358292	{"data":"  Generating static pages using 16 workers (2/4) \r\n","type":"stdout"}
1791356525.526725783	{"data":"  Generating static pages using 16 workers (3/4) \r\n","type":"stdout"}
1791356525.527990400	{"data":"✓ Generating static pages using 16 workers (4/4) in 287.1ms\n","type":"stdout"}
1791356525.529612072	{"data":"  Finalizing page optimization ...\n","type":"stdout"}
1791356526.251612920	{"data":"\n","type":"stdout"}
1791356526.253027763	{"data":"Route (app)\n┌ ○ /\n└ ○ /_not-found\n\n\n","type":"stdout"}
1791356526.254990176	{"data":"○  (Static)  prerendered as static content\n\n","type":"stdout"}
1791356526.318664814	{"data":"BENCH_CMD_SECONDS=17.5618\n","type":"stdout"}
1791356526.961275502	{"bytes_down":10139,"bytes_up":3244,"duration_ms":114728,"exit_code":0,"from_store":1,"outcome":"succeeded","retryable":false,"type":"result","workspace":"warm"}
