1791356537.958772603	{"lease":"orgs/ORG/projects/PROJECT/envs/ENV/leases/sbx-8z63ktfm","region":"","size":"large","type":"queued"}
1791356539.619895114	{"bytes":63504,"bytes_up":13319,"duration_ms":1526,"files":15,"from_store":15,"full":false,"new_volume":false,"removed":0,"type":"sync","volume":true,"workspace":"warm"}
1791356539.963887363	{"cache":true,"lease":"orgs/ORG/projects/PROJECT/envs/ENV/leases/sbx-8z63ktfm","region":"","size":"large","type":"running","volume":true,"workspace":"warm"}
1791356548.451283221	{"data":"BENCH_TOOL_SECONDS=8.07073\n","type":"stdout"}
1791356548.964924245	{"data":"Lockfile is up to date, resolution step is skipped\n","type":"stdout"}
1791356548.982800779	{"data":"Already up to date\n","type":"stdout"}
1791356549.240161496	{"data":"\n","type":"stdout"}
1791356549.272513462	{"data":"Done in 744ms using pnpm v10.34.6\n","type":"stdout"}
1791356549.322026810	{"data":"\n   ╭─────────────────────────────────────────╮\n   │                                         │\n   │   Update available! 10.34.6 → 12.9.1.   │\n   │   Changelog: https://pnpm.io/v/12.9.1   │\n   │    To update, run: pnpm self-update     │\n   │                                         │\n   ╰─────────────────────────────────────────╯\n\n","type":"stdout"}
1791356549.709001982	{"data":"\n> @ build /workspace/tree/nextjs\n> next build\n\n","type":"stdout"}
1791356550.914532353	{"data":"Attention: Next.js now collects completely anonymous telemetry regarding usage.\n","type":"stdout"}
1791356550.916043660	{"data":"This information is used to shape Next.js' roadmap and prioritize features.\nYou can learn more, including how to opt-out if you'd not like to participate in this anonymous program, by visiting the following URL:\n","type":"stdout"}
1791356550.917423490	{"data":"https://nextjs.org/telemetry\n","type":"stdout"}
1791356550.919693284	{"data":"\n","type":"stdout"}
1791356550.926048697	{"data":"▲ Next.js 16.1.4 (Turbopack)\n","type":"stdout"}
1791356550.927217510	{"data":"\n","type":"stdout"}
1791356550.966653702	{"data":"  Creating an optimized production build ...\n","type":"stdout"}
1791356556.443162758	{"data":"✓ Compiled successfully in 5.0s\n","type":"stdout"}
1791356556.453440454	{"data":"  Running TypeScript ...\n","type":"stdout"}
1791356558.679938657	{"data":"  Collecting page data using 16 workers ...\n","type":"stdout"}
1791356559.461373138	{"data":"  Generating static pages using 16 workers (0/4) ...\n","type":"stdout"}
1791356559.833981442	{"data":"  Generating static pages using 16 workers (1/4) \r\n","type":"stdout"}
1791356559.835407811	{"data":"  Generating static pages using 16 workers (2/4) \r\n","type":"stdout"}
1791356559.836767731	{"data":"  Generating static pages using 16 workers (3/4) \r\n","type":"stdout"}
1791356559.838103735	{"data":"✓ Generating static pages using 16 workers (4/4) in 374.1ms\n","type":"stdout"}
1791356559.839409143	{"data":"  Finalizing page optimization ...\n","type":"stdout"}
1791356560.070998846	{"data":"\n","type":"stdout"}
1791356560.072611054	{"data":"Route (app)\n┌ ○ /\n└ ○ /_not-found\n\n","type":"stdout"}
1791356560.074034630	{"data":"\n","type":"stdout"}
1791356560.075316122	{"data":"○  (Static)  prerendered as static content\n","type":"stdout"}
1791356560.076545315	{"data":"\n","type":"stdout"}
1791356560.400041323	{"data":"BENCH_CMD_SECONDS=11.9522\n","type":"stdout"}
1791356561.157079081	{"bytes_down":10491,"bytes_up":13319,"duration_ms":34096,"exit_code":0,"from_store":15,"outcome":"succeeded","retryable":false,"type":"result","workspace":"warm"}
