1791356597.044059291	{"lease":"orgs/ORG/projects/PROJECT/envs/ENV/leases/sbx-r3bxxsrx","region":"","size":"large","type":"queued"}
1791356600.024082320	{"bytes":16374,"bytes_up":11472,"duration_ms":2615,"files":8,"from_store":7,"full":false,"new_volume":false,"removed":0,"type":"sync","volume":true,"workspace":"warm"}
1791356600.317246304	{"cache":true,"lease":"orgs/ORG/projects/PROJECT/envs/ENV/leases/sbx-r3bxxsrx","region":"","size":"large","type":"running","volume":true,"workspace":"warm"}
1791356618.237142224	{"data":"BENCH_TOOL_SECONDS=17.3596\n","type":"stdout"}
1791356618.807762974	{"data":"Lockfile is up to date, resolution step is skipped\n","type":"stdout"}
1791356619.034651749	{"data":"Already up to date\n","type":"stdout"}
1791356619.717085323	{"data":"\n   ╭─────────────────────────────────────────╮\n   │                                         │\n   │   Update available! 10.34.6 → 12.9.1.   │\n   │   Changelog: https://pnpm.io/v/12.9.1   │\n   │    To update, run: pnpm self-update     │\n   │                                         │\n   ╰─────────────────────────────────────────╯\n\n","type":"stdout"}
1791356620.072978520	{"data":"\n","type":"stdout"}
1791356620.085455164	{"data":"Done in 1.7s using pnpm v10.34.6\n","type":"stdout"}
1791356620.595495235	{"data":"\n> @ build /workspace/tree/nextjs\n> next build\n\n","type":"stdout"}
1791356621.913040584	{"data":"Attention: Next.js now collects completely anonymous telemetry regarding usage.\n","type":"stdout"}
1791356621.914627665	{"data":"This information is used to shape Next.js' roadmap and prioritize features.\nYou can learn more, including how to opt-out if you'd not like to participate in this anonymous program, by visiting the following URL:\n","type":"stdout"}
1791356621.915943969	{"data":"https://nextjs.org/telemetry\n","type":"stdout"}
1791356621.917196107	{"data":"\n","type":"stdout"}
1791356621.925269367	{"data":"▲ Next.js 16.1.4 (Turbopack)\n","type":"stdout"}
1791356621.927731560	{"data":"\n","type":"stdout"}
1791356621.961247373	{"data":"  Creating an optimized production build ...\n","type":"stdout"}
1791356629.663582767	{"data":"✓ Compiled successfully in 7.1s\n","type":"stdout"}
1791356629.679183577	{"data":"  Running TypeScript ...\n","type":"stdout"}
1791356631.891498682	{"data":"  Collecting page data using 16 workers ...\n","type":"stdout"}
1791356632.899530855	{"data":"  Generating static pages using 16 workers (0/4) ...\n","type":"stdout"}
1791356633.288781678	{"data":"  Generating static pages using 16 workers (1/4) \r\n","type":"stdout"}
1791356633.290040907	{"data":"  Generating static pages using 16 workers (2/4) \r\n","type":"stdout"}
1791356633.291212043	{"data":"  Generating static pages using 16 workers (3/4) \r\n","type":"stdout"}
1791356633.292395158	{"data":"✓ Generating static pages using 16 workers (4/4) in 391.4ms\n","type":"stdout"}
1791356633.305619584	{"data":"  Finalizing page optimization ...\n","type":"stdout"}
1791356633.463521421	{"data":"\n","type":"stdout"}
1791356633.464928772	{"data":"Route (app)\n┌ ○ /\n└ ○ /_not-found\n\n\n","type":"stdout"}
1791356633.466284966	{"data":"○  (Static)  prerendered as static content\n\n","type":"stdout"}
1791356633.878358833	{"data":"BENCH_CMD_SECONDS=15.6278\n","type":"stdout"}
1791356634.674673397	{"bytes_down":11007,"bytes_up":11472,"duration_ms":73430,"exit_code":0,"from_store":7,"outcome":"succeeded","retryable":false,"type":"result","workspace":"warm"}
