1791356654.532580084	{"lease":"orgs/ORG/projects/PROJECT/envs/ENV/leases/sbx-1xm2bqaw","region":"","size":"large","type":"queued"}
1791356656.280715614	{"bytes":42683,"bytes_up":9413,"duration_ms":1613,"files":12,"from_store":12,"full":false,"new_volume":false,"removed":0,"type":"sync","volume":true,"workspace":"warm"}
1791356656.550744830	{"cache":true,"lease":"orgs/ORG/projects/PROJECT/envs/ENV/leases/sbx-1xm2bqaw","region":"","size":"large","type":"running","volume":true,"workspace":"warm"}
1791356669.448392561	{"data":"BENCH_TOOL_SECONDS=12.1154\n","type":"stdout"}
1791356670.254945329	{"data":"Lockfile is up to date, resolution step is skipped\n","type":"stdout"}
1791356670.277154582	{"data":"Already up to date\n","type":"stdout"}
1791356670.472299114	{"data":"\n","type":"stdout"}
1791356670.485148447	{"data":"Done in 968ms using pnpm v10.34.6\n","type":"stdout"}
1791356670.669295412	{"data":"\n   ╭─────────────────────────────────────────╮\n   │                                         │\n   │   Update available! 10.34.6 → 12.9.1.   │\n   │   Changelog: https://pnpm.io/v/12.9.1   │\n   │    To update, run: pnpm self-update     │\n   │                                         │\n   ╰─────────────────────────────────────────╯\n\n","type":"stdout"}
1791356671.088924334	{"data":"\n> @ build /workspace/tree/nextjs\n> next build\n\n","type":"stdout"}
1791356672.562795181	{"data":"Attention: Next.js now collects completely anonymous telemetry regarding usage.\n","type":"stdout"}
1791356672.565604725	{"data":"This information is used to shape Next.js' roadmap and prioritize features.\nYou can learn more, including how to opt-out if you'd not like to participate in this anonymous program, by visiting the following URL:\n","type":"stdout"}
1791356672.568311055	{"data":"https://nextjs.org/telemetry\n","type":"stdout"}
1791356672.570053057	{"data":"\n","type":"stdout"}
1791356672.572171064	{"data":"▲ Next.js 16.1.4 (Turbopack)\n","type":"stdout"}
1791356672.573767319	{"data":"\n","type":"stdout"}
1791356672.607216842	{"data":"  Creating an optimized production build ...\n","type":"stdout"}
1791356678.160205719	{"data":"✓ Compiled successfully in 4.9s\n","type":"stdout"}
1791356678.165611337	{"data":"  Running TypeScript ...\n","type":"stdout"}
1791356679.918895629	{"data":"  Collecting page data using 16 workers ...\n","type":"stdout"}
1791356680.689194828	{"data":"  Generating static pages using 16 workers (0/4) ...\n","type":"stdout"}
1791356680.952604145	{"data":"  Generating static pages using 16 workers (1/4) \r\n","type":"stdout"}
1791356680.954485567	{"data":"  Generating static pages using 16 workers (2/4) \r\n","type":"stdout"}
1791356680.955811977	{"data":"  Generating static pages using 16 workers (3/4) \r\n","type":"stdout"}
1791356680.957176784	{"data":"✓ Generating static pages using 16 workers (4/4) in 268.8ms\n","type":"stdout"}
1791356680.962606128	{"data":"  Finalizing page optimization ...\n","type":"stdout"}
1791356681.113321748	{"data":"\n","type":"stdout"}
1791356681.114815298	{"data":"Route (app)\n┌ ○ /\n└ ○ /_not-found\n\n\n","type":"stdout"}
1791356681.116833485	{"data":"○  (Static)  prerendered as static content\n","type":"stdout"}
1791356681.118167566	{"data":"\n","type":"stdout"}
1791356681.525761747	{"data":"BENCH_CMD_SECONDS=12.0788\n","type":"stdout"}
1791356682.574958126	{"bytes_down":11234,"bytes_up":9413,"duration_ms":47810,"exit_code":0,"from_store":12,"outcome":"succeeded","retryable":false,"type":"result","workspace":"warm"}
