1791354582.222400124	{"lease":"orgs/ORG/projects/PROJECT/envs/ENV/leases/sbx-zktee1z1","region":"","size":"standard","type":"queued"}
1791354586.326950311	{"bytes":474871,"bytes_up":519798,"duration_ms":3941,"files":46,"from_store":45,"full":true,"new_volume":false,"removed":0,"type":"sync","volume":true,"workspace":"cold"}
1791354586.725187500	{"cache":true,"lease":"orgs/ORG/projects/PROJECT/envs/ENV/leases/sbx-zktee1z1","region":"","size":"standard","type":"running","volume":true,"workspace":"cold"}
1791354594.482205693	{"data":"BENCH_TOOL_SECONDS=7.26421\n","type":"stdout"}
1791354594.921793335	{"data":"Lockfile is up to date, resolution step is skipped\n","type":"stdout"}
1791354594.931719579	{"data":"Progress: resolved 1, reused 0, downloaded 0, added 0\n","type":"stdout"}
1791354594.997142980	{"data":"Packages: +52\n++++++++++++++++++++++++++++++++++++++++++++++++++++\n","type":"stdout"}
1791354595.248678276	{"data":"\n   ╭─────────────────────────────────────────╮\n   │                                         │\n   │   Update available! 10.34.6 → 12.9.1.   │\n   │   Changelog: https://pnpm.io/v/12.9.1   │\n   │    To update, run: pnpm self-update     │\n   │                                         │\n   ╰─────────────────────────────────────────╯\n\n","type":"stdout"}
1791354595.328733522	{"data":"Progress: resolved 52, reused 52, downloaded 0, added 52, done\n","type":"stdout"}
1791354595.408550730	{"data":"\ndependencies:\n+ next 16.1.4\n+ react 19.2.3\n+ react-dom 19.2.3\n\ndevDependencies:\n+ @tailwindcss/postcss 4.1.18\n+ @types/node 20.19.30\n+ @types/react 19.2.9\n+ @types/react-dom 19.2.3\n+ tailwindcss 4.1.18\n+ typescript 5.9.3\n\n","type":"stdout"}
1791354595.423221693	{"data":"Done in 888ms using pnpm v10.34.6\n","type":"stdout"}
1791354595.757195741	{"data":"\n> @ build /workspace/tree/nextjs\n> next build\n\n","type":"stdout"}
1791354597.042763869	{"data":"Attention: Next.js now collects completely anonymous telemetry regarding usage.\n","type":"stdout"}
1791354597.045758692	{"data":"This information is used to shape Next.js' roadmap and prioritize features.\n","type":"stdout"}
1791354597.048999776	{"data":"You can learn more, including how to opt-out if you'd not like to participate in this anonymous program, by visiting the following URL:\n","type":"stdout"}
1791354597.051753127	{"data":"https://nextjs.org/telemetry\n","type":"stdout"}
1791354597.054600699	{"data":"\n","type":"stdout"}
1791354597.058563655	{"data":"▲ Next.js 16.1.4 (Turbopack)\n","type":"stdout"}
1791354597.060986010	{"data":"\n","type":"stdout"}
1791354597.223025926	{"data":"  Creating an optimized production build ...\n","type":"stdout"}
1791354602.428523012	{"data":"✓ Compiled successfully in 4.8s\n","type":"stdout"}
1791354602.460748814	{"data":"  Running TypeScript ...\n","type":"stdout"}
1791354604.242382904	{"data":"  Collecting page data using 8 workers ...\n","type":"stdout"}
1791354604.806731948	{"data":"  Generating static pages using 8 workers (0/4) ...\n","type":"stdout"}
1791354605.149518168	{"data":"  Generating static pages using 8 workers (1/4) \r\n","type":"stdout"}
1791354605.150938439	{"data":"  Generating static pages using 8 workers (2/4) \r\n","type":"stdout"}
1791354605.152219892	{"data":"  Generating static pages using 8 workers (3/4) \r\n","type":"stdout"}
1791354605.153586432	{"data":"✓ Generating static pages using 8 workers (4/4) in 346.2ms\n","type":"stdout"}
1791354605.156467134	{"data":"  Finalizing page optimization ...\n","type":"stdout"}
1791354605.309080627	{"data":"\n","type":"stdout"}
1791354605.310452786	{"data":"Route (app)\n┌ ○ /\n└ ○ /_not-found\n\n\n","type":"stdout"}
1791354605.311976562	{"data":"○  (Static)  prerendered as static content\n\n","type":"stdout"}
1791354605.722475578	{"data":"BENCH_CMD_SECONDS=11.2293\n","type":"stdout"}
1791354606.631404254	{"bytes_down":3936,"bytes_up":519798,"duration_ms":29624,"exit_code":0,"from_store":45,"outcome":"succeeded","retryable":false,"type":"result","workspace":"cold"}
