1791354642.253174346	{"lease":"orgs/ORG/projects/PROJECT/envs/ENV/leases/sbx-w0e2fh1h","region":"","size":"standard","type":"queued"}
1791354644.249971667	{"bytes":506726,"bytes_up":18037,"duration_ms":1849,"files":54,"from_store":54,"full":true,"new_volume":false,"removed":0,"type":"sync","volume":true,"workspace":"cold"}
1791354644.565237535	{"cache":true,"lease":"orgs/ORG/projects/PROJECT/envs/ENV/leases/sbx-w0e2fh1h","region":"","size":"standard","type":"running","volume":true,"workspace":"cold"}
1791354652.425633537	{"data":"BENCH_TOOL_SECONDS=6.37186\n","type":"stdout"}
1791354652.913131944	{"data":"Lockfile is up to date, resolution step is skipped\n","type":"stdout"}
1791354652.926147973	{"data":"Progress: resolved 1, reused 0, downloaded 0, added 0\n","type":"stdout"}
1791354652.980005612	{"data":"Packages: +52\n++++++++++++++++++++++++++++++++++++++++++++++++++++\n","type":"stdout"}
1791354653.333857393	{"data":"Progress: resolved 52, reused 52, downloaded 0, added 52, done\n","type":"stdout"}
1791354653.431871204	{"data":"\ndependencies:\n+ next 16.1.4\n+ react 19.2.3\n+ react-dom 19.2.3\n\ndevDependencies:\n+ @tailwindcss/postcss 4.1.18\n+ @types/node 20.19.30\n+ @types/react 19.2.9\n+ @types/react-dom 19.2.3\n+ tailwindcss 4.1.18\n+ typescript 5.9.3\n\n","type":"stdout"}
1791354653.451903922	{"data":"Done in 960ms using pnpm v10.34.6\n","type":"stdout"}
1791354653.969192456	{"data":"\n   ╭─────────────────────────────────────────╮\n   │                                         │\n   │   Update available! 10.34.6 → 12.9.1.   │\n   │   Changelog: https://pnpm.io/v/12.9.1   │\n   │    To update, run: pnpm self-update     │\n   │                                         │\n   ╰─────────────────────────────────────────╯\n\n","type":"stdout"}
1791354654.372725570	{"data":"\n> @ build /workspace/tree/nextjs\n> next build\n\n","type":"stdout"}
1791354655.594854802	{"data":"Attention: Next.js now collects completely anonymous telemetry regarding usage.\n","type":"stdout"}
1791354655.599544028	{"data":"This information is used to shape Next.js' roadmap and prioritize features.\nYou can learn more, including how to opt-out if you'd not like to participate in this anonymous program, by visiting the following URL:\n","type":"stdout"}
1791354655.600804068	{"data":"https://nextjs.org/telemetry\n","type":"stdout"}
1791354655.601945311	{"data":"\n","type":"stdout"}
1791354655.608535179	{"data":"▲ Next.js 16.1.4 (Turbopack)\n","type":"stdout"}
1791354655.614948050	{"data":"\n","type":"stdout"}
1791354655.645698668	{"data":"  Creating an optimized production build ...\n","type":"stdout"}
1791354661.944432288	{"data":"✓ Compiled successfully in 5.8s\n","type":"stdout"}
1791354661.962224083	{"data":"  Running TypeScript ...\n","type":"stdout"}
1791354663.700881779	{"data":"  Collecting page data using 8 workers ...\n","type":"stdout"}
1791354664.272966900	{"data":"  Generating static pages using 8 workers (0/4) ...\n","type":"stdout"}
1791354664.579572143	{"data":"  Generating static pages using 8 workers (1/4) \r\n","type":"stdout"}
1791354664.580948919	{"data":"  Generating static pages using 8 workers (2/4) \r\n","type":"stdout"}
1791354664.582337522	{"data":"  Generating static pages using 8 workers (3/4) \r\n","type":"stdout"}
1791354664.583611514	{"data":"✓ Generating static pages using 8 workers (4/4) in 308.3ms\n","type":"stdout"}
1791354664.585776672	{"data":"  Finalizing page optimization ...\n","type":"stdout"}
1791354664.736962663	{"data":"\n","type":"stdout"}
1791354664.738414681	{"data":"Route (app)\n┌ ○ /\n└ ○ /_not-found\n\n\n","type":"stdout"}
1791354664.739699389	{"data":"○  (Static)  prerendered as static content\n","type":"stdout"}
1791354664.741094822	{"data":"\n","type":"stdout"}
1791354665.149323582	{"data":"BENCH_CMD_SECONDS=12.7235\n","type":"stdout"}
1791354665.781777471	{"bytes_down":3932,"bytes_up":18037,"duration_ms":28625,"exit_code":0,"from_store":54,"outcome":"succeeded","retryable":false,"type":"result","workspace":"cold"}
