1791354506.857368535	{"lease":"orgs/ORG/projects/PROJECT/envs/ENV/leases/sbx-gc7fq83a","region":"","size":"standard","type":"queued"}
1791354507.562265511	{"bytes":3140085,"bytes_up":860951,"duration_ms":650,"files":223,"from_store":0,"full":true,"new_volume":false,"removed":0,"type":"sync","volume":true,"workspace":"cold"}
1791354507.773883715	{"cache":false,"lease":"orgs/ORG/projects/PROJECT/envs/ENV/leases/sbx-gc7fq83a","region":"","size":"standard","type":"running","volume":true,"workspace":"cold"}
1791354508.708339463	{"data":"   Compiling memchr v2.8.3\n","type":"stderr"}
1791354508.710949560	{"data":"   Compiling regex-syntax v0.8.11\n","type":"stderr"}
1791354508.713169341	{"data":"   Compiling libc v0.2.186\n","type":"stderr"}
1791354508.714757864	{"data":"   Compiling log v0.4.33\n","type":"stderr"}
1791354508.717173849	{"data":"   Compiling serde_core v1.0.228\n","type":"stderr"}
1791354508.719044045	{"data":"   Compiling zmij v1.0.23\n","type":"stderr"}
1791354508.720809013	{"data":"   Compiling cfg-if v1.0.4\n","type":"stderr"}
1791354508.723544007	{"data":"   Compiling crossbeam-utils v0.8.22\n","type":"stderr"}
1791354508.951839584	{"data":"   Compiling encoding_rs v0.8.35\n","type":"stderr"}
1791354509.211681484	{"data":"   Compiling serde_json v1.0.150\n","type":"stderr"}
1791354509.225294920	{"data":"   Compiling crossbeam-epoch v0.9.20\n","type":"stderr"}
1791354509.258975394	{"data":"   Compiling","type":"stderr"}
1791354509.260440583	{"data":" serde v1.0.228\n","type":"stderr"}
1791354509.634647907	{"data":"   Compiling crossbeam-deque v0.8.7\n","type":"stderr"}
1791354510.015068445	{"data":"   Compiling termcolor v1.4.1\n","type":"stderr"}
1791354510.150029362	{"data":"   Compiling itoa v1.0.18\n","type":"stderr"}
1791354510.403452722	{"data":"   Compiling aho-corasick v1.1.4\n","type":"stderr"}
1791354510.610216032	{"data":"   Compiling grep-matcher v0.1.9 (/workspace/tree/crates/matcher)\n","type":"stderr"}
1791354510.841614615	{"data":"   Compiling memmap2 v0.9.11\n","type":"stderr"}
1791354510.850523281	{"data":"   Compiling same-file v1.0.6\n","type":"stderr"}
1791354511.242363583	{"data":"   Compiling anyhow v1.0.103\n","type":"stderr"}
1791354511.289906677	{"data":"   Compiling walkdir v2.5.0\n","type":"stderr"}
1791354511.434922040	{"data":"   Compiling ripgrep v15.2.0 (/workspace/tree)\n","type":"stderr"}
1791354511.844437301	{"data":"   Compiling encoding_rs_io v0.1.7\n","type":"stderr"}
1791354512.213278996	{"data":"   Compiling textwrap v0.16.2\n","type":"stderr"}
1791354512.501506616	{"data":"   Compiling lexopt v0.3.2\n","type":"stderr"}
1791354514.270409378	{"data":"   Compiling regex-automata v0.4.15\n","type":"stderr"}
1791354518.835908184	{"data":"   Compiling bstr v1.13.0\n","type":"stderr"}
1791354519.852161132	{"data":"   Compiling globset v0.4.19 (/workspace/tree/crates/globset)\n","type":"stderr"}
1791354519.853582655	{"data":"   Compiling grep-searcher v0.1.17 (/workspace/tree/crates/searcher)\n","type":"stderr"}
1791354519.854953972	{"data":"   Compiling grep-regex v0.1.14 (/workspace/tree/crates/regex)\n","type":"stderr"}
1791354520.349188798	{"data":"   Compiling grep-printer v0.3.1 (/workspace/tree/crates/printer)\n","type":"stderr"}
1791354521.008358574	{"data":"   Compiling grep-cli v0.1.12 (/workspace/tree/crates/cli)\n","type":"stderr"}
1791354521.009544033	{"data":"   Compiling ignore v0.4.29 (/workspace/tree/crates/ignore)\n","type":"stderr"}
1791354521.601516825	{"data":"   Compiling grep v0.4.1 (/workspace/tree/crates/grep)\n","type":"stderr"}
1791354526.101620001	{"data":"    Finished `release` profile [optimized + debuginfo] target(s) in 18.07s\n","type":"stderr"}
1791354526.112155559	{"data":"BENCH_SCCACHE Compile requests                     49\nBENCH_SCCACHE Compile requests executed            34\nBENCH_SCCACHE Cache hits                            0\nBENCH_SCCACHE Cache misses                         33\nBENCH_SCCACHE Cache misses (Rust)                  33\nBENCH_SCCACHE Cache hits rate                    0.00 %\nBENCH_SCCACHE Cache hits rate (Rust)             0.00 %\n","type":"stdout"}
1791354526.120050514	{"data":"BENCH_CMD_SECONDS=18.1077\n","type":"stdout"}
1791354526.602425785	{"bytes_down":3935,"bytes_up":860951,"duration_ms":24628,"exit_code":0,"from_store":0,"outcome":"succeeded","retryable":false,"type":"result","workspace":"cold"}
