1791354587.998701322	{"lease":"orgs/ORG/projects/PROJECT/envs/ENV/leases/sbx-v1v6qya7","region":"","size":"standard","type":"queued"}
1791354590.482274039	{"bytes":3140085,"bytes_up":10187,"duration_ms":2295,"files":223,"from_store":222,"full":true,"new_volume":false,"removed":0,"type":"sync","volume":true,"workspace":"cold"}
1791354590.923731986	{"cache":true,"lease":"orgs/ORG/projects/PROJECT/envs/ENV/leases/sbx-v1v6qya7","region":"","size":"standard","type":"running","volume":true,"workspace":"cold"}
1791354593.948049861	{"data":"   Compiling memchr v2.8.3\n","type":"stderr"}
1791354593.953233999	{"data":"   Compiling regex-syntax v0.8.11\n","type":"stderr"}
1791354593.955744647	{"data":"   Compiling libc v0.2.186\n   Compiling log v0.4.33\n   Compiling serde_core v1.0.228\n","type":"stderr"}
1791354593.957685539	{"data":"   Compiling zmij v1.0.23\n","type":"stderr"}
1791354593.959068093	{"data":"   Compiling crossbeam-utils v0.8.22\n","type":"stderr"}
1791354593.960301053	{"data":"   Compiling cfg-if v1.0.4\n","type":"stderr"}
1791354594.212859745	{"data":"   Compiling encoding_rs v0.8.35\n","type":"stderr"}
1791354594.313223982	{"data":"   Compiling serde v1.0.228\n","type":"stderr"}
1791354594.426995967	{"data":"   Compiling crossbeam-epoch v0.9.20\n","type":"stderr"}
1791354594.468662163	{"data":"   Compiling serde_json v1.0.150\n","type":"stderr"}
1791354594.596190998	{"data":"   Compiling aho-corasick v1.1.4\n","type":"stderr"}
1791354594.702795729	{"data":"   Compiling grep-matcher v0.1.9 (/workspace/tree/crates/matcher)\n","type":"stderr"}
1791354595.004931316	{"data":"   Compiling termcolor v1.4.1\n","type":"stderr"}
1791354595.035921965	{"data":"   Compiling itoa v1.0.18\n","type":"stderr"}
1791354595.337330471	{"data":"   Compiling crossbeam-deque v0.8.7\n","type":"stderr"}
1791354595.535809931	{"data":"   Compiling anyhow v1.0.103\n","type":"stderr"}
1791354595.576889788	{"data":"   Compiling encoding_rs_io v0.1.7\n","type":"stderr"}
1791354595.694518850	{"data":"   Compiling same-file v1.0.6\n","type":"stderr"}
1791354595.732185415	{"data":"   Compiling ripgrep v15.2.0 (/workspace/tree)\n","type":"stderr"}
1791354595.809936133	{"data":"   Compiling memmap2 v0.9.11\n","type":"stderr"}
1791354595.824005733	{"data":"   Compiling lexopt v0.3.2\n","type":"stderr"}
1791354595.913372820	{"data":"   Compiling walkdir v2.5.0\n","type":"stderr"}
1791354596.017060675	{"data":"   Compiling textwrap v0.16.2\n","type":"stderr"}
1791354596.904297603	{"data":"   Compiling regex-automata v0.4.15\n","type":"stderr"}
1791354599.527428764	{"data":"   Compiling bstr v1.13.0\n","type":"stderr"}
1791354600.223395138	{"data":"   Compiling globset v0.4.19 (/workspace/tree/crates/globset)\n","type":"stderr"}
1791354600.230926318	{"data":"   Compiling grep-searcher v0.1.17 (/workspace/tree/crates/searcher)\n   Compiling grep-regex v0.1.14 (/workspace/tree/crates/regex)\n","type":"stderr"}
1791354600.526776394	{"data":"   Compiling grep-printer v0.3.1 (/workspace/tree/crates/printer)\n","type":"stderr"}
1791354600.809608578	{"data":"   Compiling grep-cli v0.1.12 (/workspace/tree/crates/cli)\n","type":"stderr"}
1791354600.812814748	{"data":"   Compiling ignore v0.4.29 (/workspace/tree/crates/ignore)\n","type":"stderr"}
1791354601.238009575	{"data":"   Compiling grep v0.4.1 (/workspace/tree/crates/grep)\n","type":"stderr"}
1791354605.289691495	{"data":"    Finished `release` profile [optimized + debuginfo] target(s) in 13.43s\n","type":"stderr"}
1791354605.302091310	{"data":"BENCH_SCCACHE Compile requests                      49\nBENCH_SCCACHE Compile requests executed             34\nBENCH_SCCACHE Cache hits                            33\nBENCH_SCCACHE Cache hits (Rust)                     33\nBENCH_SCCACHE Cache misses                           0\nBENCH_SCCACHE Cache hits rate                   100.00 %\nBENCH_SCCACHE Cache hits rate (Rust)            100.00 %\n","type":"stdout"}
1791354605.313807880	{"data":"BENCH_CMD_SECONDS=13.4829\n","type":"stdout"}
1791354606.312374228	{"bytes_down":3795,"bytes_up":10187,"duration_ms":23635,"exit_code":0,"from_store":222,"outcome":"succeeded","retryable":false,"type":"result","workspace":"cold"}
