1791354612.681535024	{"lease":"orgs/ORG/projects/PROJECT/envs/ENV/leases/sbx-annrydgn","region":"","size":"standard","type":"queued"}
1791354616.748894196	{"bytes":3140085,"bytes_up":10187,"duration_ms":3855,"files":223,"from_store":222,"full":true,"new_volume":false,"removed":0,"type":"sync","volume":true,"workspace":"cold"}
1791354617.132057978	{"cache":true,"lease":"orgs/ORG/projects/PROJECT/envs/ENV/leases/sbx-annrydgn","region":"","size":"standard","type":"running","volume":true,"workspace":"cold"}
1791354618.494463434	{"data":"   Compiling memchr v2.8.3\n","type":"stderr"}
1791354618.495761602	{"data":"   Compiling regex-syntax v0.8.11\n","type":"stderr"}
1791354618.497080310	{"data":"   Compiling libc v0.2.186\n","type":"stderr"}
1791354618.498281663	{"data":"   Compiling log v0.4.33\n","type":"stderr"}
1791354618.499486500	{"data":"   Compiling serde_core v1.0.228\n","type":"stderr"}
1791354618.501356306	{"data":"   Compiling zmij v1.0.23\n   Compiling crossbeam-utils v0.8.22\n","type":"stderr"}
1791354618.502952531	{"data":"   Compiling cfg-if v1.0.4\n","type":"stderr"}
1791354618.709036050	{"data":"   Compiling encoding_rs v0.8.35\n","type":"stderr"}
1791354618.808346126	{"data":"   Compiling serde v1.0.228\n","type":"stderr"}
1791354618.908769863	{"data":"   Compiling crossbeam-epoch v0.9.20\n","type":"stderr"}
1791354618.931582160	{"data":"   Compiling serde_json v1.0.150\n","type":"stderr"}
1791354619.170303230	{"data":"   Compiling aho-corasick v1.1.4\n","type":"stderr"}
1791354619.226130433	{"data":"   Compiling grep-matcher v0.1.9 (/workspace/tree/crates/matcher)\n","type":"stderr"}
1791354619.842710195	{"data":"   Compiling crossbeam-deque v0.8.7\n","type":"stderr"}
1791354619.848956928	{"data":"   Compiling termcolor v1.4.1\n","type":"stderr"}
1791354619.852432322	{"data":"   Compiling encoding_rs_io v0.1.7\n","type":"stderr"}
1791354619.853732803	{"data":"   Compiling itoa v1.0.18\n","type":"stderr"}
1791354619.861718826	{"data":"   Compiling regex-automata v0.4.15\n","type":"stderr"}
1791354620.101755268	{"data":"   Compiling anyhow v1.0.103\n","type":"stderr"}
1791354620.161697015	{"data":"   Compiling","type":"stderr"}
1791354620.163063205	{"data":" same-file v1.0.6\n","type":"stderr"}
1791354620.355279829	{"data":"   Compiling walkdir v2.5.0\n","type":"stderr"}
1791354620.410621154	{"data":"   Compiling ripgrep v15.2.0 (/workspace/tree)\n","type":"stderr"}
1791354620.552406960	{"data":"   Compiling textwrap v0.16.2\n","type":"stderr"}
1791354620.825343056	{"data":"   Compiling lexopt v0.3.2\n","type":"stderr"}
1791354620.826684208	{"data":"   Compiling memmap2 v0.9.11\n","type":"stderr"}
1791354621.498027427	{"data":"   Compiling bstr v1.13.0\n","type":"stderr"}
1791354621.826496996	{"data":"   Compiling globset v0.4.19 (/workspace/tree/crates/globset)\n","type":"stderr"}
1791354621.827918218	{"data":"   Compiling grep-searcher v0.1.17 (/workspace/tree/crates/searcher)\n   Compiling grep-regex v0.1.14 (/workspace/tree/crates/regex)\n","type":"stderr"}
1791354622.213137866	{"data":"   Compiling grep-cli v0.1.12 (/workspace/tree/crates/cli)\n","type":"stderr"}
1791354622.214492308	{"data":"   Compiling ignore v0.4.29 (/workspace/tree/crates/ignore)\n","type":"stderr"}
1791354622.368926051	{"data":"   Compiling","type":"stderr"}
1791354622.370246332	{"data":" grep-printer v0.3.1 (/workspace/tree/crates/printer)\n","type":"stderr"}
1791354622.637323768	{"data":"   Compiling grep v0.4.1 (/workspace/tree/crates/grep)\n","type":"stderr"}
1791354626.605102317	{"data":"    Finished `release` profile [optimized + debuginfo] target(s) in 8.85s\n","type":"stderr"}
1791354626.615182682	{"data":"BENCH_SCCACHE Compile requests                      49\nBENCH_SCCACHE Compile requests executed             34\nBENCH_SCCACHE Cache hits                            33\nBENCH_SCCACHE Cache hits (Rust)                     33\nBENCH_SCCACHE Cache misses                           0\nBENCH_SCCACHE Cache hits rate                   100.00 %\nBENCH_SCCACHE Cache hits rate (Rust)            100.00 %\n","type":"stdout"}
1791354626.628237719	{"data":"BENCH_CMD_SECONDS=8.90078\n","type":"stdout"}
1791354627.485326833	{"bytes_down":3902,"bytes_up":10187,"duration_ms":21054,"exit_code":0,"from_store":222,"outcome":"succeeded","retryable":false,"type":"result","workspace":"cold"}
