1791354632.798370549	{"lease":"orgs/ORG/projects/PROJECT/envs/ENV/leases/sbx-xeyk57pj","region":"","size":"standard","type":"queued"}
1791354635.736602167	{"bytes":3140085,"bytes_up":10187,"duration_ms":2775,"files":223,"from_store":222,"full":true,"new_volume":false,"removed":0,"type":"sync","volume":true,"workspace":"cold"}
1791354636.133341148	{"cache":true,"lease":"orgs/ORG/projects/PROJECT/envs/ENV/leases/sbx-xeyk57pj","region":"","size":"standard","type":"running","volume":true,"workspace":"cold"}
1791354637.334915700	{"data":"   Compiling memchr v2.8.3\n","type":"stderr"}
1791354637.336327989	{"data":"   Compiling regex-syntax v0.8.11\n","type":"stderr"}
1791354637.337709322	{"data":"   Compiling libc v0.2.186\n","type":"stderr"}
1791354637.339006718	{"data":"   Compiling log v0.4.33\n","type":"stderr"}
1791354637.340757635	{"data":"   Compiling serde_core v1.0.228\n","type":"stderr"}
1791354637.342091306	{"data":"   Compiling zmij v1.0.23\n","type":"stderr"}
1791354637.343382364	{"data":"   Compiling crossbeam-utils v0.8.22\n","type":"stderr"}
1791354637.344699380	{"data":"   Compiling cfg-if v1.0.4\n","type":"stderr"}
1791354637.574029669	{"data":"   Compiling encoding_rs v0.8.35\n","type":"stderr"}
1791354637.591466951	{"data":"   Compiling serde v1.0.228\n","type":"stderr"}
1791354637.728525416	{"data":"   Compiling aho-corasick v1.1.4\n","type":"stderr"}
1791354637.741588325	{"data":"   Compiling grep-matcher v0.1.9 (/workspace/tree/crates/matcher)\n","type":"stderr"}
1791354637.784840762	{"data":"   Compiling crossbeam-epoch v0.9.20\n","type":"stderr"}
1791354638.010312551	{"data":"   Compiling serde_json v1.0.150\n","type":"stderr"}
1791354638.199119289	{"data":"   Compiling encoding_rs_io v0.1.7\n","type":"stderr"}
1791354638.235067445	{"data":"   Compiling","type":"stderr"}
1791354638.236356980	{"data":" crossbeam-deque v0.8.7\n","type":"stderr"}
1791354638.341596372	{"data":"   Compiling termcolor v1.4.1\n","type":"stderr"}
1791354638.442768762	{"data":"   Compiling","type":"stderr"}
1791354638.444073890	{"data":" itoa v1.0.18\n","type":"stderr"}
1791354638.455351942	{"data":"   Compiling regex-automata v0.4.15\n","type":"stderr"}
1791354638.456852703	{"data":"   Compiling anyhow v1.0.103\n","type":"stderr"}
1791354638.586859116	{"data":"   Compiling same-file v1.0.6\n","type":"stderr"}
1791354638.602419573	{"data":"   Compiling ripgrep v15.2.0 (/workspace/tree)\n","type":"stderr"}
1791354638.659229902	{"data":"   Compiling textwrap v0.16.2\n","type":"stderr"}
1791354638.826878143	{"data":"   Compiling walkdir v2.5.0\n","type":"stderr"}
1791354638.858737225	{"data":"   Compiling","type":"stderr"}
1791354638.860174090	{"data":" memmap2 v0.9.11\n","type":"stderr"}
1791354639.046339775	{"data":"   Compiling lexopt v0.3.2\n","type":"stderr"}
1791354639.814966479	{"data":"   Compiling bstr v1.13.0\n","type":"stderr"}
1791354640.280377486	{"data":"   Compiling globset v0.4.19 (/workspace/tree/crates/globset)\n","type":"stderr"}
1791354640.281900411	{"data":"   Compiling grep-searcher v0.1.17 (/workspace/tree/crates/searcher)\n","type":"stderr"}
1791354640.283801353	{"data":"   Compiling grep-regex v0.1.14 (/workspace/tree/crates/regex)\n","type":"stderr"}
1791354640.558607164	{"data":"   Compiling grep-printer v0.3.1 (/workspace/tree/crates/printer)\n","type":"stderr"}
1791354640.591258904	{"data":"   Compiling grep-cli v0.1.12 (/workspace/tree/crates/cli)\n","type":"stderr"}
1791354640.592697944	{"data":"   Compiling ignore v0.4.29 (/workspace/tree/crates/ignore)\n","type":"stderr"}
1791354640.962459127	{"data":"   Compiling grep v0.4.1 (/workspace/tree/crates/grep)\n","type":"stderr"}
1791354644.825059574	{"data":"    Finished `release` profile [optimized + debuginfo] target(s) in 8.18s\n","type":"stderr"}
1791354644.836024105	{"data":"BENCH_SCCACHE Compile requests                      49\nBENCH_SCCACHE Compile requests executed             34\nBENCH_SCCACHE Cache hits                            33\nBENCH_SCCACHE Cache hits (Rust)                     33\nBENCH_SCCACHE Cache misses                           0\nBENCH_SCCACHE Cache hits rate                   100.00 %\nBENCH_SCCACHE Cache hits rate (Rust)            100.00 %\n","type":"stdout"}
1791354644.848594196	{"data":"BENCH_CMD_SECONDS=8.23223\n","type":"stdout"}
1791354646.150936301	{"bytes_down":4010,"bytes_up":10187,"duration_ms":18559,"exit_code":0,"from_store":222,"outcome":"succeeded","retryable":false,"type":"result","workspace":"cold"}
