1791354702.692463566	{"lease":"orgs/ORG/projects/PROJECT/envs/ENV/leases/sbx-55bfywam","region":"","size":"standard","type":"queued"}
1791354705.452055968	{"bytes":3140085,"bytes_up":10187,"duration_ms":2617,"files":223,"from_store":222,"full":true,"new_volume":false,"removed":0,"type":"sync","volume":true,"workspace":"cold"}
1791354705.969527035	{"cache":true,"lease":"orgs/ORG/projects/PROJECT/envs/ENV/leases/sbx-55bfywam","region":"","size":"standard","type":"running","volume":true,"workspace":"cold"}
1791354707.567190671	{"data":"   Compiling memchr v2.8.3\n   Compiling","type":"stderr"}
1791354707.568540496	{"data":" regex-syntax v0.8.11\n","type":"stderr"}
1791354707.569832625	{"data":"   Compiling libc v0.2.186\n","type":"stderr"}
1791354707.571038384	{"data":"   Compiling log v0.4.33\n","type":"stderr"}
1791354707.572334719	{"data":"   Compiling serde_core v1.0.228\n","type":"stderr"}
1791354707.573682211	{"data":"   Compiling zmij v1.0.23\n","type":"stderr"}
1791354707.575074740	{"data":"   Compiling crossbeam-utils v0.8.22\n","type":"stderr"}
1791354707.576441200	{"data":"   Compiling cfg-if v1.0.4\n","type":"stderr"}
1791354707.751656515	{"data":"   Compiling encoding_rs v0.8.35\n","type":"stderr"}
1791354707.865979766	{"data":"   Compiling serde v1.0.228\n","type":"stderr"}
1791354707.958039583	{"data":"   Compiling crossbeam-epoch v0.9.20\n","type":"stderr"}
1791354707.991816082	{"data":"   Compiling serde_json v1.0.150\n","type":"stderr"}
1791354708.028888345	{"data":"   Compiling aho-corasick v1.1.4\n","type":"stderr"}
1791354708.268799750	{"data":"   Compiling grep-matcher v0.1.9 (/workspace/tree/crates/matcher)\n","type":"stderr"}
1791354708.478303000	{"data":"   Compiling itoa v1.0.18\n","type":"stderr"}
1791354708.705562532	{"data":"   Compiling crossbeam-deque v0.8.7\n","type":"stderr"}
1791354708.777916522	{"data":"   Compiling termcolor v1.4.1\n","type":"stderr"}
1791354708.885256446	{"data":"   Compiling anyhow v1.0.103\n","type":"stderr"}
1791354709.049570163	{"data":"   Compiling same-file v1.0.6\n","type":"stderr"}
1791354709.093094858	{"data":"   Compiling ripgrep v15.2.0 (/workspace/tree)\n","type":"stderr"}
1791354709.120412225	{"data":"   Compiling encoding_rs_io v0.1.7\n","type":"stderr"}
1791354709.128867602	{"data":"   Compiling regex-automata v0.4.15\n","type":"stderr"}
1791354709.510266084	{"data":"   Compiling textwrap v0.16.2\n","type":"stderr"}
1791354709.601702296	{"data":"   Compiling lexopt v0.3.2\n","type":"stderr"}
1791354710.852143857	{"data":"   Compiling memmap2 v0.9.11\n","type":"stderr"}
1791354711.358412816	{"data":"   Compiling walkdir v2.5.0\n","type":"stderr"}
1791354711.701215169	{"data":"   Compiling bstr v1.13.0\n","type":"stderr"}
1791354713.871655873	{"data":"   Compiling globset v0.4.19 (/workspace/tree/crates/globset)\n","type":"stderr"}
1791354713.872935914	{"data":"   Compiling grep-searcher v0.1.17 (/workspace/tree/crates/searcher)\n","type":"stderr"}
1791354713.874133240	{"data":"   Compiling grep-regex v0.1.14 (/workspace/tree/crates/regex)\n","type":"stderr"}
1791354714.415129946	{"data":"   Compiling grep-printer v0.3.1 (/workspace/tree/crates/printer)\n","type":"stderr"}
1791354714.838897880	{"data":"   Compiling grep-cli v0.1.12 (/workspace/tree/crates/cli)\n","type":"stderr"}
1791354714.840270549	{"data":"   Compiling ignore v0.4.29 (/workspace/tree/crates/ignore)\n","type":"stderr"}
1791354715.413948510	{"data":"   Compiling grep v0.4.1 (/workspace/tree/crates/grep)\n","type":"stderr"}
1791354719.253087529	{"data":"    Finished `release` profile [optimized + debuginfo] target(s) in 12.33s\n","type":"stderr"}
1791354719.260894764	{"data":"BENCH_SCCACHE Compile requests                      49\nBENCH_SCCACHE Compile requests executed             34\nBENCH_SCCACHE Cache hits                            33\nBENCH_SCCACHE Cache hits (Rust)                     33\nBENCH_SCCACHE Cache misses                           0\nBENCH_SCCACHE Cache hits rate                   100.00 %\nBENCH_SCCACHE Cache hits rate (Rust)            100.00 %\n","type":"stdout"}
1791354719.270681127	{"data":"BENCH_CMD_SECONDS=12.3809\n","type":"stdout"}
1791354720.379198454	{"bytes_down":3906,"bytes_up":10187,"duration_ms":26843,"exit_code":0,"from_store":222,"outcome":"succeeded","retryable":false,"type":"result","workspace":"cold"}
