1791356390.914832163	{"lease":"orgs/ORG/projects/PROJECT/envs/ENV/leases/sbx-nf3kkc1x","region":"","size":"standard","type":"queued"}
1791356393.296066159	{"bytes":1459224,"bytes_up":13684,"duration_ms":2253,"files":128,"from_store":128,"full":false,"new_volume":false,"removed":0,"type":"sync","volume":true,"workspace":"warm"}
1791356394.798233203	{"cache":true,"lease":"orgs/ORG/projects/PROJECT/envs/ENV/leases/sbx-nf3kkc1x","region":"","size":"standard","type":"running","volume":true,"workspace":"warm"}
1791356406.790305145	{"data":"BENCH_TOOL_SECONDS=7.67448\n","type":"stdout"}
1791356407.280356166	{"data":"Lockfile is up to date, resolution step is skipped\n","type":"stdout"}
1791356407.327987258	{"data":"Already up to date\n","type":"stdout"}
1791356407.506282714	{"data":"\n","type":"stdout"}
1791356407.518637916	{"data":"Done in 656ms using pnpm v10.34.6\n","type":"stdout"}
1791356408.138079852	{"data":"\n   ╭─────────────────────────────────────────╮\n   │                                         │\n   │   Update available! 10.34.6 → 12.9.1.   │\n   │   Changelog: https://pnpm.io/v/12.9.1   │\n   │    To update, run: pnpm self-update     │\n   │                                         │\n   ╰─────────────────────────────────────────╯\n\n","type":"stdout"}
1791356408.951438363	{"data":"\n> @ build /workspace/tree/nextjs\n> next build\n\n","type":"stdout"}
1791356411.934301893	{"data":"Attention: Next.js now collects completely anonymous telemetry regarding usage.\n","type":"stdout"}
1791356411.936077486	{"data":"This information is used to shape Next.js' roadmap and prioritize features.\n","type":"stdout"}
1791356411.937566409	{"data":"You can learn more, including how to opt-out if you'd not like to participate in this anonymous program, by visiting the following URL:\n","type":"stdout"}
1791356411.938919959	{"data":"https://nextjs.org/telemetry\n","type":"stdout"}
1791356411.940325237	{"data":"\n","type":"stdout"}
1791356412.083338695	{"data":"▲ Next.js 16.1.4 (Turbopack)\n","type":"stdout"}
1791356412.084813026	{"data":"\n","type":"stdout"}
1791356412.177837013	{"data":"  Creating an optimized production build ...\n","type":"stdout"}
1791356418.980877826	{"data":"✓ Compiled successfully in 6.3s\n","type":"stdout"}
1791356419.002131636	{"data":"  Running TypeScript ...\n","type":"stdout"}
1791356420.612780314	{"data":"  Collecting page data using 8 workers ...\n","type":"stdout"}
1791356421.083372310	{"data":"  Generating static pages using 8 workers (0/4) ...\n","type":"stdout"}
1791356421.350602862	{"data":"  Generating static pages using 8 workers (1/4) \r\n","type":"stdout"}
1791356421.352446667	{"data":"  Generating static pages using 8 workers (2/4) \r\n","type":"stdout"}
1791356421.353911725	{"data":"  Generating static pages using 8 workers (3/4) \r\n","type":"stdout"}
1791356421.355336753	{"data":"✓ Generating static pages using 8 workers (4/4) in 272.2ms\n","type":"stdout"}
1791356421.359826587	{"data":"  Finalizing page optimization ...\n","type":"stdout"}
1791356422.134756052	{"data":"\n","type":"stdout"}
1791356422.137190043	{"data":"Route (app)\n┌ ○ /\n└ ○ /_not-found\n\n","type":"stdout"}
1791356422.139284204	{"data":"\n","type":"stdout"}
1791356422.141326568	{"data":"○  (Static)  prerendered as static content\n","type":"stdout"}
1791356422.142548751	{"data":"\n","type":"stdout"}
1791356422.183358762	{"data":"BENCH_CMD_SECONDS=15.4019\n","type":"stdout"}
1791356422.987847324	{"bytes_down":4588,"bytes_up":13684,"duration_ms":47490,"exit_code":0,"from_store":128,"outcome":"succeeded","retryable":false,"type":"result","workspace":"warm"}
