1791356561.185314473	{"lease":"orgs/ORG/projects/PROJECT/envs/ENV/leases/sbx-vy68hvdd","region":"","size":"standard","type":"queued"}
1791356564.011239999	{"bytes":15405,"bytes_up":11860,"duration_ms":2634,"files":8,"from_store":8,"full":false,"new_volume":false,"removed":0,"type":"sync","volume":true,"workspace":"warm"}
1791356564.558975855	{"cache":true,"lease":"orgs/ORG/projects/PROJECT/envs/ENV/leases/sbx-vy68hvdd","region":"","size":"standard","type":"running","volume":true,"workspace":"warm"}
1791356572.975438938	{"data":"BENCH_TOOL_SECONDS=7.78795\n","type":"stdout"}
1791356573.683695349	{"data":"Lockfile is up to date, resolution step is skipped\n","type":"stdout"}
1791356574.374415877	{"data":"\n   ╭─────────────────────────────────────────╮\n   │                                         │\n   │   Update available! 10.34.6 → 12.9.1.   │\n   │   Changelog: https://pnpm.io/v/12.9.1   │\n   │    To update, run: pnpm self-update     │\n   │                                         │\n   ╰─────────────────────────────────────────╯\n\n","type":"stdout"}
1791356575.547516682	{"data":"Already up to date\n","type":"stdout"}
1791356575.712354371	{"data":"\n","type":"stdout"}
1791356575.722724796	{"data":"Done in 2.6s using pnpm v10.34.6\n","type":"stdout"}
1791356576.101817657	{"data":"\n> @ build /workspace/tree/nextjs\n> next build\n\n","type":"stdout"}
1791356580.447918656	{"data":"Attention: Next.js now collects completely anonymous telemetry regarding usage.\n","type":"stdout"}
1791356580.452870062	{"data":"This information is used to shape Next.js' roadmap and prioritize features.\nYou can learn more, including how to opt-out if you'd not like to participate in this anonymous program, by visiting the following URL:\n","type":"stdout"}
1791356580.454227368	{"data":"https://nextjs.org/telemetry\n\n","type":"stdout"}
1791356580.459332416	{"data":"▲ Next.js 16.1.4 (Turbopack)\n","type":"stdout"}
1791356580.465232436	{"data":"\n","type":"stdout"}
1791356580.491781979	{"data":"  Creating an optimized production build ...\n","type":"stdout"}
1791356587.706277435	{"data":"✓ Compiled successfully in 6.8s\n","type":"stdout"}
1791356587.731037734	{"data":"  Running TypeScript ...\n","type":"stdout"}
1791356590.279572152	{"data":"  Collecting page data using 8 workers ...\n","type":"stdout"}
1791356590.788027864	{"data":"  Generating static pages using 8 workers (0/4) ...\n","type":"stdout"}
1791356591.069996384	{"data":"  Generating static pages using 8 workers (1/4) \r\n","type":"stdout"}
1791356591.071459329	{"data":"  Generating static pages using 8 workers (2/4) \r\n  Generating static pages using 8 workers (3/4) \r\n","type":"stdout"}
1791356591.072837015	{"data":"✓ Generating static pages using 8 workers (4/4) in 282.1ms\n","type":"stdout"}
1791356591.074107441	{"data":"  Finalizing page optimization ...\n","type":"stdout"}
1791356591.938219681	{"data":"\n","type":"stdout"}
1791356591.939634524	{"data":"Route (app)\n┌ ○ /\n└ ○ /_not-found\n\n\n","type":"stdout"}
1791356591.941018840	{"data":"○  (Static)  prerendered as static content\n","type":"stdout"}
1791356591.942392170	{"data":"\n","type":"stdout"}
1791356591.994482783	{"data":"BENCH_CMD_SECONDS=19.0211\n","type":"stdout"}
1791356593.199238635	{"bytes_down":10880,"bytes_up":11860,"duration_ms":44146,"exit_code":0,"from_store":8,"outcome":"succeeded","retryable":false,"type":"result","workspace":"warm"}
