1791354890.250052183	{"lease":"orgs/ORG/projects/PROJECT/envs/ENV/leases/sbx-swf7c2cb","region":"","size":"large","type":"queued"}
1791354892.816243787	{"bytes":3140085,"bytes_up":10187,"duration_ms":2169,"files":223,"from_store":222,"full":true,"new_volume":false,"removed":0,"type":"sync","volume":true,"workspace":"cold"}
1791354893.169464080	{"cache":true,"lease":"orgs/ORG/projects/PROJECT/envs/ENV/leases/sbx-swf7c2cb","region":"","size":"large","type":"running","volume":true,"workspace":"cold"}
1791354894.861900728	{"data":"   Compiling memchr v2.8.3\n","type":"stderr"}
1791354894.864519528	{"data":"   Compiling regex-syntax v0.8.11\n","type":"stderr"}
1791354894.865945066	{"data":"   Compiling libc v0.2.186\n","type":"stderr"}
1791354894.867302223	{"data":"   Compiling log v0.4.33\n","type":"stderr"}
1791354894.868629414	{"data":"   Compiling serde_core v1.0.228\n","type":"stderr"}
1791354894.869979019	{"data":"   Compiling zmij v1.0.23\n","type":"stderr"}
1791354894.871486000	{"data":"   Compiling crossbeam-utils v0.8.22\n","type":"stderr"}
1791354894.873171839	{"data":"   Compiling cfg-if v1.0.4\n","type":"stderr"}
1791354894.874515595	{"data":"   Compiling serde v1.0.228\n","type":"stderr"}
1791354894.875825421	{"data":"   Compiling crossbeam-epoch v0.9.20\n","type":"stderr"}
1791354894.877183949	{"data":"   Compiling serde_json v1.0.150\n","type":"stderr"}
1791354894.878552603	{"data":"   Compiling crossbeam-deque v0.8.7\n","type":"stderr"}
1791354894.879885683	{"data":"   Compiling termcolor v1.4.1\n","type":"stderr"}
1791354894.881518152	{"data":"   Compiling itoa v1.0.18\n","type":"stderr"}
1791354894.882846846	{"data":"   Compiling anyhow v1.0.103\n","type":"stderr"}
1791354894.884158444	{"data":"   Compiling same-file v1.0.6\n","type":"stderr"}
1791354895.284733328	{"data":"   Compiling encoding_rs v0.8.35\n","type":"stderr"}
1791354895.299468997	{"data":"   Compiling walkdir v2.5.0\n","type":"stderr"}
1791354895.319707483	{"data":"   Compiling ripgrep v15.2.0 (/workspace/tree)\n","type":"stderr"}
1791354895.321119512	{"data":"   Compiling textwrap v0.16.2\n","type":"stderr"}
1791354895.345518530	{"data":"   Compiling lexopt v0.3.2\n","type":"stderr"}
1791354895.996931823	{"data":"   Compiling aho-corasick v1.1.4\n","type":"stderr"}
1791354895.998264863	{"data":"   Compiling grep-matcher v0.1.9 (/workspace/tree/crates/matcher)\n","type":"stderr"}
1791354896.528100781	{"data":"   Compiling encoding_rs_io v0.1.7\n","type":"stderr"}
1791354897.740744156	{"data":"   Compiling regex-automata v0.4.15\n","type":"stderr"}
1791354897.978399134	{"data":"   Compiling memmap2 v0.9.11\n","type":"stderr"}
1791354901.717693596	{"data":"   Compiling bstr v1.13.0\n","type":"stderr"}
1791354902.499834403	{"data":"   Compiling globset v0.4.19 (/workspace/tree/crates/globset)\n","type":"stderr"}
1791354902.501285630	{"data":"   Compiling grep-searcher v0.1.17 (/workspace/tree/crates/searcher)\n","type":"stderr"}
1791354902.502703888	{"data":"   Compiling grep-regex v0.1.14 (/workspace/tree/crates/regex)\n","type":"stderr"}
1791354902.855764521	{"data":"   Compiling grep-printer v0.3.1 (/workspace/tree/crates/printer)\n","type":"stderr"}
1791354903.289887010	{"data":"   Compiling grep-cli v0.1.12 (/workspace/tree/crates/cli)\n","type":"stderr"}
1791354903.292329715	{"data":"   Compiling ignore v0.4.29 (/workspace/tree/crates/ignore)\n","type":"stderr"}
1791354903.564809215	{"data":"   Compiling grep v0.4.1 (/workspace/tree/crates/grep)\n","type":"stderr"}
1791354907.028953820	{"data":"    Finished `release` profile [optimized + debuginfo] target(s) in 12.87s\n","type":"stderr"}
1791354907.043123891	{"data":"BENCH_SCCACHE Compile requests                      49\nBENCH_SCCACHE Compile requests executed             34\nBENCH_SCCACHE Cache hits                            33\nBENCH_SCCACHE Cache hits (Rust)                     33\nBENCH_SCCACHE Cache misses                           0\nBENCH_SCCACHE Cache hits rate                   100.00 %\nBENCH_SCCACHE Cache hits rate (Rust)            100.00 %\n","type":"stdout"}
1791354907.063720213	{"data":"BENCH_CMD_SECONDS=12.942\n","type":"stdout"}
1791354907.726640391	{"bytes_down":3906,"bytes_up":10187,"duration_ms":23856,"exit_code":0,"from_store":222,"outcome":"succeeded","retryable":false,"type":"result","workspace":"cold"}
