1791354946.947114042	{"lease":"orgs/ORG/projects/PROJECT/envs/ENV/leases/sbx-w9vxhkj0","region":"","size":"large","type":"queued"}
1791354951.837856738	{"bytes":3140085,"bytes_up":10187,"duration_ms":4642,"files":223,"from_store":222,"full":true,"new_volume":false,"removed":0,"type":"sync","volume":true,"workspace":"cold"}
1791354952.442702210	{"cache":true,"lease":"orgs/ORG/projects/PROJECT/envs/ENV/leases/sbx-w9vxhkj0","region":"","size":"large","type":"running","volume":true,"workspace":"cold"}
1791354953.765956755	{"data":"   Compiling memchr v2.8.3\n   Compiling regex-syntax v0.8.11\n   Compiling libc v0.2.186\n","type":"stderr"}
1791354953.767788383	{"data":"   Compiling log v0.4.33\n","type":"stderr"}
1791354953.770002806	{"data":"   Compiling serde_core v1.0.228\n","type":"stderr"}
1791354953.771338560	{"data":"   Compiling zmij v1.0.23\n","type":"stderr"}
1791354953.773909487	{"data":"   Compiling crossbeam-utils v0.8.22\n","type":"stderr"}
1791354953.776622358	{"data":"   Compiling cfg-if v1.0.4\n","type":"stderr"}
1791354953.779013095	{"data":"   Compiling serde v1.0.228\n","type":"stderr"}
1791354953.781544754	{"data":"   Compiling crossbeam-epoch v0.9.20\n","type":"stderr"}
1791354953.783760798	{"data":"   Compiling serde_json v1.0.150\n","type":"stderr"}
1791354953.785447920	{"data":"   Compiling crossbeam-deque v0.8.7\n","type":"stderr"}
1791354953.787965407	{"data":"   Compiling termcolor v1.4.1\n","type":"stderr"}
1791354953.789662273	{"data":"   Compiling itoa v1.0.18\n","type":"stderr"}
1791354953.792042925	{"data":"   Compiling same-file v1.0.6\n","type":"stderr"}
1791354953.793826902	{"data":"   Compiling anyhow v1.0.103\n","type":"stderr"}
1791354954.313262605	{"data":"   Compiling ripgrep v15.2.0 (/workspace/tree)\n","type":"stderr"}
1791354954.318697579	{"data":"   Compiling textwrap v0.16.2\n","type":"stderr"}
1791354954.336964176	{"data":"   Compiling encoding_rs v0.8.35\n","type":"stderr"}
1791354954.338847522	{"data":"   Compiling lexopt v0.3.2\n","type":"stderr"}
1791354954.479024284	{"data":"   Compiling walkdir v2.5.0\n","type":"stderr"}
1791354954.635323696	{"data":"   Compiling aho-corasick v1.1.4\n","type":"stderr"}
1791354954.636887011	{"data":"   Compiling grep-matcher v0.1.9 (/workspace/tree/crates/matcher)\n","type":"stderr"}
1791354956.620369595	{"data":"   Compiling encoding_rs_io v0.1.7\n","type":"stderr"}
1791354956.804242068	{"data":"   Compiling memmap2 v0.9.11\n","type":"stderr"}
1791354958.393570331	{"data":"   Compiling regex-automata v0.4.15\n","type":"stderr"}
1791354963.489692097	{"data":"   Compiling bstr v1.13.0\n","type":"stderr"}
1791354964.204599095	{"data":"   Compiling globset v0.4.19 (/workspace/tree/crates/globset)\n","type":"stderr"}
1791354964.209510534	{"data":"   Compiling grep-searcher v0.1.17 (/workspace/tree/crates/searcher)\n","type":"stderr"}
1791354964.210929834	{"data":"   Compiling","type":"stderr"}
1791354964.213276104	{"data":" grep-regex v0.1.14 (/workspace/tree/crates/regex)\n","type":"stderr"}
1791354964.987772010	{"data":"   Compiling grep-printer v0.3.1 (/workspace/tree/crates/printer)\n","type":"stderr"}
1791354965.451790766	{"data":"   Compiling grep-cli v0.1.12 (/workspace/tree/crates/cli)\n","type":"stderr"}
1791354965.453650706	{"data":"   Compiling ignore v0.4.29 (/workspace/tree/crates/ignore)\n","type":"stderr"}
1791354966.393651426	{"data":"   Compiling grep v0.4.1 (/workspace/tree/crates/grep)\n","type":"stderr"}
1791354970.141084465	{"data":"    Finished `release` profile [optimized + debuginfo] target(s) in 17.08s\n","type":"stderr"}
1791354970.154017079	{"data":"BENCH_SCCACHE Compile requests                     49\nBENCH_SCCACHE Compile requests executed            34\nBENCH_SCCACHE Cache hits                           16\nBENCH_SCCACHE Cache hits (Rust)                    16\nBENCH_SCCACHE Cache misses                         17\nBENCH_SCCACHE Cache misses (Rust)                  17\nBENCH_SCCACHE Cache hits rate                   48.48 %\nBENCH_SCCACHE Cache hits rate (Rust)            48.48 %\n","type":"stdout"}
1791354970.166580740	{"data":"BENCH_CMD_SECONDS=17.1284\n","type":"stdout"}
1791354971.346534666	{"bytes_down":3933,"bytes_up":10187,"duration_ms":31357,"exit_code":0,"from_store":222,"outcome":"succeeded","retryable":false,"type":"result","workspace":"cold"}
