1791354600.213475554	{"lease":"orgs/ORG/projects/PROJECT/envs/ENV/leases/sbx-810bb37e","region":"","size":"large","type":"queued"}
1791354602.441053663	{"bytes":91437,"bytes_up":2371,"duration_ms":1941,"files":16,"from_store":16,"full":true,"new_volume":true,"removed":0,"type":"sync","volume":true,"workspace":"cold"}
1791354602.444070530	{"cache":true,"lease":"orgs/ORG/projects/PROJECT/envs/ENV/leases/sbx-810bb37e","region":"","size":"large","type":"running","volume":true,"workspace":"cold"}
1791354603.607793370	{"data":"sylphx-image-build: rootless BuildKit up (snapshotter overlayfs, process sandbox false), frontend dockerfile\n","type":"stderr"}
1791354603.894806167	{"data":"#1 [internal] load build definition from Dockerfile\n#1 transferring dockerfile: 3.99kB done\n#1 DONE 0.0s\n\n#2 resolve image config for docker-image://docker.io/docker/dockerfile:1.7@sha256:a57df69d0ea827fb7266491f2813635de6f17269be881f696fbfdf2d83dda33e\n","type":"stderr"}
1791354604.184355930	{"data":"#2 DONE 0.4s\n","type":"stderr"}
1791354604.573152484	{"data":"\n#3 docker-image://docker.io/docker/dockerfile:1.7@sha256:a57df69d0ea827fb7266491f2813635de6f17269be881f696fbfdf2d83dda33e\n#3 resolve docker.io/docker/dockerfile:1.7@sha256:a57df69d0ea827fb7266491f2813635de6f17269be881f696fbfdf2d83dda33e done\n","type":"stderr"}
1791354604.574583190	{"data":"#3 sha256:96918c57e42509b97f10c074d80672ecdbd3bb7dcd38c1bd95960cf291207416 0B / 11.98MB 0.2s\n","type":"stderr"}
1791354604.577599747	{"data":"#3 sha256:96918c57e42509b97f10c074d80672ecdbd3bb7dcd38c1bd95960cf291207416 1.05MB / 11.98MB 0.3s\n","type":"stderr"}
1791354604.653566367	{"data":"#3 sha256:96918c57e42509b97f10c074d80672ecdbd3bb7dcd38c1bd95960cf291207416 3.15MB / 11.98MB 0.5s\n","type":"stderr"}
1791354604.805592569	{"data":"#3 sha256:96918c57e42509b97f10c074d80672ecdbd3bb7dcd38c1bd95960cf291207416 4.19MB / 11.98MB 0.6s\n","type":"stderr"}
1791354604.955826501	{"data":"#3 sha256:96918c57e42509b97f10c074d80672ecdbd3bb7dcd38c1bd95960cf291207416 6.29MB / 11.98MB 0.8s\n","type":"stderr"}
1791354605.116090883	{"data":"#3 sha256:96918c57e42509b97f10c074d80672ecdbd3bb7dcd38c1bd95960cf291207416 10.49MB / 11.98MB 0.9s\n","type":"stderr"}
1791354605.335220477	{"data":"#3 sha256:96918c57e42509b97f10c074d80672ecdbd3bb7dcd38c1bd95960cf291207416 11.98MB / 11.98MB 1.0s done\n#3 extracting sha256:96918c57e42509b97f10c074d80672ecdbd3bb7dcd38c1bd95960cf291207416\n","type":"stderr"}
1791354605.347312460	{"data":"#3 extracting sha256:96918c57e42509b97f10c074d80672ecdbd3bb7dcd38c1bd95960cf291207416 0.2s done\n#3 DONE 1.2s\n","type":"stderr"}
1791354605.470450728	{"data":"\n","type":"stderr"}
1791354605.471964960	{"data":"#4 resolve image config for docker-image://docker.io/docker/buildkit-syft-scanner:stable-1@sha256:ae4f3b554449e7e25548e7d8ccc029d17357348e30c6e3df01b92bc93654d6a9\n","type":"stderr"}
1791354605.836792390	{"data":"#4 DONE 0.4s\n","type":"stderr"}
1791354605.991392484	{"data":"\n#5 [internal] load metadata for docker.io/library/node:24.13.0-slim\n","type":"stderr"}
1791354606.356695988	{"data":"#5 DONE 0.4s\n\n#6 [internal] load .dockerignore\n","type":"stderr"}
1791354606.359073075	{"data":"#6 transferring context: 2.48kB done\n#6 DONE 0.0s\n\n#7 [internal] load build context\n#7 DONE 0.0s\n","type":"stderr"}
1791354606.360664754	{"data":"\n#8 [dependencies 1/4] FROM docker.io/library/node:24.13.0-slim@sha256:4660b1ca8b28d6d1906fd644abe34b2ed81d15434d26d845ef0aced307cf4b6f\n#8 resolve docker.io/library/node:24.13.0-slim@sha256:4660b1ca8b28d6d1906fd644abe34b2ed81d15434d26d845ef0aced307cf4b6f\n","type":"stderr"}
1791354606.488572347	{"data":"#8 ...\n\n#7 [internal] load build context\n#7 transferring context: 72.45kB done\n#7 DONE 0.0s\n\n","type":"stderr"}
1791354606.491016955	{"data":"#8 [dependencies 1/4] FROM docker.io/library/node:24.13.0-slim@sha256:4660b1ca8b28d6d1906fd644abe34b2ed81d15434d26d845ef0aced307cf4b6f\n#8 resolve docker.io/library/node:24.13.0-slim@sha256:4660b1ca8b28d6d1906fd644abe34b2ed81d15434d26d845ef0aced307cf4b6f done\n#8 sha256:d90d46d619398a297e98644390dda53d92954af45066f87aea04e2da844a6754 449B / 449B 0.1s done\n","type":"stderr"}
1791354606.589245939	{"data":"#8 sha256:1a5fa97547841412bf8527a6d445748d9acfd51ee2e73ad7e76d4ede9efe6e9f 0B / 1.71MB 0.2s\n#8 sha256:4831516dd0cb86845f5f902cb9b9d25b5c853152c337eb57e4737a9b7e2a2eb9 0B / 28.23MB 0.2s\n#8 sha256:e48f83d0e30eecff4260e3620f371c7f05122e743f4fe3f4168cd7f091948996 3.31kB / 3.31kB 0.1s done\n","type":"stderr"}
1791354606.696871952	{"data":"#8 sha256:1a5fa97547841412bf8527a6d445748d9acfd51ee2e73ad7e76d4ede9efe6e9f 1.71MB / 1.71MB 0.3s\n","type":"stderr"}
1791354606.828288560	{"data":"#8 sha256:8db14bf7760b9640d38dc96c1b21823eaa6dcb81316334b592ab21417c36f671 0B / 49.11MB 0.2s\n","type":"stderr"}
1791354607.126092959	{"data":"#8 sha256:1a5fa97547841412bf8527a6d445748d9acfd51ee2e73ad7e76d4ede9efe6e9f 1.71MB / 1.71MB 0.6s done\n","type":"stderr"}
1791354608.181255104	{"data":"#8 sha256:8db14bf7760b9640d38dc96c1b21823eaa6dcb81316334b592ab21417c36f671 3.15MB / 49.11MB 1.5s\n","type":"stderr"}
1791354608.780687788	{"data":"#8 sha256:4831516dd0cb86845f5f902cb9b9d25b5c853152c337eb57e4737a9b7e2a2eb9 2.10MB / 28.23MB 2.3s\n","type":"stderr"}
1791354609.074869220	{"data":"#8 sha256:8db14bf7760b9640d38dc96c1b21823eaa6dcb81316334b592ab21417c36f671 6.29MB / 49.11MB 2.4s\n","type":"stderr"}
1791354609.830798283	{"data":"#8 sha256:8db14bf7760b9640d38dc96c1b21823eaa6dcb81316334b592ab21417c36f671 9.44MB / 49.11MB 3.2s\n","type":"stderr"}
1791354610.277771736	{"data":"#8 sha256:4831516dd0cb86845f5f902cb9b9d25b5c853152c337eb57e4737a9b7e2a2eb9 4.19MB / 28.23MB 3.8s\n","type":"stderr"}
1791354610.582539753	{"data":"#8 sha256:8db14bf7760b9640d38dc96c1b21823eaa6dcb81316334b592ab21417c36f671 12.58MB / 49.11MB 3.9s\n","type":"stderr"}
1791354611.329460600	{"data":"#8 sha256:4831516dd0cb86845f5f902cb9b9d25b5c853152c337eb57e4737a9b7e2a2eb9 6.29MB / 28.23MB 4.8s\n","type":"stderr"}
1791354611.799129806	{"data":"#8 sha256:8db14bf7760b9640d38dc96c1b21823eaa6dcb81316334b592ab21417c36f671 15.73MB / 49.11MB 5.1s\n","type":"stderr"}
1791354612.380476473	{"data":"#8 sha256:4831516dd0cb86845f5f902cb9b9d25b5c853152c337eb57e4737a9b7e2a2eb9 8.39MB / 28.23MB 5.9s\n","type":"stderr"}
1791354613.039138476	{"data":"#8 sha256:8db14bf7760b9640d38dc96c1b21823eaa6dcb81316334b592ab21417c36f671 18.87MB / 49.11MB 6.2s\n","type":"stderr"}
1791354613.732944549	{"data":"#8 sha256:8db14bf7760b9640d38dc96c1b21823eaa6dcb81316334b592ab21417c36f671 22.02MB / 49.11MB 7.1s\n","type":"stderr"}
1791354614.482534250	{"data":"#8 sha256:8db14bf7760b9640d38dc96c1b21823eaa6dcb81316334b592ab21417c36f671 25.17MB / 49.11MB 7.8s\n","type":"stderr"}
1791354614.932632251	{"data":"#8 sha256:4831516dd0cb86845f5f902cb9b9d25b5c853152c337eb57e4737a9b7e2a2eb9 10.49MB / 28.23MB 8.4s\n","type":"stderr"}
1791354615.078910097	{"data":"#8 sha256:4831516dd0cb86845f5f902cb9b9d25b5c853152c337eb57e4737a9b7e2a2eb9 12.58MB / 28.23MB 8.6s\n","type":"stderr"}
1791354615.230364571	{"data":"#8 sha256:8db14bf7760b9640d38dc96c1b21823eaa6dcb81316334b592ab21417c36f671 28.31MB / 49.11MB 8.6s\n","type":"stderr"}
1791354615.380740386	{"data":"#8 sha256:4831516dd0cb86845f5f902cb9b9d25b5c853152c337eb57e4737a9b7e2a2eb9 14.68MB / 28.23MB 8.9s\n","type":"stderr"}
1791354615.677928910	{"data":"#8 sha256:4831516dd0cb86845f5f902cb9b9d25b5c853152c337eb57e4737a9b7e2a2eb9 16.78MB / 28.23MB 9.2s\n","type":"stderr"}
1791354616.130753933	{"data":"#8 sha256:8db14bf7760b9640d38dc96c1b21823eaa6dcb81316334b592ab21417c36f671 32.51MB / 49.11MB 9.5s\n","type":"stderr"}
1791354616.430790951	{"data":"#8 sha256:4831516dd0cb86845f5f902cb9b9d25b5c853152c337eb57e4737a9b7e2a2eb9 18.87MB / 28.23MB 9.9s\n#8 ...\n\n#9 docker-image://docker.io/docker/buildkit-syft-scanner:stable-1@sha256:ae4f3b554449e7e25548e7d8ccc029d17357348e30c6e3df01b92bc93654d6a9\n#9 resolve docker.io/docker/buildkit-syft-scanner:stable-1@sha256:ae4f3b554449e7e25548e7d8ccc029d17357348e30c6e3df01b92bc93654d6a9 done\n#9 sha256:307ce207d6cb61564520be6064a834450b1cc937f720bee712ee09ed9ded309f 31.46MB / 49.55MB 10.1s\n","type":"stderr"}
1791354616.578676590	{"data":"#9 ...\n\n#8 [dependencies 1/4] FROM docker.io/library/node:24.13.0-slim@sha256:4660b1ca8b28d6d1906fd644abe34b2ed81d15434d26d845ef0aced307cf4b6f\n","type":"stderr"}
1791354616.729460398	{"data":"#8 sha256:8db14bf7760b9640d38dc96c1b21823eaa6dcb81316334b592ab21417c36f671 35.65MB / 49.11MB 10.1s\n","type":"stderr"}
1791354617.629541247	{"data":"#8 sha256:8db14bf7760b9640d38dc96c1b21823eaa6dcb81316334b592ab21417c36f671 39.85MB / 49.11MB 11.0s\n","type":"stderr"}
1791354617.779966116	{"data":"#8 sha256:4831516dd0cb86845f5f902cb9b9d25b5c853152c337eb57e4737a9b7e2a2eb9 20.97MB / 28.23MB 11.3s\n","type":"stderr"}
1791354618.230283646	{"data":"#8 sha256:4831516dd0cb86845f5f902cb9b9d25b5c853152c337eb57e4737a9b7e2a2eb9 23.07MB / 28.23MB 11.7s\n#8 sha256:8db14bf7760b9640d38dc96c1b21823eaa6dcb81316334b592ab21417c36f671 42.99MB / 49.11MB 11.6s\n","type":"stderr"}
1791354618.681920776	{"data":"#8 sha256:8db14bf7760b9640d38dc96c1b21823eaa6dcb81316334b592ab21417c36f671 46.14MB / 49.11MB 12.0s\n","type":"stderr"}
1791354618.943841014	{"data":"#8 sha256:8db14bf7760b9640d38dc96c1b21823eaa6dcb81316334b592ab21417c36f671 49.11MB / 49.11MB 12.4s done\n","type":"stderr"}
1791354619.131116694	{"data":"#8 sha256:4831516dd0cb86845f5f902cb9b9d25b5c853152c337eb57e4737a9b7e2a2eb9 25.17MB / 28.23MB 12.6s\n","type":"stderr"}
1791354620.003564212	{"data":"#8 ...\n\n#9 docker-image://docker.io/docker/buildkit-syft-scanner:stable-1@sha256:ae4f3b554449e7e25548e7d8ccc029d17357348e30c6e3df01b92bc93654d6a9\n#9 sha256:307ce207d6cb61564520be6064a834450b1cc937f720bee712ee09ed9ded309f 49.55MB / 49.55MB 12.9s done\n#9 extracting sha256:307ce207d6cb61564520be6064a834450b1cc937f720bee712ee09ed9ded309f 0.7s done\n#9 DONE 13.7s\n","type":"stderr"}
1791354620.195745012	{"data":"\n#8 [dependencies 1/4] FROM docker.io/library/node:24.13.0-slim@sha256:4660b1ca8b28d6d1906fd644abe34b2ed81d15434d26d845ef0aced307cf4b6f\n#8 sha256:4831516dd0cb86845f5f902cb9b9d25b5c853152c337eb57e4737a9b7e2a2eb9 27.26MB / 28.23MB 13.7s\n","type":"stderr"}
1791354620.627979640	{"data":"#8 sha256:4831516dd0cb86845f5f902cb9b9d25b5c853152c337eb57e4737a9b7e2a2eb9 28.23MB / 28.23MB 14.2s done\n","type":"stderr"}
1791354620.777822035	{"data":"#8 extracting sha256:4831516dd0cb86845f5f902cb9b9d25b5c853152c337eb57e4737a9b7e2a2eb9\n","type":"stderr"}
1791354621.461057407	{"data":"#8 extracting sha256:4831516dd0cb86845f5f902cb9b9d25b5c853152c337eb57e4737a9b7e2a2eb9 0.8s done\n#8 DONE 15.1s\n","type":"stderr"}
1791354621.608099150	{"data":"\n#8 [dependencies 1/4] FROM docker.io/library/node:24.13.0-slim@sha256:4660b1ca8b28d6d1906fd644abe34b2ed81d15434d26d845ef0aced307cf4b6f\n#8 extracting sha256:e48f83d0e30eecff4260e3620f371c7f05122e743f4fe3f4168cd7f091948996\n","type":"stderr"}
1791354621.796153539	{"data":"#8 extracting sha256:e48f83d0e30eecff4260e3620f371c7f05122e743f4fe3f4168cd7f091948996 0.3s done\n#8 DONE 15.5s\n","type":"stderr"}
1791354621.947169544	{"data":"\n#8 [dependencies 1/4] FROM docker.io/library/node:24.13.0-slim@sha256:4660b1ca8b28d6d1906fd644abe34b2ed81d15434d26d845ef0aced307cf4b6f\n#8 extracting sha256:8db14bf7760b9640d38dc96c1b21823eaa6dcb81316334b592ab21417c36f671\n","type":"stderr"}
1791354623.188809872	{"data":"#8 extracting sha256:8db14bf7760b9640d38dc96c1b21823eaa6dcb81316334b592ab21417c36f671 1.4s done\n#8 DONE 16.9s\n","type":"stderr"}
1791354623.423871811	{"data":"\n#8 [dependencies 1/4] FROM docker.io/library/node:24.13.0-slim@sha256:4660b1ca8b28d6d1906fd644abe34b2ed81d15434d26d845ef0aced307cf4b6f\n#8 extracting sha256:1a5fa97547841412bf8527a6d445748d9acfd51ee2e73ad7e76d4ede9efe6e9f 0.1s done\n#8 extracting sha256:d90d46d619398a297e98644390dda53d92954af45066f87aea04e2da844a6754 done\n#8 DONE 16.9s\n\n#10 [dependencies 2/4] WORKDIR /app\n#10 DONE 0.0s\n\n#11 [dependencies 3/4] COPY package.json yarn.lock* package-lock.json* pnpm-lock.yaml* pnpm-workspace.yaml* .npmrc* ./\n#11 DONE 0.0s\n\n#12 [dependencies 4/4] RUN --mount=type=cache,target=/root/.npm     --mount=type=cache,target=/usr/local/share/.cache/yarn     --mount=type=cache,target=/root/.local/share/pnpm/store   if [ -f package-lock.json ]; then     npm ci --no-audit --no-fund;   elif [ -f yarn.lock ]; then     corepack enable yarn && yarn install --frozen-lockfile --production=false;   elif [ -f pnpm-lock.yaml ]; then     corepack enable pnpm && pnpm install --frozen-lockfile;   else     echo \"No lockfile found.\" && exit 1;   fi\n","type":"stderr"}
1791354623.491033681	{"data":"#12 0.219 ! Corepack is about to download https://registry.npmjs.org/pnpm/-/pnpm-10.34.6.tgz\n","type":"stderr"}
1791354624.504838052	{"data":"#12 1.237 Lockfile is up to date, resolution step is skipped\n","type":"stderr"}
1791354624.685620220	{"data":"#12 1.249 Progress: resolved 1, reused 0, downloaded 0, added 0\n#12 1.265 Packages: +52\n#12 1.265 ++++++++++++++++++++++++++++++++++++++++++++++++++++\n","type":"stderr"}
1791354624.861551939	{"data":"#12 1.586 \n#12 1.586    ╭──────────────────────────────────────────────────────────────────────╮\n#12 1.586    │                                                                      │\n#12 1.586    │                 Update available! 10.34.6 → 12.9.1.                  │\n#12 1.586    │                 Changelog: https://pnpm.io/v/12.9.1                  │\n#12 1.586    │   To update, run: curl -fsSL https://get.pnpm.io/install.sh | sh -   │\n#12 1.586    │                                                                      │\n#12 1.586    ╰──────────────────────────────────────────────────────────────────────╯\n#12 1.586 \n","type":"stderr"}
1791354625.524882546	{"data":"#12 2.250 Progress: resolved 52, reused 0, downloaded 47, added 47\n","type":"stderr"}
1791354626.526500722	{"data":"#12 3.252 Progress: resolved 52, reused 0, downloaded 49, added 49\n","type":"stderr"}
1791354627.522609082	{"data":"#12 4.252 Progress: resolved 52, reused 0, downloaded 50, added 49\n","type":"stderr"}
1791354628.300897082	{"data":"#12 5.031 Progress: resolved 52, reused 0, downloaded 52, added 52, done\n","type":"stderr"}
1791354628.421445624	{"data":"#12 5.117 \n#12 5.117 dependencies:\n#12 5.117 + next 16.1.4\n#12 5.117 + react 19.2.3\n#12 5.117 + react-dom 19.2.3\n#12 5.117 \n#12 5.117 devDependencies:\n#12 5.117 + @tailwindcss/postcss 4.1.18\n#12 5.117 + @types/node 20.19.30\n#12 5.117 + @types/react 19.2.9\n#12 5.117 + @types/react-dom 19.2.3\n#12 5.117 + tailwindcss 4.1.18\n#12 5.117 + typescript 5.9.3\n#12 5.117 \n#12 5.151 Done in 4.3s using pnpm v10.34.6\n","type":"stderr"}
1791354629.511657437	{"data":"#12 DONE 6.2s\n","type":"stderr"}
1791354630.249569507	{"data":"\n#13 [builder 3/5] COPY --from=dependencies /app/node_modules ./node_modules\n","type":"stderr"}
1791354632.391810664	{"data":"#13 DONE 2.2s\n","type":"stderr"}
1791354632.546603666	{"data":"\n#14 [builder 4/5] COPY . .\n","type":"stderr"}
1791354633.071898924	{"data":"#14 DONE 0.7s\n","type":"stderr"}
1791354633.226675121	{"data":"\n#15 [builder 5/5] RUN if [ -f package-lock.json ]; then     npm run build;   elif [ -f yarn.lock ]; then     corepack enable yarn && yarn build;   elif [ -f pnpm-lock.yaml ]; then     corepack enable pnpm && pnpm build;   else     echo \"No lockfile found.\" && exit 1;   fi\n","type":"stderr"}
1791354633.269048729	{"data":"#15 0.191 ! Corepack is about to download https://registry.npmjs.org/pnpm/-/pnpm-10.34.6.tgz\n","type":"stderr"}
1791354634.131895572	{"data":"#15 1.055 \n#15 1.055 > @ build /app\n#15 1.055 > next build\n#15 1.055 \n","type":"stderr"}
1791354634.851221725	{"data":"#15 1.773 Attention: Next.js now collects completely anonymous telemetry regarding usage.\n","type":"stderr"}
1791354635.048850840	{"data":"#15 1.774 This information is used to shape Next.js' roadmap and prioritize features.\n#15 1.774 You can learn more, including how to opt-out if you'd not like to participate in this anonymous program, by visiting the following URL:\n#15 1.774 https://nextjs.org/telemetry\n#15 1.774 \n#15 1.783 ▲ Next.js 16.1.4 (Turbopack)\n#15 1.783 \n#15 1.819   Creating an optimized production build ...\n","type":"stderr"}
1791354639.837789223	{"data":"#15 6.762 ✓ Compiled successfully in 4.5s\n","type":"stderr"}
1791354639.987962864	{"data":"#15 6.763   Running TypeScript ...\n","type":"stderr"}
1791354641.333693580	{"data":"#15 8.255   Collecting page data using 16 workers ...\n","type":"stderr"}
1791354641.850160441	{"data":"#15 8.772   Generating static pages using 16 workers (0/4) ...","type":"stderr"}
1791354641.851542064	{"data":"\n","type":"stderr"}
1791354642.174287474	{"data":"#15 9.098   Generating static pages using 16 workers (1/4) \r\n","type":"stderr"}
1791354642.289405858	{"data":"#15 9.101   Generating static pages using 16 workers (2/4) \r\n#15 9.101   Generating static pages using 16 workers (3/4) \r\n#15 9.102 ✓ Generating static pages using 16 workers (4/4) in 329.1ms\n#15 9.105   Finalizing page optimization ...\n#15 9.210 \n","type":"stderr"}
1791354642.438361833	{"data":"#15 9.212 Route (app)\n#15 9.212 ┌ ○ /\n#15 9.212 └ ○ /_not-found\n#15 9.212 \n#15 9.212 \n#15 9.212 ○  (Static)  prerendered as static content\n#15 9.212 \n","type":"stderr"}
1791354642.830685569	{"data":"#15 DONE 9.8s\n","type":"stderr"}
1791354643.085641908	{"data":"\n","type":"stderr"}
1791354643.087023761	{"data":"#16 [runner 3/7] COPY --from=builder --chown=node:node /app/public ./public\n","type":"stderr"}
1791354643.479583581	{"data":"#16 DONE 0.4s\n","type":"stderr"}
1791354643.589670466	{"data":"\n#17 [runner 4/7] RUN mkdir .next\n#17 DONE 0.1s\n","type":"stderr"}
1791354643.836153742	{"data":"\n#18 [runner 5/7] RUN chown node:node .next\n#18 DONE 0.1s\n\n#19 [runner 6/7] COPY --from=builder --chown=node:node /app/.next/standalone ./\n","type":"stderr"}
1791354643.913084169	{"data":"#19 DONE 0.2s\n","type":"stderr"}
1791354644.092084863	{"data":"\n#20 [runner 7/7] COPY --from=builder --chown=node:node /app/.next/static ./.next/static\n#20 DONE 0.0s\n","type":"stderr"}
1791354644.476945901	{"data":"\n#21 [linux/amd64] generating sbom using docker.io/docker/buildkit-syft-scanner:stable-1@sha256:ae4f3b554449e7e25548e7d8ccc029d17357348e30c6e3df01b92bc93654d6a9\n","type":"stderr"}
1791354644.720180403	{"data":"#21 0.089 time=\"2026-10-07T06:30:44Z\" level=info msg=\"starting syft scanner for buildkit v1.12.0\"\n","type":"stderr"}
1791354648.480002901	{"data":"#21 DONE 4.0s\n","type":"stderr"}
1791354648.654459757	{"data":"\n#22 exporting to oci image format\n#22 exporting layers\n","type":"stderr"}
1791354650.900144601	{"data":"#22 exporting layers 2.4s done\n","type":"stderr"}
1791354651.046096288	{"data":"#22 rewriting layers with source-date-epoch 1791354589 (2026-10-07 06:29:49 +0000 UTC)\n","type":"stderr"}
1791354654.666581163	{"data":"#22 rewriting layers with source-date-epoch 1791354589 (2026-10-07 06:29:49 +0000 UTC) 3.8s done\n","type":"stderr"}
1791354654.823567246	{"data":"#22 exporting manifest sha256:c5076853befb6add5e923144be29be2203d0b7496e08c8b73e6fd3c8dca8ebad done\n#22 exporting config sha256:58c1973eeb6af30b6239833786db1896ac024c3af362a8dc35115ec8cbd693b3 done\n","type":"stderr"}
1791354656.481317778	{"data":"#22 exporting attestation manifest sha256:1f8decc012202d284df1e793e08f7d3aac9aa5c1e0ca90af6e04305ed93c7991\n","type":"stderr"}
1791354656.640046866	{"data":"#22 exporting attestation manifest sha256:1f8decc012202d284df1e793e08f7d3aac9aa5c1e0ca90af6e04305ed93c7991 done\n#22 exporting manifest list sha256:6ab5358765ae798c9e95b09e0765c1a40dad1915814f05ec1f3bd35440ceb038 done\n#22 sending tarball\n","type":"stderr"}
1791354656.890850825	{"data":"#22 sending tarball 0.4s done\n#22 DONE 8.4s\n","type":"stderr"}
1791354656.996394093	{"data":"sylphx-image-build: digest sha256:6ab5358765ae798c9e95b09e0765c1a40dad1915814f05ec1f3bd35440ceb038 manifest sha256:c5076853befb6add5e923144be29be2203d0b7496e08c8b73e6fd3c8dca8ebad\n","type":"stderr"}
1791354658.072101102	{"bytes_down":23870,"bytes_up":2371,"duration_ms":68805,"exit_code":0,"from_store":16,"image":{"attestations":["sbom","provenance"],"digest":"sha256:6ab5358765ae798c9e95b09e0765c1a40dad1915814f05ec1f3bd35440ceb038","frontend":"dockerfile","image_manifest_digest":"sha256:c5076853befb6add5e923144be29be2203d0b7496e08c8b73e6fd3c8dca8ebad","oci_out":"","process_sandbox":false,"pushed":"","schema":"sylphx.image-build/v1","snapshotter":"overlayfs","source_commit":"cfcf9df27651fd9fb4ef3702390f49ad2e5d3bdb","source_date_epoch":1791354589},"outcome":"succeeded","retryable":false,"type":"result","workspace":"cold"}
