1791355444.190414445	{"lease":"orgs/ORG/projects/PROJECT/envs/ENV/leases/sbx-trtbxrah","region":"","size":"large","type":"queued"}
1791355449.641281619	{"bytes":0,"bytes_up":0,"duration_ms":5307,"files":0,"from_store":0,"full":false,"new_volume":false,"removed":0,"type":"sync","volume":true,"workspace":"warm"}
1791355449.643270160	{"cache":true,"lease":"orgs/ORG/projects/PROJECT/envs/ENV/leases/sbx-trtbxrah","region":"","size":"large","type":"running","volume":true,"workspace":"warm"}
1791355473.160519762	{"data":"sylphx-image-build: rootless BuildKit up (snapshotter overlayfs, process sandbox false), frontend dockerfile\n","type":"stderr"}
1791355473.518919672	{"data":"#1 [internal] load build definition from Dockerfile\n","type":"stderr"}
1791355473.673566765	{"data":"#1 transferring dockerfile: 3.99kB done\n","type":"stderr"}
1791355474.828818346	{"data":"#1 DONE 1.5s\n","type":"stderr"}
1791355475.068120303	{"data":"\n#2 resolve image config for docker-image://docker.io/docker/dockerfile:1.7@sha256:a57df69d0ea827fb7266491f2813635de6f17269be881f696fbfdf2d83dda33e\n","type":"stderr"}
1791355476.121197653	{"data":"#2 DONE 1.2s\n","type":"stderr"}
1791355476.247498605	{"data":"\n#3 docker-image://docker.io/docker/dockerfile:1.7@sha256:a57df69d0ea827fb7266491f2813635de6f17269be881f696fbfdf2d83dda33e\n#3 resolve docker.io/docker/dockerfile:1.7@sha256:a57df69d0ea827fb7266491f2813635de6f17269be881f696fbfdf2d83dda33e\n","type":"stderr"}
1791355479.123531767	{"data":"#3 resolve docker.io/docker/dockerfile:1.7@sha256:a57df69d0ea827fb7266491f2813635de6f17269be881f696fbfdf2d83dda33e 2.9s done\n","type":"stderr"}
1791355479.273048251	{"data":"#3 DONE 3.0s\n","type":"stderr"}
1791355481.715871498	{"data":"\n#3 docker-image://docker.io/docker/dockerfile:1.7@sha256:a57df69d0ea827fb7266491f2813635de6f17269be881f696fbfdf2d83dda33e\n","type":"stderr"}
1791355481.848760878	{"data":"#3 CACHED\n","type":"stderr"}
1791355486.032101340	{"data":"\n#4 resolve image config for docker-image://docker.io/docker/buildkit-syft-scanner:stable-1@sha256:ae4f3b554449e7e25548e7d8ccc029d17357348e30c6e3df01b92bc93654d6a9\n","type":"stderr"}
1791355489.274050744	{"data":"#4 DONE 3.2s\n","type":"stderr"}
1791355489.425574641	{"data":"\n#5 [internal] load metadata for docker.io/library/node:24.13.0-slim\n","type":"stderr"}
1791355491.750234790	{"data":"#5 DONE 2.5s\n","type":"stderr"}
1791355491.886292332	{"data":"\n#6 [internal] load .dockerignore\n#6 transferring context:\n","type":"stderr"}
1791355492.039519202	{"data":"#6 transferring context: 2.48kB done\n","type":"stderr"}
1791355492.270765681	{"data":"#6 DONE 0.5s\n","type":"stderr"}
1791355493.293325528	{"data":"\n#7 [internal] load build context\n#7 DONE 0.0s\n\n#8 [dependencies 1/4] FROM docker.io/library/node:24.13.0-slim@sha256:4660b1ca8b28d6d1906fd644abe34b2ed81d15434d26d845ef0aced307cf4b6f\n#8 resolve docker.io/library/node:24.13.0-slim@sha256:4660b1ca8b28d6d1906fd644abe34b2ed81d15434d26d845ef0aced307cf4b6f\n","type":"stderr"}
1791355494.517675779	{"data":"#8 resolve docker.io/library/node:24.13.0-slim@sha256:4660b1ca8b28d6d1906fd644abe34b2ed81d15434d26d845ef0aced307cf4b6f 1.2s done\n","type":"stderr"}
1791355494.631634794	{"data":"#8 DONE 1.3s\n\n#9 docker-image://docker.io/docker/buildkit-syft-scanner:stable-1@sha256:ae4f3b554449e7e25548e7d8ccc029d17357348e30c6e3df01b92bc93654d6a9\n#9 resolve docker.io/docker/buildkit-syft-scanner:stable-1@sha256:ae4f3b554449e7e25548e7d8ccc029d17357348e30c6e3df01b92bc93654d6a9 1.2s done\n#9 DONE 1.4s\n\n#7 [internal] load build context\n","type":"stderr"}
1791355494.841324408	{"data":"#7 transferring context: 430B done\n","type":"stderr"}
1791355495.004330809	{"data":"#7 DONE 0.5s\n","type":"stderr"}
1791355495.108302412	{"data":"\n#10 [dependencies 4/4] RUN --mount=type=cache,target=/root/.npm     --mount=type=cache,target=/usr/local/share/.cache/yarn     --mount=type=cache,target=/root/.local/share/pnpm/store   if [ -f package-lock.json ]; then     npm ci --no-audit --no-fund;   elif [ -f yarn.lock ]; then     corepack enable yarn && yarn install --frozen-lockfile --production=false;   elif [ -f pnpm-lock.yaml ]; then     corepack enable pnpm && pnpm install --frozen-lockfile;   else     echo \"No lockfile found.\" && exit 1;   fi\n#10 CACHED\n\n#11 [builder 4/5] COPY . .\n#11 CACHED\n\n#12 [dependencies 2/4] WORKDIR /app\n#12 CACHED\n\n#13 [builder 5/5] RUN if [ -f package-lock.json ]; then     npm run build;   elif [ -f yarn.lock ]; then     corepack enable yarn && yarn build;   elif [ -f pnpm-lock.yaml ]; then     corepack enable pnpm && pnpm build;   else     echo \"No lockfile found.\" && exit 1;   fi\n#13 CACHED\n\n#14 [runner 4/7] RUN mkdir .next\n#14 CACHED\n\n#15 [dependencies 3/4] COPY package.json yarn.lock* package-lock.json* pnpm-lock.yaml* pnpm-workspace.yaml* .npmrc* ./\n#15 CACHED\n\n#16 [runner 3/7] COPY --from=builder --chown=node:node /app/public ./public\n#16 CACHED\n\n#17 [builder 3/5] COPY --from=dependencies /app/node_modules ./node_modules\n#17 CACHED\n\n#18 [runner 5/7] RUN chown node:node .next\n#18 CACHED\n\n#19 [runner 6/7] COPY --from=builder --chown=node:node /app/.next/standalone ./\n#19 CACHED\n\n#20 [runner 7/7] COPY --from=builder --chown=node:node /app/.next/static ./.next/static\n#20 CACHED\n\n#21 [linux/amd64] generating sbom using docker.io/docker/buildkit-syft-scanner:stable-1@sha256:ae4f3b554449e7e25548e7d8ccc029d17357348e30c6e3df01b92bc93654d6a9\n#21 CACHED\n","type":"stderr"}
1791355495.214765971	{"data":"\n#22 exporting to oci image format\n","type":"stderr"}
1791355495.370243666	{"data":"#22 exporting layers done\n#22 rewriting layers with source-date-epoch 1791355151 (2026-10-07 06:39:11 +0000 UTC)\n","type":"stderr"}
1791355515.835756400	{"data":"#22 rewriting layers with source-date-epoch 1791355151 (2026-10-07 06:39:11 +0000 UTC) 20.6s done\n","type":"stderr"}
1791355515.985243780	{"data":"#22 exporting manifest sha256:fcd51b6a38240f7e2846041d50c39fb3d01f3fb7b7eadc3b5a7a9d7beb5708e4\n","type":"stderr"}
1791355517.080998202	{"data":"#22 exporting manifest sha256:fcd51b6a38240f7e2846041d50c39fb3d01f3fb7b7eadc3b5a7a9d7beb5708e4 1.2s done\n#22 exporting config sha256:9eebddf2dd9c7a8cb2b531eed7fb180301a935578a642eb6e2b502e75219dcc6\n","type":"stderr"}
1791355517.257348505	{"data":"#22 exporting config sha256:9eebddf2dd9c7a8cb2b531eed7fb180301a935578a642eb6e2b502e75219dcc6 0.2s done\n","type":"stderr"}
1791355521.083630125	{"data":"#22 exporting attestation manifest sha256:4ef947a5055aae07e44dfb86b4d6d5f3ddf0a70052495415d1c224b3ba82c625\n","type":"stderr"}
1791355521.926757982	{"data":"#22 exporting attestation manifest sha256:4ef947a5055aae07e44dfb86b4d6d5f3ddf0a70052495415d1c224b3ba82c625 0.8s done\n","type":"stderr"}
1791355522.078342239	{"data":"#22 exporting manifest list sha256:caddb6f400813383c096e12e5886f83da1d013e325a5478c91926c414645a121\n","type":"stderr"}
1791355522.143298858	{"data":"#22 exporting manifest list sha256:caddb6f400813383c096e12e5886f83da1d013e325a5478c91926c414645a121 0.2s done\n","type":"stderr"}
1791355522.295806169	{"data":"#22 sending tarball\n","type":"stderr"}
1791355522.764811164	{"data":"#22 sending tarball 0.6s done\n#22 DONE 27.6s\n","type":"stderr"}
1791355527.555210472	{"data":"sylphx-image-build: digest sha256:caddb6f400813383c096e12e5886f83da1d013e325a5478c91926c414645a121 manifest sha256:fcd51b6a38240f7e2846041d50c39fb3d01f3fb7b7eadc3b5a7a9d7beb5708e4\n","type":"stderr"}
1791355531.861437588	{"bytes_down":9625,"bytes_up":0,"duration_ms":94002,"exit_code":0,"from_store":0,"image":{"attestations":["sbom","provenance"],"digest":"sha256:caddb6f400813383c096e12e5886f83da1d013e325a5478c91926c414645a121","frontend":"dockerfile","image_manifest_digest":"sha256:fcd51b6a38240f7e2846041d50c39fb3d01f3fb7b7eadc3b5a7a9d7beb5708e4","oci_out":"","process_sandbox":false,"pushed":"","schema":"sylphx.image-build/v1","snapshotter":"overlayfs","source_commit":"ca5e4e6e3b93b1deab64f852255157fc33d239aa","source_date_epoch":1791355151},"outcome":"succeeded","retryable":false,"type":"result","workspace":"warm"}
