1791355537.332009577	{"lease":"orgs/ORG/projects/PROJECT/envs/ENV/leases/sbx-5vqckrrq","region":"","size":"large","type":"queued"}
1791355538.812282799	{"bytes":0,"bytes_up":0,"duration_ms":953,"files":0,"from_store":0,"full":false,"new_volume":false,"removed":0,"type":"sync","volume":true,"workspace":"warm"}
1791355538.813840345	{"cache":true,"lease":"orgs/ORG/projects/PROJECT/envs/ENV/leases/sbx-5vqckrrq","region":"","size":"large","type":"running","volume":true,"workspace":"warm"}
1791355542.004987663	{"data":"sylphx-image-build: rootless BuildKit up (snapshotter overlayfs, process sandbox false), frontend dockerfile\n","type":"stderr"}
1791355542.309741964	{"data":"#1 [internal] load build definition from Dockerfile\n#1 transferring dockerfile: 3.99kB done\n#1 DONE 0.0s\n","type":"stderr"}
1791355542.311398627	{"data":"\n","type":"stderr"}
1791355542.312809022	{"data":"#2 resolve image config for docker-image://docker.io/docker/dockerfile:1.7@sha256:a57df69d0ea827fb7266491f2813635de6f17269be881f696fbfdf2d83dda33e\n","type":"stderr"}
1791355542.746211941	{"data":"#2 DONE 0.6s\n","type":"stderr"}
1791355542.907410476	{"data":"\n#3 docker-image://docker.io/docker/dockerfile:1.7@sha256:a57df69d0ea827fb7266491f2813635de6f17269be881f696fbfdf2d83dda33e\n#3 resolve docker.io/docker/dockerfile:1.7@sha256:a57df69d0ea827fb7266491f2813635de6f17269be881f696fbfdf2d83dda33e done\n#3 CACHED\n","type":"stderr"}
1791355543.167239857	{"data":"\n#4 resolve image config for docker-image://docker.io/docker/buildkit-syft-scanner:stable-1@sha256:ae4f3b554449e7e25548e7d8ccc029d17357348e30c6e3df01b92bc93654d6a9\n","type":"stderr"}
1791355544.537331212	{"data":"#4 DONE 1.6s\n","type":"stderr"}
1791355544.692599427	{"data":"\n#5 [internal] load metadata for docker.io/library/node:24.13.0-slim\n","type":"stderr"}
1791355548.691439042	{"data":"#5 DONE 4.2s\n","type":"stderr"}
1791355548.931304515	{"data":"\n#6 [internal] load .dockerignore\n","type":"stderr"}
1791355548.932708150	{"data":"#6 transferring context: 2.48kB done\n","type":"stderr"}
1791355549.048105222	{"data":"#6 DONE 0.4s\n","type":"stderr"}
1791355551.127630109	{"data":"\n#7 [internal] load build context\n","type":"stderr"}
1791355551.129170748	{"data":"#7 DONE 0.0s\n\n#8 [runner 1/7] FROM docker.io/library/node:24.13.0-slim@sha256:4660b1ca8b28d6d1906fd644abe34b2ed81d15434d26d845ef0aced307cf4b6f\n#8 resolve docker.io/library/node:24.13.0-slim@sha256:4660b1ca8b28d6d1906fd644abe34b2ed81d15434d26d845ef0aced307cf4b6f\n","type":"stderr"}
1791355552.286371528	{"data":"#8 resolve docker.io/library/node:24.13.0-slim@sha256:4660b1ca8b28d6d1906fd644abe34b2ed81d15434d26d845ef0aced307cf4b6f 1.2s done\n","type":"stderr"}
1791355552.478741478	{"data":"#8 DONE 1.3s\n","type":"stderr"}
1791355552.480321858	{"data":"\n#9 docker-image://docker.io/docker/buildkit-syft-scanner:stable-1@sha256:ae4f3b554449e7e25548e7d8ccc029d17357348e30c6e3df01b92bc93654d6a9\n#9 resolve docker.io/docker/buildkit-syft-scanner:stable-1@sha256:ae4f3b554449e7e25548e7d8ccc029d17357348e30c6e3df01b92bc93654d6a9 1.0s done\n#9 DONE 1.3s\n\n","type":"stderr"}
1791355552.481797139	{"data":"#7 [internal] load build context\n","type":"stderr"}
1791355552.484679630	{"data":"#7 transferring context: 430B done\n#7 DONE 0.0s\n\n#10 [runner 5/7] RUN chown node:node .next\n#10 CACHED\n\n#11 [runner 4/7] RUN mkdir .next\n#11 CACHED\n\n#12 [runner 2/7] WORKDIR /app\n#12 CACHED\n\n#13 [runner 3/7] COPY --from=builder --chown=node:node /app/public ./public\n#13 CACHED\n\n#14 [builder 5/5] RUN if [ -f package-lock.json ]; then     npm run build;   elif [ -f yarn.lock ]; then     corepack enable yarn && yarn build;   elif [ -f pnpm-lock.yaml ]; then     corepack enable pnpm && pnpm build;   else     echo \"No lockfile found.\" && exit 1;   fi\n#14 CACHED\n\n#15 [dependencies 4/4] RUN --mount=type=cache,target=/root/.npm     --mount=type=cache,target=/usr/local/share/.cache/yarn     --mount=type=cache,target=/root/.local/share/pnpm/store   if [ -f package-lock.json ]; then     npm ci --no-audit --no-fund;   elif [ -f yarn.lock ]; then     corepack enable yarn && yarn install --frozen-lockfile --production=false;   elif [ -f pnpm-lock.yaml ]; then     corepack enable pnpm && pnpm install --frozen-lockfile;   else     echo \"No lockfile found.\" && exit 1;   fi\n#15 CACHED\n\n#16 [runner 6/7] COPY --from=builder --chown=node:node /app/.next/standalone ./\n#16 CACHED\n\n#17 [builder 4/5] COPY . .\n#17 CACHED\n\n#18 [builder 3/5] COPY --from=dependencies /app/node_modules ./node_modules\n#18 CACHED\n\n#19 [dependencies 3/4] COPY package.json yarn.lock* package-lock.json* pnpm-lock.yaml* pnpm-workspace.yaml* .npmrc* ./\n#19 CACHED\n\n#20 [runner 7/7] COPY --from=builder --chown=node:node /app/.next/static ./.next/static\n#20 CACHED\n\n#21 [linux/amd64] generating sbom using docker.io/docker/buildkit-syft-scanner:stable-1@sha256:ae4f3b554449e7e25548e7d8ccc029d17357348e30c6e3df01b92bc93654d6a9\n#21 CACHED\n\n#22 exporting to oci image format\n#22 exporting layers done\n#22 rewriting layers with source-date-epoch 1791355151 (2026-10-07 06:39:11 +0000 UTC)\n","type":"stderr"}
1791355557.546208205	{"data":"#22 rewriting layers with source-date-epoch 1791355151 (2026-10-07 06:39:11 +0000 UTC) 5.2s done\n","type":"stderr"}
1791355557.698435095	{"data":"#22 exporting manifest sha256:fcd51b6a38240f7e2846041d50c39fb3d01f3fb7b7eadc3b5a7a9d7beb5708e4\n","type":"stderr"}
1791355557.881842590	{"data":"#22 exporting manifest sha256:fcd51b6a38240f7e2846041d50c39fb3d01f3fb7b7eadc3b5a7a9d7beb5708e4 0.3s done\n","type":"stderr"}
1791355558.031033998	{"data":"#22 exporting config sha256:9eebddf2dd9c7a8cb2b531eed7fb180301a935578a642eb6e2b502e75219dcc6\n","type":"stderr"}
1791355558.181746207	{"data":"#22 exporting config sha256:9eebddf2dd9c7a8cb2b531eed7fb180301a935578a642eb6e2b502e75219dcc6 0.3s done\n","type":"stderr"}
1791355558.582103015	{"data":"#22 exporting attestation manifest sha256:7b5b951dddf74286aeff555071432308fbfdaaca6a9a69dddb9962f6c0cec975\n","type":"stderr"}
1791355558.739647306	{"data":"#22 exporting attestation manifest sha256:7b5b951dddf74286aeff555071432308fbfdaaca6a9a69dddb9962f6c0cec975 done\n#22 exporting manifest list sha256:37b4caa34468a6ee92378ac3ce4ef5956a00dc5154a13a5c31ce71953b9b1803 done\n#22 sending tarball\n","type":"stderr"}
1791355559.278103733	{"data":"#22 sending tarball 0.7s done\n#22 DONE 7.0s\n","type":"stderr"}
1791355559.878106953	{"data":"sylphx-image-build: digest sha256:37b4caa34468a6ee92378ac3ce4ef5956a00dc5154a13a5c31ce71953b9b1803 manifest sha256:fcd51b6a38240f7e2846041d50c39fb3d01f3fb7b7eadc3b5a7a9d7beb5708e4\n","type":"stderr"}
1791355561.836236741	{"bytes_down":8762,"bytes_up":0,"duration_ms":29876,"exit_code":0,"from_store":0,"image":{"attestations":["sbom","provenance"],"digest":"sha256:37b4caa34468a6ee92378ac3ce4ef5956a00dc5154a13a5c31ce71953b9b1803","frontend":"dockerfile","image_manifest_digest":"sha256:fcd51b6a38240f7e2846041d50c39fb3d01f3fb7b7eadc3b5a7a9d7beb5708e4","oci_out":"","process_sandbox":false,"pushed":"","schema":"sylphx.image-build/v1","snapshotter":"overlayfs","source_commit":"ca5e4e6e3b93b1deab64f852255157fc33d239aa","source_date_epoch":1791355151},"outcome":"succeeded","retryable":false,"type":"result","workspace":"warm"}
