1791355443.058810203	{"lease":"orgs/ORG/projects/PROJECT/envs/ENV/leases/sbx-zq4cn50n","region":"","size":"large","type":"queued"}
1791355447.791387560	{"bytes":4563414,"bytes_up":75939,"duration_ms":4596,"files":691,"from_store":688,"full":true,"new_volume":false,"removed":0,"type":"sync","volume":true,"workspace":"cold"}
1791355448.146730287	{"cache":true,"lease":"orgs/ORG/projects/PROJECT/envs/ENV/leases/sbx-zq4cn50n","region":"","size":"large","type":"running","volume":true,"workspace":"cold"}
1791355456.726671108	{"data":"BENCH_TOOL_SECONDS=7.74598\n","type":"stdout"}
1791355456.834852103	{"data":"go: downloading github.com/aryann/difflib v0.0.0-20210328193216-ff5ff6dc229b\n","type":"stderr"}
1791355456.836279533	{"data":"go: downloading github.com/KimMachineGun/automemlimit v1.0.0\n","type":"stderr"}
1791355456.837735725	{"data":"go: downloading go.uber.org/automaxprocs v1.6.0\ngo: downloading github.com/caddyserver/certmagic v0.25.6\n","type":"stderr"}
1791355456.839080151	{"data":"go: downloading go.uber.org/zap v1.28.0\n","type":"stderr"}
1791355456.840365788	{"data":"go: downloading github.com/spf13/pflag v1.0.10\n","type":"stderr"}
1791355456.841723603	{"data":"go: downloading go.uber.org/zap/exp v0.3.0\n","type":"stderr"}
1791355456.843041569	{"data":"go: downloading github.com/spf13/cobra v1.10.2\n","type":"stderr"}
1791355456.844416570	{"data":"go: downloading golang.org/x/crypto/x509roots/fallback v0.0.0-20260929172509-b39ff6d641ec\n","type":"stderr"}
1791355456.883191124	{"data":"go: downloading github.com/prometheus/client_golang v1.24.1\n","type":"stderr"}
1791355456.925628478	{"data":"go: downloading golang.org/x/crypto v0.57.0\n","type":"stderr"}
1791355456.951661232	{"data":"go: downloading github.com/go-chi/chi/v5 v5.3.2\n","type":"stderr"}
1791355456.963494720	{"data":"go: downloading github.com/smallstep/certificates v0.30.2\n","type":"stderr"}
1791355457.123115865	{"data":"go: downloading github.com/smallstep/nosql v0.8.0\n","type":"stderr"}
1791355457.135609383	{"data":"go: downloading go.etcd.io/bbolt v1.5.0\n","type":"stderr"}
1791355457.147818895	{"data":"go: downloading github.com/smallstep/truststore v0.13.0\n","type":"stderr"}
1791355457.149187967	{"data":"go: downloading go.step.sm/crypto v0.91.0\n","type":"stderr"}
1791355457.166300850	{"data":"go: downloading github.com/DeRuina/timberjack v1.4.8\n","type":"stderr"}
1791355457.167639176	{"data":"go: downloading github.com/dustin/go-humanize v1.1.0\n","type":"stderr"}
1791355457.293809908	{"data":"go: downloading golang.org/x/term v0.46.0\n","type":"stderr"}
1791355457.369795652	{"data":"go: downloading github.com/cespare/xxhash/v2 v2.3.0\n","type":"stderr"}
1791355457.378584407	{"data":"go: downloading github.com/google/uuid v1.6.0\n","type":"stderr"}
1791355457.392101509	{"data":"go: downloading github.com/quic-go/quic-go v0.63.0\n","type":"stderr"}
1791355457.442030744	{"data":"go: downloading github.com/cespare/xxhash v1.1.0\n","type":"stderr"}
1791355457.546680536	{"data":"go: downloading golang.org/x/sys v0.48.0\n","type":"stderr"}
1791355457.557093425	{"data":"go: downloading golang.org/x/time v0.16.0\n","type":"stderr"}
1791355457.596348259	{"data":"go: downloading github.com/caddyserver/zerossl v0.1.6\n","type":"stderr"}
1791355457.633501371	{"data":"go: downloading github.com/cloudflare/circl v1.6.5\n","type":"stderr"}
1791355457.634858225	{"data":"go: downloading github.com/klauspost/cpuid/v2 v2.4.0\n","type":"stderr"}
1791355457.636204083	{"data":"go: downloading github.com/libdns/libdns v1.1.1\n","type":"stderr"}
1791355457.637518233	{"data":"go: downloading github.com/mholt/acmez/v3 v3.1.7\n","type":"stderr"}
1791355457.638837260	{"data":"go: downloading github.com/tailscale/tscert v0.0.0-20251216020129-aea342f6d747\n","type":"stderr"}
1791355457.660749387	{"data":"go: downloading golang.org/x/net v0.59.0\n","type":"stderr"}
1791355457.722534434	{"data":"go: downloading cel.dev/cel-go v0.32.0\n","type":"stderr"}
1791355457.794517418	{"data":"go: downloading github.com/dunglas/go-urlpattern v1.0.0\n","type":"stderr"}
1791355457.795884527	{"data":"go: downloading github.com/dunglas/httpsfv v1.1.1\n","type":"stderr"}
1791355457.797235602	{"data":"go: downloading go.opentelemetry.io/contrib/bridges/prometheus v0.71.0\n","type":"stderr"}
1791355457.896722034	{"data":"go: downloading go.opentelemetry.io/contrib/exporters/autoexport v0.71.0\n","type":"stderr"}
1791355457.918668092	{"data":"go: downloading go.opentelemetry.io/otel/sdk/metric v1.46.0\n","type":"stderr"}
1791355457.934598111	{"data":"go: downloading go.opentelemetry.io/otel/sdk v1.46.0\n","type":"stderr"}
1791355458.037860373	{"data":"go: downloading go.opentelemetry.io/otel v1.46.0\n","type":"stderr"}
1791355458.230752953	{"data":"go: downloading golang.org/x/sync v0.23.0\n","type":"stderr"}
1791355458.232010528	{"data":"go: downloading github.com/klauspost/compress v1.20.1\n","type":"stderr"}
1791355458.233962393	{"data":"go: downloading github.com/pires/go-proxyproto v0.15.0\n","type":"stderr"}
1791355458.235405287	{"data":"go: downloading github.com/BurntSushi/toml v1.6.0\n","type":"stderr"}
1791355458.236676512	{"data":"go: downloading github.com/alecthomas/chroma/v2 v2.27.0\ngo: downloading github.com/yuin/goldmark v1.8.6\n","type":"stderr"}
1791355458.237899656	{"data":"go: downloading github.com/Masterminds/sprig/v3 v3.3.0\n","type":"stderr"}
1791355458.239148087	{"data":"go: downloading github.com/yuin/goldmark-highlighting/v2 v2.0.0-20230729083705-37449abec8cc\n","type":"stderr"}
1791355458.332027575	{"data":"go: downloading gopkg.in/yaml.v3 v3.0.1\n","type":"stderr"}
1791355458.338593768	{"data":"go: downloading go.opentelemetry.io/contrib/instrumentation/net/http/otelhttp v0.71.0\n","type":"stderr"}
1791355458.400333167	{"data":"go: downloading go.opentelemetry.io/contrib/propagators/autoprop v0.71.0\n","type":"stderr"}
1791355458.487489306	{"data":"go: downloading go.opentelemetry.io/otel/trace v1.46.0\n","type":"stderr"}
1791355458.572790103	{"data":"go: downloading github.com/miekg/dns v1.1.73\n","type":"stderr"}
1791355458.574173126	{"data":"go: downloading github.com/zeebo/blake3 v0.2.4\n","type":"stderr"}
1791355458.592469603	{"data":"go: downloading go.uber.org/multierr v1.11.0\n","type":"stderr"}
1791355458.593898615	{"data":"go: downloading github.com/cpuguy83/go-md2man/v2 v2.0.7\n","type":"stderr"}
1791355458.595247747	{"data":"go: downloading go.yaml.in/yaml/v3 v3.0.5\n","type":"stderr"}
1791355458.673068412	{"data":"go: downloading github.com/pbnjay/memory v0.0.0-20210728143218-7b4eea64cf58\n","type":"stderr"}
1791355458.719726864	{"data":"go: downloading github.com/beorn7/perks v1.0.1\n","type":"stderr"}
1791355458.721085691	{"data":"go: downloading github.com/prometheus/client_model v0.6.3\n","type":"stderr"}
1791355458.746167800	{"data":"go: downloading github.com/prometheus/common v0.71.0\n","type":"stderr"}
1791355458.761254194	{"data":"go: downloading github.com/prometheus/procfs v0.22.0\n","type":"stderr"}
1791355458.767946907	{"data":"go: downloading google.golang.org/protobuf v1.36.12\n","type":"stderr"}
1791355458.898538346	{"data":"go: downloading github.com/pkg/errors v0.9.1\n","type":"stderr"}
1791355458.918198587	{"data":"go: downloading github.com/coreos/go-oidc/v3 v3.21.0\n","type":"stderr"}
1791355458.971580648	{"data":"go: downloading github.com/google/go-tpm v0.9.8\n","type":"stderr"}
1791355458.973177962	{"data":"go: downloading github.com/fxamacker/cbor/v2 v2.9.4\n","type":"stderr"}
1791355458.981796081	{"data":"go: downloading github.com/smallstep/go-attestation v0.4.4-0.20260814222900-a849f4e2cd68\n","type":"stderr"}
1791355459.058814573	{"data":"go: downloading github.com/smallstep/cli-utils v0.12.2\n","type":"stderr"}
1791355459.120819741	{"data":"go: downloading github.com/smallstep/linkedca v0.26.0\n","type":"stderr"}
1791355459.177438854	{"data":"go: downloading google.golang.org/grpc v1.83.2\n","type":"stderr"}
1791355459.220581806	{"data":"go: downloading github.com/slackhq/nebula v1.11.2\n","type":"stderr"}
1791355459.258451423	{"data":"go: downloading github.com/quic-go/qpack v0.6.0\n","type":"stderr"}
1791355459.564328600	{"data":"go: downloading github.com/nlnwa/whatwg-url v0.6.2\n","type":"stderr"}
1791355459.565836070	{"data":"go: downloading go.opentelemetry.io/otel/exporters/otlp/otlplog/otlploghttp v0.22.0\n","type":"stderr"}
1791355459.567194326	{"data":"go: downloading golang.org/x/exp v0.0.0-20260908205506-85c1c2202aba\n","type":"stderr"}
1791355459.568541705	{"data":"go: downloading go.opentelemetry.io/otel/exporters/otlp/otlpmetric/otlpmetrichttp v1.46.0\n","type":"stderr"}
1791355459.569917037	{"data":"go: downloading go.opentelemetry.io/otel/exporters/otlp/otlpmetric/otlpmetricgrpc v1.46.0\n","type":"stderr"}
1791355459.571154572	{"data":"go: downloading go.opentelemetry.io/otel/exporters/otlp/otlplog/otlploggrpc v0.22.0\n","type":"stderr"}
1791355459.575996019	{"data":"go: downloading go.opentelemetry.io/otel/exporters/otlp/otlptrace/otlptracegrpc v1.46.0\n","type":"stderr"}
1791355459.577395637	{"data":"go: downloading go.opentelemetry.io/otel/exporters/otlp/otlptrace/otlptracehttp v1.46.0\n","type":"stderr"}
1791355459.578701114	{"data":"go: downloading go.opentelemetry.io/otel/exporters/prometheus v0.68.0\n","type":"stderr"}
1791355459.586016801	{"data":"go: downloading go.opentelemetry.io/otel/exporters/stdout/stdoutlog v0.22.0\n","type":"stderr"}
1791355459.587419484	{"data":"go: downloading go.opentelemetry.io/otel/exporters/stdout/stdoutmetric v1.46.0\n","type":"stderr"}
1791355459.588874655	{"data":"go: downloading go.opentelemetry.io/otel/exporters/stdout/stdouttrace v1.46.0\n","type":"stderr"}
1791355459.702782275	{"data":"go: downloading go.opentelemetry.io/otel/exporters/otlp/otlptrace v1.46.0\n","type":"stderr"}
1791355459.706637093	{"data":"go: downloading go.opentelemetry.io/otel/sdk/log v0.22.0\n","type":"stderr"}
1791355459.708296380	{"data":"go: downloading cel.dev/expr v0.25.3\n","type":"stderr"}
1791355459.785640641	{"data":"go: downloading google.golang.org/genproto/googleapis/api v0.0.0-20260921155816-b14227669459\n","type":"stderr"}
1791355459.787005888	{"data":"go: downloading github.com/antlr4-go/antlr/v4 v4.13.1\n","type":"stderr"}
1791355459.788238115	{"data":"go: downloading golang.org/x/text v0.42.0\n","type":"stderr"}
1791355459.789506406	{"data":"go: downloading github.com/felixge/httpsnoop v1.1.0\n","type":"stderr"}
1791355459.791502078	{"data":"go: downloading go.opentelemetry.io/otel/metric v1.46.0\n","type":"stderr"}
1791355459.792822497	{"data":"go: downloading dario.cat/mergo v1.0.2\n","type":"stderr"}
1791355459.838408802	{"data":"go: downloading github.com/Masterminds/goutils v1.1.1\n","type":"stderr"}
1791355459.851117983	{"data":"go: downloading github.com/Masterminds/semver/v3 v3.5.0\n","type":"stderr"}
1791355459.920348040	{"data":"go: downloading github.com/huandu/xstrings v1.6.1\n","type":"stderr"}
1791355459.959850686	{"data":"go: downloading github.com/mitchellh/copystructure v1.2.0\n","type":"stderr"}
1791355459.969097256	{"data":"go: downloading github.com/shopspring/decimal v1.4.0\n","type":"stderr"}
1791355459.973548199	{"data":"go: downloading github.com/spf13/cast v1.10.0\n","type":"stderr"}
1791355460.004531684	{"data":"go: downloading go.opentelemetry.io/contrib/propagators/aws v1.46.0\n","type":"stderr"}
1791355460.027092503	{"data":"go: downloading go.opentelemetry.io/contrib/propagators/b3 v1.46.0\n","type":"stderr"}
1791355460.043508281	{"data":"go: downloading go.opentelemetry.io/contrib/propagators/jaeger v1.46.0\n","type":"stderr"}
1791355460.081472890	{"data":"go: downloading go.opentelemetry.io/contrib/propagators/ot v1.46.0\n","type":"stderr"}
1791355460.115904644	{"data":"go: downloading github.com/russross/blackfriday/v2 v2.1.0\n","type":"stderr"}
1791355460.168750721	{"data":"go: downloading github.com/dgraph-io/badger v1.6.2\n","type":"stderr"}
1791355460.176654239	{"data":"go: downloading github.com/dgraph-io/badger/v2 v2.2007.4\n","type":"stderr"}
1791355460.203728334	{"data":"go: downloading github.com/go-sql-driver/mysql v1.10.1\n","type":"stderr"}
1791355460.276547191	{"data":"go: downloading github.com/jackc/pgx/v5 v5.11.0\n","type":"stderr"}
1791355460.279120809	{"data":"go: downloading github.com/munnerz/goautoneg v0.0.0-20191010083416-a7dc8b61c822\n","type":"stderr"}
1791355460.303849739	{"data":"go: downloading github.com/ccoveille/go-safecast/v2 v2.0.1\n","type":"stderr"}
1791355460.329907379	{"data":"go: downloading github.com/go-jose/go-jose/v3 v3.0.5\n","type":"stderr"}
1791355460.341862661	{"data":"go: downloading github.com/sirupsen/logrus v1.10.2\n","type":"stderr"}
1791355460.405325623	{"data":"go: downloading github.com/smallstep/pkcs7 v0.2.3\n","type":"stderr"}
1791355460.449397548	{"data":"go: downloading github.com/smallstep/scep v0.0.0-20260331191114-261f960a40d1\n","type":"stderr"}
1791355460.466438042	{"data":"go: downloading github.com/go-jose/go-jose/v4 v4.1.5\n","type":"stderr"}
1791355460.521572079	{"data":"go: downloading golang.org/x/oauth2 v0.37.0\n","type":"stderr"}
1791355460.522818307	{"data":"go: downloading github.com/x448/float16 v0.8.4\n","type":"stderr"}
1791355460.524092738	{"data":"go: downloading github.com/google/go-tspi v0.3.0\n","type":"stderr"}
1791355460.525424524	{"data":"go: downloading github.com/urfave/cli v1.22.17\n","type":"stderr"}
1791355460.548992753	{"data":"go: downloading google.golang.org/api v0.298.0\n","type":"stderr"}
1791355460.579970650	{"data":"go: downloading github.com/rs/xid v1.6.0\n","type":"stderr"}
1791355460.581286613	{"data":"go: downloading filippo.io/edwards25519 v1.2.0\n","type":"stderr"}
1791355460.637098386	{"data":"go: downloading github.com/chzyer/readline v1.5.1\n","type":"stderr"}
1791355460.672886032	{"data":"go: downloading github.com/manifoldco/promptui v0.9.0\n","type":"stderr"}
1791355460.678511325	{"data":"go: downloading github.com/mitchellh/go-ps v1.0.0\n","type":"stderr"}
1791355460.685465499	{"data":"go: downloading github.com/go-logr/logr v1.4.4\n","type":"stderr"}
1791355460.688398196	{"data":"go: downloading go.opentelemetry.io/proto/otlp v1.11.0\n","type":"stderr"}
1791355460.694538350	{"data":"go: downloading google.golang.org/genproto/googleapis/rpc v0.0.0-20260921155816-b14227669459\n","type":"stderr"}
1791355460.730731955	{"data":"go: downloading go.opentelemetry.io/otel/log v0.22.0\n","type":"stderr"}
1791355460.773796800	{"data":"go: downloading github.com/prometheus/otlptranslator v1.0.0\n","type":"stderr"}
1791355460.775239723	{"data":"go: downloading github.com/dlclark/regexp2/v2 v2.8.0\n","type":"stderr"}
1791355460.800353680	{"data":"go: downloading github.com/bits-and-blooms/bitset v1.25.0\n","type":"stderr"}
1791355460.859351018	{"data":"go: downloading github.com/mitchellh/reflectwalk v1.0.2\n","type":"stderr"}
1791355460.860795283	{"data":"go: downloading github.com/dgraph-io/ristretto v0.2.0\n","type":"stderr"}
1791355460.862157835	{"data":"go: downloading github.com/golang/protobuf v1.5.4\n","type":"stderr"}
1791355460.880402324	{"data":"go: downloading github.com/dgryski/go-farm v0.0.0-20240924180020-3414d57e47da\n","type":"stderr"}
1791355460.882318937	{"data":"go: downloading github.com/go-logr/stdr v1.2.2\n","type":"stderr"}
1791355460.884095640	{"data":"go: downloading go.opentelemetry.io/auto/sdk v1.2.1\n","type":"stderr"}
1791355460.907490370	{"data":"go: downloading github.com/cenkalti/backoff/v5 v5.0.3\n","type":"stderr"}
1791355460.998422299	{"data":"go: downloading github.com/google/certificate-transparency-go v1.3.3\n","type":"stderr"}
1791355461.002471589	{"data":"go: downloading github.com/grpc-ecosystem/grpc-gateway/v2 v2.30.0\n","type":"stderr"}
1791355461.018761999	{"data":"go: downloading filippo.io/bigmod v0.1.0\n","type":"stderr"}
1791355461.021309057	{"data":"go: downloading github.com/AndreasBriese/bbloom v0.0.0-20190825152654-46b345b51c96\n","type":"stderr"}
1791355461.024783795	{"data":"go: downloading github.com/golang/snappy v1.0.0\n","type":"stderr"}
1791355461.026200990	{"data":"go: downloading github.com/jackc/pgpassfile v1.0.0\ngo: downloading github.com/jackc/pgservicefile v0.0.0-20240606120523-5a60cdf6a761\n","type":"stderr"}
1791355461.027860147	{"data":"go: downloading github.com/mgutz/ansi v0.0.0-20200706080929-d51e80ef957d\n","type":"stderr"}
1791355461.029271493	{"data":"go: downloading github.com/jackc/puddle/v2 v2.2.2\n","type":"stderr"}
1791355461.030673054	{"data":"go: downloading github.com/shurcooL/sanitized_anchor_name v1.0.0\n","type":"stderr"}
1791355461.132952543	{"data":"go: downloading github.com/mattn/go-colorable v0.1.15\n","type":"stderr"}
1791355461.300231328	{"data":"go: downloading github.com/mattn/go-isatty v0.0.24\n","type":"stderr"}
1791355464.182712519	{"data":"/home/user/go/pkg/mod/github.com/dgraph-io/badger/v2@v2.2007.4/y/zstd.go:22:2: github.com/klauspost/compress@v1.20.1: reading http://build-cache.internal/goproxy/github.com/klauspost/compress/@v/v1.20.1.zip: 502 Bad Gateway\n/home/user/go/pkg/mod/github.com/smallstep/certificates@v0.30.2/authority/provisioner/gcp/projectvalidator.go:7:2: google.golang.org/api@v0.298.0: reading http://build-cache.internal/goproxy/google.golang.org/api/@v/v0.298.0.zip: 502 Bad Gateway\n../../modules/caddytls/ech.go:19:2: github.com/cloudflare/circl@v1.6.5: reading http://build-cache.internal/goproxy/github.com/cloudflare/circl/@v/v1.6.5.zip: 502 Bad Gateway\n../../modules/caddytls/ech.go:20:2: github.com/cloudflare/circl@v1.6.5: reading http://build-cache.internal/goproxy/github.com/cloudflare/circl/@v/v1.6.5.zip: 502 Bad Gateway\n","type":"stderr"}
1791355464.184147370	{"data":"../../modules/caddyhttp/encode/gzip/gzip.go:21:2: github.com/klauspost/compress@v1.20.1: reading http://build-cache.internal/goproxy/github.com/klauspost/compress/@v/v1.20.1.zip: 502 Bad Gateway\n","type":"stderr"}
1791355464.197799104	{"data":"BENCH_CMD_SECONDS=7.46772\n","type":"stdout"}
1791355464.902929918	{"bytes_down":19405,"bytes_up":75939,"duration_ms":30520,"exit_code":1,"from_store":688,"outcome":"failed","retryable":false,"type":"result","workspace":"cold"}
