1791355501.219506876	{"lease":"orgs/ORG/projects/PROJECT/envs/ENV/leases/sbx-rf8q7j9e","region":"","size":"large","type":"queued"}
1791355508.563644932	{"bytes":4563414,"bytes_up":34593,"duration_ms":7232,"files":691,"from_store":688,"full":true,"new_volume":false,"removed":0,"type":"sync","volume":true,"workspace":"cold"}
1791355508.861717858	{"cache":true,"lease":"orgs/ORG/projects/PROJECT/envs/ENV/leases/sbx-rf8q7j9e","region":"","size":"large","type":"running","volume":true,"workspace":"cold"}
1791355516.359330937	{"data":"BENCH_TOOL_SECONDS=6.90886\n","type":"stdout"}
1791355516.444890031	{"data":"go: downloading github.com/aryann/difflib v0.0.0-20210328193216-ff5ff6dc229b\n","type":"stderr"}
1791355516.446333826	{"data":"go: downloading github.com/KimMachineGun/automemlimit v1.0.0\n","type":"stderr"}
1791355516.447720144	{"data":"go: downloading github.com/spf13/cobra v1.10.2\n","type":"stderr"}
1791355516.449197509	{"data":"go: downloading github.com/caddyserver/certmagic v0.25.6\n","type":"stderr"}
1791355516.450632570	{"data":"go: downloading github.com/spf13/pflag v1.0.10\ngo: downloading go.uber.org/zap v1.28.0\n","type":"stderr"}
1791355516.452200000	{"data":"go: downloading go.uber.org/automaxprocs v1.6.0\n","type":"stderr"}
1791355516.453570585	{"data":"go: downloading go.uber.org/zap/exp v0.3.0\n","type":"stderr"}
1791355516.455080588	{"data":"go: downloading golang.org/x/crypto/x509roots/fallback v0.0.0-20260929172509-b39ff6d641ec\n","type":"stderr"}
1791355516.498114942	{"data":"go: downloading github.com/prometheus/client_golang v1.24.1\n","type":"stderr"}
1791355516.513289351	{"data":"go: downloading github.com/go-chi/chi/v5 v5.3.2\n","type":"stderr"}
1791355516.514689340	{"data":"go: downloading github.com/smallstep/certificates v0.30.2\n","type":"stderr"}
1791355516.606692465	{"data":"go: downloading golang.org/x/crypto v0.57.0\n","type":"stderr"}
1791355516.665615498	{"data":"go: downloading github.com/smallstep/nosql v0.8.0\ngo: downloading go.etcd.io/bbolt v1.5.0\n","type":"stderr"}
1791355516.804062609	{"data":"go: downloading github.com/smallstep/truststore v0.13.0\n","type":"stderr"}
1791355516.805640975	{"data":"go: downloading go.step.sm/crypto v0.91.0\n","type":"stderr"}
1791355516.854462605	{"data":"go: downloading github.com/DeRuina/timberjack v1.4.8\n","type":"stderr"}
1791355516.856984466	{"data":"go: downloading github.com/dustin/go-humanize v1.1.0\n","type":"stderr"}
1791355516.865947652	{"data":"go: downloading golang.org/x/term v0.46.0\n","type":"stderr"}
1791355516.927519026	{"data":"go: downloading github.com/cespare/xxhash/v2 v2.3.0\n","type":"stderr"}
1791355516.928964954	{"data":"go: downloading github.com/google/uuid v1.6.0\n","type":"stderr"}
1791355517.003099591	{"data":"go: downloading github.com/quic-go/quic-go v0.63.0\n","type":"stderr"}
1791355517.011425383	{"data":"go: downloading github.com/cespare/xxhash v1.1.0\n","type":"stderr"}
1791355517.067491643	{"data":"go: downloading golang.org/x/sys v0.48.0\n","type":"stderr"}
1791355517.068846334	{"data":"go: downloading golang.org/x/time v0.16.0\n","type":"stderr"}
1791355517.071210549	{"data":"go: downloading github.com/caddyserver/zerossl v0.1.6\n","type":"stderr"}
1791355517.072902375	{"data":"go: downloading github.com/cloudflare/circl v1.6.5\n","type":"stderr"}
1791355517.074518808	{"data":"go: downloading github.com/klauspost/cpuid/v2 v2.4.0\n","type":"stderr"}
1791355517.075781741	{"data":"go: downloading github.com/libdns/libdns v1.1.1\n","type":"stderr"}
1791355517.083825270	{"data":"go: downloading github.com/mholt/acmez/v3 v3.1.7\n","type":"stderr"}
1791355517.113891043	{"data":"go: downloading github.com/tailscale/tscert v0.0.0-20251216020129-aea342f6d747\n","type":"stderr"}
1791355517.214277305	{"data":"go: downloading golang.org/x/net v0.59.0\n","type":"stderr"}
1791355517.270275003	{"data":"go: downloading cel.dev/cel-go v0.32.0\n","type":"stderr"}
1791355517.461288097	{"data":"go: downloading github.com/dunglas/go-urlpattern v1.0.0\n","type":"stderr"}
1791355517.640315603	{"data":"go: downloading github.com/dunglas/httpsfv v1.1.1\n","type":"stderr"}
1791355517.651762954	{"data":"go: downloading go.opentelemetry.io/contrib/bridges/prometheus v0.71.0\n","type":"stderr"}
1791355517.653200560	{"data":"go: downloading go.opentelemetry.io/contrib/exporters/autoexport v0.71.0\n","type":"stderr"}
1791355517.654600939	{"data":"go: downloading go.opentelemetry.io/otel/sdk/metric v1.46.0\n","type":"stderr"}
1791355517.655943271	{"data":"go: downloading go.opentelemetry.io/otel/sdk v1.46.0\n","type":"stderr"}
1791355517.657257742	{"data":"go: downloading go.opentelemetry.io/otel v1.46.0\n","type":"stderr"}
1791355517.658602758	{"data":"go: downloading github.com/pbnjay/memory v0.0.0-20210728143218-7b4eea64cf58\n","type":"stderr"}
1791355517.659933974	{"data":"go: downloading github.com/zeebo/blake3 v0.2.4\ngo: downloading github.com/miekg/dns v1.1.73\n","type":"stderr"}
1791355517.692640535	{"data":"go: downloading github.com/cpuguy83/go-md2man/v2 v2.0.7\n","type":"stderr"}
1791355517.693967364	{"data":"go: downloading go.yaml.in/yaml/v3 v3.0.5\n","type":"stderr"}
1791355517.790369264	{"data":"go: downloading golang.org/x/sync v0.23.0\n","type":"stderr"}
1791355517.791741992	{"data":"go: downloading github.com/klauspost/compress v1.20.1\n","type":"stderr"}
1791355517.883072488	{"data":"go: downloading github.com/pires/go-proxyproto v0.15.0\n","type":"stderr"}
1791355517.884455732	{"data":"go: downloading github.com/BurntSushi/toml v1.6.0\n","type":"stderr"}
1791355517.885862301	{"data":"go: downloading github.com/Masterminds/sprig/v3 v3.3.0\n","type":"stderr"}
1791355517.887171874	{"data":"go: downloading github.com/alecthomas/chroma/v2 v2.27.0\n","type":"stderr"}
1791355517.888440035	{"data":"go: downloading github.com/yuin/goldmark v1.8.6\n","type":"stderr"}
1791355517.889762187	{"data":"go: downloading github.com/yuin/goldmark-highlighting/v2 v2.0.0-20230729083705-37449abec8cc\n","type":"stderr"}
1791355518.015401968	{"data":"go: downloading gopkg.in/yaml.v3 v3.0.1\n","type":"stderr"}
1791355518.030241124	{"data":"go: downloading go.opentelemetry.io/contrib/instrumentation/net/http/otelhttp v0.71.0\n","type":"stderr"}
1791355518.031528644	{"data":"go: downloading go.opentelemetry.io/contrib/propagators/autoprop v0.71.0\n","type":"stderr"}
1791355518.055253982	{"data":"go: downloading go.opentelemetry.io/otel/trace v1.46.0\n","type":"stderr"}
1791355518.198027438	{"data":"go: downloading github.com/prometheus/client_model v0.6.3\n","type":"stderr"}
1791355518.199404743	{"data":"go: downloading github.com/prometheus/common v0.71.0\n","type":"stderr"}
1791355518.368774912	{"data":"go: downloading github.com/beorn7/perks v1.0.1\n","type":"stderr"}
1791355518.520081862	{"data":"go: downloading github.com/prometheus/procfs v0.22.0\n","type":"stderr"}
1791355518.620778429	{"data":"go: downloading google.golang.org/protobuf v1.36.12\n","type":"stderr"}
1791355518.622189024	{"data":"go: downloading go.uber.org/multierr v1.11.0\n","type":"stderr"}
1791355518.653633694	{"data":"go: downloading github.com/pkg/errors v0.9.1\n","type":"stderr"}
1791355518.767479244	{"data":"go: downloading github.com/coreos/go-oidc/v3 v3.21.0\n","type":"stderr"}
1791355518.768853444	{"data":"go: downloading github.com/fxamacker/cbor/v2 v2.9.4\n","type":"stderr"}
1791355518.770138721	{"data":"go: downloading github.com/google/go-tpm v0.9.8\n","type":"stderr"}
1791355518.771442265	{"data":"go: downloading github.com/smallstep/go-attestation v0.4.4-0.20260814222900-a849f4e2cd68\n","type":"stderr"}
1791355518.822766767	{"data":"go: downloading github.com/smallstep/linkedca v0.26.0\n","type":"stderr"}
1791355518.901772949	{"data":"go: downloading github.com/smallstep/cli-utils v0.12.2\n","type":"stderr"}
1791355518.967727003	{"data":"go: downloading google.golang.org/grpc v1.83.2\n","type":"stderr"}
1791355519.272381922	{"data":"go: downloading github.com/slackhq/nebula v1.11.2\n","type":"stderr"}
1791355519.773020448	{"data":"go: downloading github.com/quic-go/qpack v0.6.0\n","type":"stderr"}
1791355519.775000517	{"data":"go: downloading github.com/nlnwa/whatwg-url v0.6.2\n","type":"stderr"}
1791355519.964130308	{"data":"go: downloading golang.org/x/exp v0.0.0-20260908205506-85c1c2202aba\n","type":"stderr"}
1791355519.973619705	{"data":"go: downloading google.golang.org/genproto/googleapis/api v0.0.0-20260921155816-b14227669459\n","type":"stderr"}
1791355519.974967014	{"data":"go: downloading cel.dev/expr v0.25.3\n","type":"stderr"}
1791355520.717211862	{"data":"go: downloading golang.org/x/text v0.42.0\n","type":"stderr"}
1791355520.718617570	{"data":"go: downloading github.com/antlr4-go/antlr/v4 v4.13.1\n","type":"stderr"}
1791355520.719962256	{"data":"go: downloading go.opentelemetry.io/otel/exporters/otlp/otlplog/otlploggrpc v0.22.0\n","type":"stderr"}
1791355520.721318399	{"data":"go: downloading go.opentelemetry.io/otel/exporters/otlp/otlplog/otlploghttp v0.22.0\n","type":"stderr"}
1791355520.722677927	{"data":"go: downloading go.opentelemetry.io/otel/exporters/otlp/otlpmetric/otlpmetricgrpc v1.46.0\n","type":"stderr"}
1791355520.723955142	{"data":"go: downloading go.opentelemetry.io/otel/exporters/otlp/otlpmetric/otlpmetrichttp v1.46.0\n","type":"stderr"}
1791355520.870856648	{"data":"go: downloading go.opentelemetry.io/otel/exporters/otlp/otlptrace/otlptracegrpc v1.46.0\n","type":"stderr"}
1791355520.894449627	{"data":"go: downloading go.opentelemetry.io/otel/exporters/otlp/otlptrace/otlptracehttp v1.46.0\n","type":"stderr"}
1791355520.899535141	{"data":"go: downloading go.opentelemetry.io/otel/exporters/prometheus v0.68.0\n","type":"stderr"}
1791355520.913061278	{"data":"go: downloading go.opentelemetry.io/otel/exporters/stdout/stdoutlog v0.22.0\n","type":"stderr"}
1791355520.916192272	{"data":"go: downloading go.opentelemetry.io/otel/exporters/stdout/stdoutmetric v1.46.0\n","type":"stderr"}
1791355520.935656421	{"data":"go: downloading go.opentelemetry.io/otel/exporters/stdout/stdouttrace v1.46.0\n","type":"stderr"}
1791355520.936960616	{"data":"go: downloading go.opentelemetry.io/otel/sdk/log v0.22.0\n","type":"stderr"}
1791355520.938257331	{"data":"go: downloading github.com/russross/blackfriday/v2 v2.1.0\n","type":"stderr"}
1791355520.939521927	{"data":"go: downloading dario.cat/mergo v1.0.2\n","type":"stderr"}
1791355520.940854985	{"data":"go: downloading github.com/Masterminds/goutils v1.1.1\n","type":"stderr"}
1791355520.942188184	{"data":"go: downloading github.com/Masterminds/semver/v3 v3.5.0\n","type":"stderr"}
1791355520.943509665	{"data":"go: downloading github.com/huandu/xstrings v1.6.1\n","type":"stderr"}
1791355520.944913830	{"data":"go: downloading github.com/mitchellh/copystructure v1.2.0\n","type":"stderr"}
1791355520.946228400	{"data":"go: downloading github.com/shopspring/decimal v1.4.0\n","type":"stderr"}
1791355520.951162667	{"data":"go: downloading go.opentelemetry.io/otel/exporters/otlp/otlptrace v1.46.0\n","type":"stderr"}
1791355521.023002535	{"data":"go: downloading github.com/spf13/cast v1.10.0\n","type":"stderr"}
1791355521.040776431	{"data":"go: downloading go.opentelemetry.io/contrib/propagators/aws v1.46.0\n","type":"stderr"}
1791355521.042336680	{"data":"go: downloading go.opentelemetry.io/contrib/propagators/b3 v1.46.0\n","type":"stderr"}
1791355521.061520329	{"data":"go: downloading go.opentelemetry.io/contrib/propagators/jaeger v1.46.0\n","type":"stderr"}
1791355521.070381363	{"data":"go: downloading go.opentelemetry.io/contrib/propagators/ot v1.46.0\n","type":"stderr"}
1791355521.083052138	{"data":"go: downloading github.com/felixge/httpsnoop v1.1.0\n","type":"stderr"}
1791355521.084397075	{"data":"go: downloading go.opentelemetry.io/otel/metric v1.46.0\n","type":"stderr"}
1791355521.089260616	{"data":"go: downloading github.com/munnerz/goautoneg v0.0.0-20191010083416-a7dc8b61c822\n","type":"stderr"}
1791355521.109398355	{"data":"go: downloading github.com/dgraph-io/badger v1.6.2\n","type":"stderr"}
1791355521.135595548	{"data":"go: downloading github.com/dgraph-io/badger/v2 v2.2007.4\n","type":"stderr"}
1791355521.222924657	{"data":"go: downloading github.com/go-sql-driver/mysql v1.10.1\n","type":"stderr"}
1791355521.224186789	{"data":"go: downloading github.com/jackc/pgx/v5 v5.11.0\n","type":"stderr"}
1791355521.251770211	{"data":"go: downloading github.com/ccoveille/go-safecast/v2 v2.0.1\n","type":"stderr"}
1791355521.274889790	{"data":"go: downloading github.com/go-jose/go-jose/v3 v3.0.5\n","type":"stderr"}
1791355521.353020599	{"data":"go: downloading github.com/sirupsen/logrus v1.10.2\n","type":"stderr"}
1791355521.360433973	{"data":"go: downloading github.com/smallstep/scep v0.0.0-20260331191114-261f960a40d1\ngo: downloading github.com/smallstep/pkcs7 v0.2.3\n","type":"stderr"}
1791355521.391404933	{"data":"go: downloading github.com/go-jose/go-jose/v4 v4.1.5\n","type":"stderr"}
1791355521.524480982	{"data":"go: downloading golang.org/x/oauth2 v0.37.0\n","type":"stderr"}
1791355521.525719659	{"data":"go: downloading github.com/x448/float16 v0.8.4\n","type":"stderr"}
1791355521.527076333	{"data":"go: downloading github.com/google/go-tspi v0.3.0\n","type":"stderr"}
1791355521.535824749	{"data":"go: downloading github.com/urfave/cli v1.22.17\n","type":"stderr"}
1791355521.560306410	{"data":"go: downloading google.golang.org/api v0.298.0\n","type":"stderr"}
1791355521.591840524	{"data":"go: downloading github.com/rs/xid v1.6.0\n","type":"stderr"}
1791355521.606763095	{"data":"go: downloading github.com/chzyer/readline v1.5.1\n","type":"stderr"}
1791355521.621330914	{"data":"go: downloading github.com/manifoldco/promptui v0.9.0\n","type":"stderr"}
1791355521.622708750	{"data":"go: downloading filippo.io/edwards25519 v1.2.0\n","type":"stderr"}
1791355521.632093789	{"data":"go: downloading github.com/mitchellh/go-ps v1.0.0\n","type":"stderr"}
1791355521.667886368	{"data":"go: downloading github.com/bits-and-blooms/bitset v1.25.0\n","type":"stderr"}
1791355521.697882907	{"data":"go: downloading google.golang.org/genproto/googleapis/rpc v0.0.0-20260921155816-b14227669459\n","type":"stderr"}
1791355521.727600597	{"data":"go: downloading go.opentelemetry.io/proto/otlp v1.11.0\n","type":"stderr"}
1791355521.814263958	{"data":"go: downloading github.com/go-logr/logr v1.4.4\n","type":"stderr"}
1791355521.815696425	{"data":"go: downloading github.com/prometheus/otlptranslator v1.0.0\n","type":"stderr"}
1791355521.818516453	{"data":"go: downloading github.com/dlclark/regexp2/v2 v2.8.0\n","type":"stderr"}
1791355521.819848801	{"data":"go: downloading go.opentelemetry.io/otel/log v0.22.0\n","type":"stderr"}
1791355521.821197563	{"data":"go: downloading github.com/mitchellh/reflectwalk v1.0.2\n","type":"stderr"}
1791355521.893765362	{"data":"go: downloading github.com/dgraph-io/ristretto v0.2.0\n","type":"stderr"}
1791355521.939280766	{"data":"go: downloading github.com/golang/protobuf v1.5.4\n","type":"stderr"}
1791355522.002179871	{"data":"go: downloading github.com/dgryski/go-farm v0.0.0-20240924180020-3414d57e47da\n","type":"stderr"}
1791355522.003560280	{"data":"go: downloading github.com/google/certificate-transparency-go v1.3.3\n","type":"stderr"}
1791355522.004989162	{"data":"go: downloading filippo.io/bigmod v0.1.0\n","type":"stderr"}
1791355522.011304990	{"data":"go: downloading github.com/cenkalti/backoff/v5 v5.0.3\n","type":"stderr"}
1791355522.013060112	{"data":"go: downloading github.com/go-logr/stdr v1.2.2\n","type":"stderr"}
1791355522.014352559	{"data":"go: downloading go.opentelemetry.io/auto/sdk v1.2.1\n","type":"stderr"}
1791355522.047556868	{"data":"go: downloading github.com/grpc-ecosystem/grpc-gateway/v2 v2.30.0\n","type":"stderr"}
1791355522.111505315	{"data":"go: downloading github.com/AndreasBriese/bbloom v0.0.0-20190825152654-46b345b51c96\n","type":"stderr"}
1791355522.164393051	{"data":"go: downloading github.com/golang/snappy v1.0.0\n","type":"stderr"}
1791355522.181944454	{"data":"go: downloading github.com/mgutz/ansi v0.0.0-20200706080929-d51e80ef957d\n","type":"stderr"}
1791355522.204781179	{"data":"go: downloading github.com/jackc/pgpassfile v1.0.0\n","type":"stderr"}
1791355522.209687054	{"data":"go: downloading github.com/jackc/pgservicefile v0.0.0-20240606120523-5a60cdf6a761\n","type":"stderr"}
1791355522.228007669	{"data":"go: downloading github.com/jackc/puddle/v2 v2.2.2\n","type":"stderr"}
1791355522.290365833	{"data":"go: downloading github.com/shurcooL/sanitized_anchor_name v1.0.0\n","type":"stderr"}
1791355522.338833352	{"data":"go: downloading github.com/mattn/go-colorable v0.1.15\n","type":"stderr"}
1791355522.474439085	{"data":"go: downloading github.com/mattn/go-isatty v0.0.24\n","type":"stderr"}
1791355526.584001823	{"data":"/home/user/go/pkg/mod/github.com/dgraph-io/badger/v2@v2.2007.4/y/zstd.go:22:2: github.com/klauspost/compress@v1.20.1: reading http://build-cache.internal/goproxy/github.com/klauspost/compress/@v/v1.20.1.zip: 502 Bad Gateway\n/home/user/go/pkg/mod/github.com/smallstep/certificates@v0.30.2/authority/provisioner/gcp/projectvalidator.go:7:2: google.golang.org/api@v0.298.0: reading http://build-cache.internal/goproxy/google.golang.org/api/@v/v0.298.0.zip: 502 Bad Gateway\n../../modules/caddytls/ech.go:19:2: github.com/cloudflare/circl@v1.6.5: reading http://build-cache.internal/goproxy/github.com/cloudflare/circl/@v/v1.6.5.zip: 502 Bad Gateway\n../../modules/caddytls/ech.go:20:2: github.com/cloudflare/circl@v1.6.5: reading http://build-cache.internal/goproxy/github.com/cloudflare/circl/@v/v1.6.5.zip: 502 Bad Gateway\n../../modules/caddyhttp/encode/gzip/gzip.go:21:2: github.com/klauspost/compress@v1.20.1: reading http://build-cache.internal/goproxy/github.com/klauspost/compress/@v/v1.20.1.zip: 502 Bad Gateway\n","type":"stderr"}
1791355526.604460003	{"data":"BENCH_CMD_SECONDS=10.2459\n","type":"stdout"}
1791355528.405321608	{"bytes_down":19319,"bytes_up":34593,"duration_ms":36189,"exit_code":1,"from_store":688,"outcome":"failed","retryable":false,"type":"result","workspace":"cold"}
