1791355535.364700300	{"lease":"orgs/ORG/projects/PROJECT/envs/ENV/leases/sbx-87yygtrj","region":"","size":"large","type":"queued"}
1791355539.799363605	{"bytes":4563414,"bytes_up":34593,"duration_ms":4187,"files":691,"from_store":688,"full":true,"new_volume":false,"removed":0,"type":"sync","volume":true,"workspace":"cold"}
1791355540.069852204	{"cache":true,"lease":"orgs/ORG/projects/PROJECT/envs/ENV/leases/sbx-87yygtrj","region":"","size":"large","type":"running","volume":true,"workspace":"cold"}
1791355548.430647616	{"data":"BENCH_TOOL_SECONDS=7.76744\n","type":"stdout"}
1791355548.531503338	{"data":"go: downloading github.com/KimMachineGun/automemlimit v1.0.0\n","type":"stderr"}
1791355548.533047343	{"data":"go: downloading github.com/aryann/difflib v0.0.0-20210328193216-ff5ff6dc229b\ngo: downloading github.com/caddyserver/certmagic v0.25.6\n","type":"stderr"}
1791355548.534440401	{"data":"go: downloading github.com/spf13/cobra v1.10.2\n","type":"stderr"}
1791355548.535779930	{"data":"go: downloading go.uber.org/automaxprocs v1.6.0\n","type":"stderr"}
1791355548.537151516	{"data":"go: downloading go.uber.org/zap v1.28.0\n","type":"stderr"}
1791355548.538461309	{"data":"go: downloading github.com/spf13/pflag v1.0.10\n","type":"stderr"}
1791355548.539816020	{"data":"go: downloading go.uber.org/zap/exp v0.3.0\n","type":"stderr"}
1791355548.541281797	{"data":"go: downloading golang.org/x/crypto/x509roots/fallback v0.0.0-20260929172509-b39ff6d641ec\n","type":"stderr"}
1791355548.583709825	{"data":"go: downloading github.com/prometheus/client_golang v1.24.1\n","type":"stderr"}
1791355548.613507588	{"data":"go: downloading github.com/smallstep/certificates v0.30.2\n","type":"stderr"}
1791355548.617860504	{"data":"go: downloading github.com/smallstep/truststore v0.13.0\n","type":"stderr"}
1791355548.686612085	{"data":"go: downloading golang.org/x/crypto v0.57.0\n","type":"stderr"}
1791355548.718345059	{"data":"go: downloading go.step.sm/crypto v0.91.0\n","type":"stderr"}
1791355548.908971644	{"data":"go: downloading github.com/go-chi/chi/v5 v5.3.2\n","type":"stderr"}
1791355549.061217980	{"data":"go: downloading github.com/smallstep/nosql v0.8.0\n","type":"stderr"}
1791355549.080298285	{"data":"go: downloading go.etcd.io/bbolt v1.5.0\n","type":"stderr"}
1791355549.084722799	{"data":"go: downloading github.com/DeRuina/timberjack v1.4.8\n","type":"stderr"}
1791355549.134130700	{"data":"go: downloading github.com/dustin/go-humanize v1.1.0\n","type":"stderr"}
1791355549.136469036	{"data":"go: downloading golang.org/x/term v0.46.0\n","type":"stderr"}
1791355549.181141108	{"data":"go: downloading github.com/cespare/xxhash/v2 v2.3.0\n","type":"stderr"}
1791355549.182602018	{"data":"go: downloading github.com/google/uuid v1.6.0\n","type":"stderr"}
1791355549.216686818	{"data":"go: downloading github.com/cespare/xxhash v1.1.0\n","type":"stderr"}
1791355549.227194972	{"data":"go: downloading github.com/quic-go/quic-go v0.63.0\n","type":"stderr"}
1791355549.289521952	{"data":"go: downloading golang.org/x/sys v0.48.0\n","type":"stderr"}
1791355549.318604282	{"data":"go: downloading golang.org/x/time v0.16.0\n","type":"stderr"}
1791355549.388798576	{"data":"go: downloading github.com/caddyserver/zerossl v0.1.6\n","type":"stderr"}
1791355549.391562400	{"data":"go: downloading github.com/cloudflare/circl v1.6.5\n","type":"stderr"}
1791355549.441619084	{"data":"go: downloading github.com/klauspost/cpuid/v2 v2.4.0\n","type":"stderr"}
1791355549.442983089	{"data":"go: downloading github.com/libdns/libdns v1.1.1\n","type":"stderr"}
1791355549.514946907	{"data":"go: downloading github.com/mholt/acmez/v3 v3.1.7\n","type":"stderr"}
1791355549.638790132	{"data":"go: downloading github.com/tailscale/tscert v0.0.0-20251216020129-aea342f6d747\n","type":"stderr"}
1791355549.689491292	{"data":"go: downloading golang.org/x/net v0.59.0\n","type":"stderr"}
1791355549.713981397	{"data":"go: downloading cel.dev/cel-go v0.32.0\n","type":"stderr"}
1791355550.150163547	{"data":"go: downloading github.com/dunglas/go-urlpattern v1.0.0\n","type":"stderr"}
1791355550.152059951	{"data":"go: downloading github.com/dunglas/httpsfv v1.1.1\n","type":"stderr"}
1791355550.303110996	{"data":"go: downloading go.opentelemetry.io/contrib/bridges/prometheus v0.71.0\n","type":"stderr"}
1791355550.332827957	{"data":"go: downloading go.opentelemetry.io/contrib/exporters/autoexport v0.71.0\n","type":"stderr"}
1791355550.400729294	{"data":"go: downloading go.opentelemetry.io/otel/sdk/metric v1.46.0\n","type":"stderr"}
1791355550.442870602	{"data":"go: downloading go.opentelemetry.io/otel/sdk v1.46.0\n","type":"stderr"}
1791355550.470081827	{"data":"go: downloading go.opentelemetry.io/otel v1.46.0\n","type":"stderr"}
1791355550.486751728	{"data":"go: downloading golang.org/x/sync v0.23.0\n","type":"stderr"}
1791355550.488348122	{"data":"go: downloading github.com/klauspost/compress v1.20.1\n","type":"stderr"}
1791355550.495512172	{"data":"go: downloading github.com/pires/go-proxyproto v0.15.0\n","type":"stderr"}
1791355550.514290885	{"data":"go: downloading go.uber.org/multierr v1.11.0\n","type":"stderr"}
1791355550.515801069	{"data":"go: downloading github.com/beorn7/perks v1.0.1\n","type":"stderr"}
1791355550.517182600	{"data":"go: downloading github.com/prometheus/client_model v0.6.3\n","type":"stderr"}
1791355550.518521908	{"data":"go: downloading github.com/prometheus/common v0.71.0\n","type":"stderr"}
1791355550.521132241	{"data":"go: downloading github.com/prometheus/procfs v0.22.0\n","type":"stderr"}
1791355550.522523607	{"data":"go: downloading google.golang.org/protobuf v1.36.12\n","type":"stderr"}
1791355550.634330587	{"data":"go: downloading github.com/BurntSushi/toml v1.6.0\ngo: downloading github.com/Masterminds/sprig/v3 v3.3.0\n","type":"stderr"}
1791355550.637541651	{"data":"go: downloading github.com/alecthomas/chroma/v2 v2.27.0\n","type":"stderr"}
1791355550.669489998	{"data":"go: downloading github.com/yuin/goldmark v1.8.6\n","type":"stderr"}
1791355550.678566566	{"data":"go: downloading github.com/yuin/goldmark-highlighting/v2 v2.0.0-20230729083705-37449abec8cc\n","type":"stderr"}
1791355550.765961488	{"data":"go: downloading gopkg.in/yaml.v3 v3.0.1\n","type":"stderr"}
1791355550.768345151	{"data":"go: downloading go.opentelemetry.io/contrib/instrumentation/net/http/otelhttp v0.71.0\n","type":"stderr"}
1791355550.819892401	{"data":"go: downloading go.opentelemetry.io/contrib/propagators/autoprop v0.71.0\n","type":"stderr"}
1791355550.961055311	{"data":"go: downloading go.opentelemetry.io/otel/trace v1.46.0\n","type":"stderr"}
1791355550.962688770	{"data":"go: downloading github.com/miekg/dns v1.1.73\n","type":"stderr"}
1791355550.985059909	{"data":"go: downloading github.com/zeebo/blake3 v0.2.4\n","type":"stderr"}
1791355551.020234131	{"data":"go: downloading github.com/cpuguy83/go-md2man/v2 v2.0.7\n","type":"stderr"}
1791355551.046432127	{"data":"go: downloading go.yaml.in/yaml/v3 v3.0.5\n","type":"stderr"}
1791355551.170597074	{"data":"go: downloading github.com/pkg/errors v0.9.1\n","type":"stderr"}
1791355551.204381564	{"data":"go: downloading github.com/pbnjay/memory v0.0.0-20210728143218-7b4eea64cf58\n","type":"stderr"}
1791355551.220846107	{"data":"go: downloading github.com/smallstep/cli-utils v0.12.2\n","type":"stderr"}
1791355551.307887099	{"data":"go: downloading github.com/smallstep/linkedca v0.26.0\n","type":"stderr"}
1791355551.346845665	{"data":"go: downloading google.golang.org/grpc v1.83.2\n","type":"stderr"}
1791355551.540611258	{"data":"go: downloading github.com/coreos/go-oidc/v3 v3.21.0\n","type":"stderr"}
1791355551.548231141	{"data":"go: downloading github.com/fxamacker/cbor/v2 v2.9.4\n","type":"stderr"}
1791355551.549610489	{"data":"go: downloading github.com/google/go-tpm v0.9.8\n","type":"stderr"}
1791355551.562292873	{"data":"go: downloading github.com/smallstep/go-attestation v0.4.4-0.20260814222900-a849f4e2cd68\n","type":"stderr"}
1791355551.563720072	{"data":"go: downloading github.com/slackhq/nebula v1.11.2\n","type":"stderr"}
1791355551.570106517	{"data":"go: downloading github.com/quic-go/qpack v0.6.0\n","type":"stderr"}
1791355551.571431804	{"data":"go: downloading github.com/nlnwa/whatwg-url v0.6.2\n","type":"stderr"}
1791355551.606320428	{"data":"go: downloading go.opentelemetry.io/otel/exporters/otlp/otlplog/otlploggrpc v0.22.0\ngo: downloading golang.org/x/exp v0.0.0-20260908205506-85c1c2202aba\n","type":"stderr"}
1791355551.702759580	{"data":"go: downloading go.opentelemetry.io/otel/exporters/otlp/otlplog/otlploghttp v0.22.0\n","type":"stderr"}
1791355551.727096275	{"data":"go: downloading go.opentelemetry.io/otel/exporters/otlp/otlpmetric/otlpmetricgrpc v1.46.0\n","type":"stderr"}
1791355551.728490746	{"data":"go: downloading go.opentelemetry.io/otel/exporters/otlp/otlpmetric/otlpmetrichttp v1.46.0\n","type":"stderr"}
1791355551.730552877	{"data":"go: downloading go.opentelemetry.io/otel/exporters/otlp/otlptrace/otlptracegrpc v1.46.0\n","type":"stderr"}
1791355551.749600673	{"data":"go: downloading go.opentelemetry.io/otel/exporters/otlp/otlptrace/otlptracehttp v1.46.0\n","type":"stderr"}
1791355551.764644216	{"data":"go: downloading go.opentelemetry.io/otel/exporters/prometheus v0.68.0\n","type":"stderr"}
1791355551.831783161	{"data":"go: downloading go.opentelemetry.io/otel/exporters/stdout/stdoutlog v0.22.0\n","type":"stderr"}
1791355551.835289017	{"data":"go: downloading go.opentelemetry.io/otel/exporters/otlp/otlptrace v1.46.0\n","type":"stderr"}
1791355551.845272915	{"data":"go: downloading go.opentelemetry.io/otel/exporters/stdout/stdouttrace v1.46.0\ngo: downloading go.opentelemetry.io/otel/exporters/stdout/stdoutmetric v1.46.0\n","type":"stderr"}
1791355551.867835861	{"data":"go: downloading go.opentelemetry.io/otel/sdk/log v0.22.0\n","type":"stderr"}
1791355551.935522386	{"data":"go: downloading google.golang.org/genproto/googleapis/api v0.0.0-20260921155816-b14227669459\n","type":"stderr"}
1791355551.972762096	{"data":"go: downloading cel.dev/expr v0.25.3\n","type":"stderr"}
1791355552.359882595	{"data":"go: downloading golang.org/x/text v0.42.0\n","type":"stderr"}
1791355552.776084464	{"data":"go: downloading github.com/antlr4-go/antlr/v4 v4.13.1\n","type":"stderr"}
1791355552.777809029	{"data":"go: downloading github.com/munnerz/goautoneg v0.0.0-20191010083416-a7dc8b61c822\n","type":"stderr"}
1791355552.779199824	{"data":"go: downloading dario.cat/mergo v1.0.2\n","type":"stderr"}
1791355552.780697790	{"data":"go: downloading github.com/Masterminds/goutils v1.1.1\n","type":"stderr"}
1791355552.782170027	{"data":"go: downloading github.com/Masterminds/semver/v3 v3.5.0\ngo: downloading github.com/huandu/xstrings v1.6.1\n","type":"stderr"}
1791355552.783401072	{"data":"go: downloading github.com/mitchellh/copystructure v1.2.0\n","type":"stderr"}
1791355552.784651176	{"data":"go: downloading github.com/shopspring/decimal v1.4.0\n","type":"stderr"}
1791355552.786053338	{"data":"go: downloading github.com/spf13/cast v1.10.0\n","type":"stderr"}
1791355552.801703491	{"data":"go: downloading github.com/felixge/httpsnoop v1.1.0\n","type":"stderr"}
1791355552.876952815	{"data":"go: downloading go.opentelemetry.io/otel/metric v1.46.0\n","type":"stderr"}
1791355552.920356425	{"data":"go: downloading go.opentelemetry.io/contrib/propagators/aws v1.46.0\n","type":"stderr"}
1791355552.922260630	{"data":"go: downloading go.opentelemetry.io/contrib/propagators/b3 v1.46.0\n","type":"stderr"}
1791355552.928164641	{"data":"go: downloading go.opentelemetry.io/contrib/propagators/jaeger v1.46.0\n","type":"stderr"}
1791355552.935311776	{"data":"go: downloading go.opentelemetry.io/contrib/propagators/ot v1.46.0\n","type":"stderr"}
1791355552.972706448	{"data":"go: downloading github.com/russross/blackfriday/v2 v2.1.0\n","type":"stderr"}
1791355552.976653626	{"data":"go: downloading filippo.io/edwards25519 v1.2.0\n","type":"stderr"}
1791355553.023059487	{"data":"go: downloading github.com/dgraph-io/badger v1.6.2\n","type":"stderr"}
1791355553.027834847	{"data":"go: downloading github.com/dgraph-io/badger/v2 v2.2007.4\n","type":"stderr"}
1791355553.061657263	{"data":"go: downloading github.com/go-sql-driver/mysql v1.10.1\n","type":"stderr"}
1791355553.063017702	{"data":"go: downloading github.com/jackc/pgx/v5 v5.11.0\n","type":"stderr"}
1791355553.137369561	{"data":"go: downloading github.com/ccoveille/go-safecast/v2 v2.0.1\n","type":"stderr"}
1791355553.140010400	{"data":"go: downloading github.com/smallstep/pkcs7 v0.2.3\n","type":"stderr"}
1791355553.165781496	{"data":"go: downloading github.com/smallstep/scep v0.0.0-20260331191114-261f960a40d1\n","type":"stderr"}
1791355553.301920425	{"data":"go: downloading github.com/go-jose/go-jose/v3 v3.0.5\n","type":"stderr"}
1791355553.504825350	{"data":"go: downloading google.golang.org/api v0.298.0\ngo: downloading github.com/sirupsen/logrus v1.10.2\n","type":"stderr"}
1791355553.518091167	{"data":"go: downloading github.com/rs/xid v1.6.0\n","type":"stderr"}
1791355553.519454091	{"data":"go: downloading github.com/mitchellh/go-ps v1.0.0\n","type":"stderr"}
1791355553.542196035	{"data":"go: downloading github.com/urfave/cli v1.22.17\n","type":"stderr"}
1791355553.575280035	{"data":"go: downloading github.com/chzyer/readline v1.5.1\n","type":"stderr"}
1791355553.626419834	{"data":"go: downloading github.com/manifoldco/promptui v0.9.0\n","type":"stderr"}
1791355553.659514088	{"data":"go: downloading github.com/go-logr/logr v1.4.4\n","type":"stderr"}
1791355553.675507696	{"data":"go: downloading github.com/go-jose/go-jose/v4 v4.1.5\n","type":"stderr"}
1791355553.706922934	{"data":"go: downloading golang.org/x/oauth2 v0.37.0\ngo: downloading go.opentelemetry.io/proto/otlp v1.11.0\ngo: downloading github.com/bits-and-blooms/bitset v1.25.0\n","type":"stderr"}
1791355553.764161125	{"data":"go: downloading google.golang.org/genproto/googleapis/rpc v0.0.0-20260921155816-b14227669459\n","type":"stderr"}
1791355553.799428018	{"data":"go: downloading github.com/google/go-tspi v0.3.0\n","type":"stderr"}
1791355553.825693975	{"data":"go: downloading github.com/x448/float16 v0.8.4\n","type":"stderr"}
1791355553.833887389	{"data":"go: downloading go.opentelemetry.io/otel/log v0.22.0\n","type":"stderr"}
1791355553.923728738	{"data":"go: downloading github.com/prometheus/otlptranslator v1.0.0\n","type":"stderr"}
1791355553.968100851	{"data":"go: downloading github.com/mitchellh/reflectwalk v1.0.2\n","type":"stderr"}
1791355554.023800836	{"data":"go: downloading github.com/dlclark/regexp2/v2 v2.8.0\n","type":"stderr"}
1791355554.025606513	{"data":"go: downloading github.com/dgraph-io/ristretto v0.2.0\n","type":"stderr"}
1791355554.027095496	{"data":"go: downloading github.com/dgryski/go-farm v0.0.0-20240924180020-3414d57e47da\n","type":"stderr"}
1791355554.033015051	{"data":"go: downloading github.com/golang/protobuf v1.5.4\n","type":"stderr"}
1791355554.035292405	{"data":"go: downloading github.com/go-logr/stdr v1.2.2\n","type":"stderr"}
1791355554.068390435	{"data":"go: downloading go.opentelemetry.io/auto/sdk v1.2.1\n","type":"stderr"}
1791355554.127203097	{"data":"go: downloading github.com/cenkalti/backoff/v5 v5.0.3\n","type":"stderr"}
1791355554.134573567	{"data":"go: downloading github.com/grpc-ecosystem/grpc-gateway/v2 v2.30.0\n","type":"stderr"}
1791355554.163070279	{"data":"go: downloading github.com/golang/snappy v1.0.0\n","type":"stderr"}
1791355554.232845416	{"data":"go: downloading github.com/google/certificate-transparency-go v1.3.3\n","type":"stderr"}
1791355554.275429628	{"data":"go: downloading github.com/AndreasBriese/bbloom v0.0.0-20190825152654-46b345b51c96\n","type":"stderr"}
1791355554.304364197	{"data":"go: downloading filippo.io/bigmod v0.1.0\n","type":"stderr"}
1791355554.329199200	{"data":"go: downloading github.com/jackc/pgpassfile v1.0.0\n","type":"stderr"}
1791355554.390241835	{"data":"go: downloading github.com/jackc/pgservicefile v0.0.0-20240606120523-5a60cdf6a761\n","type":"stderr"}
1791355554.393522223	{"data":"go: downloading github.com/jackc/puddle/v2 v2.2.2\n","type":"stderr"}
1791355554.474539694	{"data":"go: downloading github.com/mgutz/ansi v0.0.0-20200706080929-d51e80ef957d\n","type":"stderr"}
1791355554.485772935	{"data":"go: downloading github.com/shurcooL/sanitized_anchor_name v1.0.0\n","type":"stderr"}
1791355554.726287053	{"data":"go: downloading github.com/mattn/go-colorable v0.1.15\n","type":"stderr"}
1791355554.853734452	{"data":"go: downloading github.com/mattn/go-isatty v0.0.24\n","type":"stderr"}
1791355561.000109370	{"data":"/home/user/go/pkg/mod/github.com/dgraph-io/badger/v2@v2.2007.4/y/zstd.go:22:2: github.com/klauspost/compress@v1.20.1: reading http://build-cache.internal/goproxy/github.com/klauspost/compress/@v/v1.20.1.zip: 502 Bad Gateway\n/home/user/go/pkg/mod/github.com/smallstep/certificates@v0.30.2/authority/provisioner/gcp/projectvalidator.go:7:2: google.golang.org/api@v0.298.0: reading http://build-cache.internal/goproxy/google.golang.org/api/@v/v0.298.0.zip: 502 Bad Gateway\n../../modules/caddytls/ech.go:19:2: github.com/cloudflare/circl@v1.6.5: reading http://build-cache.internal/goproxy/github.com/cloudflare/circl/@v/v1.6.5.zip: 502 Bad Gateway\n../../modules/caddytls/ech.go:20:2: github.com/cloudflare/circl@v1.6.5: reading http://build-cache.internal/goproxy/github.com/cloudflare/circl/@v/v1.6.5.zip: 502 Bad Gateway\n../../modules/caddyhttp/encode/gzip/gzip.go:21:2: github.com/klauspost/compress@v1.20.1: reading http://build-cache.internal/goproxy/github.com/klauspost/compress/@v/v1.20.1.zip: 502 Bad Gateway\n","type":"stderr"}
1791355561.012437933	{"data":"BENCH_CMD_SECONDS=12.5857\n","type":"stdout"}
1791355561.936867618	{"bytes_down":19171,"bytes_up":34593,"duration_ms":33445,"exit_code":1,"from_store":688,"outcome":"failed","retryable":false,"type":"result","workspace":"cold"}
