1791355570.974003940	{"lease":"orgs/ORG/projects/PROJECT/envs/ENV/leases/sbx-7gdb1cs9","region":"","size":"large","type":"queued"}
1791355574.369850835	{"bytes":4563414,"bytes_up":34593,"duration_ms":3299,"files":691,"from_store":688,"full":true,"new_volume":false,"removed":0,"type":"sync","volume":true,"workspace":"cold"}
1791355574.714218943	{"cache":true,"lease":"orgs/ORG/projects/PROJECT/envs/ENV/leases/sbx-7gdb1cs9","region":"","size":"large","type":"running","volume":true,"workspace":"cold"}
1791355581.548019551	{"data":"BENCH_TOOL_SECONDS=6.11059\n","type":"stdout"}
1791355581.647716392	{"data":"go: downloading github.com/caddyserver/certmagic v0.25.6\n","type":"stderr"}
1791355581.650650661	{"data":"go: downloading github.com/smallstep/certificates v0.30.2\n","type":"stderr"}
1791355581.652649898	{"data":"go: downloading go.uber.org/zap v1.28.0\n","type":"stderr"}
1791355581.655004358	{"data":"go: downloading github.com/smallstep/truststore v0.13.0\n","type":"stderr"}
1791355581.657455112	{"data":"go: downloading github.com/spf13/cobra v1.10.2\n","type":"stderr"}
1791355581.658826298	{"data":"go: downloading go.step.sm/crypto v0.91.0\n","type":"stderr"}
1791355581.660110053	{"data":"go: downloading github.com/KimMachineGun/automemlimit v1.0.0\n","type":"stderr"}
1791355581.674863191	{"data":"go: downloading github.com/aryann/difflib v0.0.0-20210328193216-ff5ff6dc229b\n","type":"stderr"}
1791355581.677145042	{"data":"go: downloading github.com/spf13/pflag v1.0.10\n","type":"stderr"}
1791355581.678893644	{"data":"go: downloading go.uber.org/automaxprocs v1.6.0\n","type":"stderr"}
1791355581.692364010	{"data":"go: downloading go.uber.org/zap/exp v0.3.0\n","type":"stderr"}
1791355581.706534434	{"data":"go: downloading golang.org/x/crypto/x509roots/fallback v0.0.0-20260929172509-b39ff6d641ec\n","type":"stderr"}
1791355581.816111437	{"data":"go: downloading golang.org/x/crypto v0.57.0\n","type":"stderr"}
1791355581.905364630	{"data":"go: downloading github.com/go-chi/chi/v5 v5.3.2\n","type":"stderr"}
1791355581.950146197	{"data":"go: downloading github.com/smallstep/nosql v0.8.0\n","type":"stderr"}
1791355581.957167795	{"data":"go: downloading go.etcd.io/bbolt v1.5.0\n","type":"stderr"}
1791355582.021445753	{"data":"go: downloading github.com/caddyserver/zerossl v0.1.6\n","type":"stderr"}
1791355582.043801360	{"data":"go: downloading github.com/cloudflare/circl v1.6.5\n","type":"stderr"}
1791355582.110172246	{"data":"go: downloading github.com/klauspost/cpuid/v2 v2.4.0\n","type":"stderr"}
1791355582.113123211	{"data":"go: downloading github.com/libdns/libdns v1.1.1\n","type":"stderr"}
1791355582.124685074	{"data":"go: downloading github.com/mholt/acmez/v3 v3.1.7\n","type":"stderr"}
1791355582.204218434	{"data":"go: downloading github.com/tailscale/tscert v0.0.0-20251216020129-aea342f6d747\n","type":"stderr"}
1791355582.269659056	{"data":"go: downloading golang.org/x/net v0.59.0\n","type":"stderr"}
1791355582.280893389	{"data":"go: downloading github.com/prometheus/client_golang v1.24.1\n","type":"stderr"}
1791355582.283659546	{"data":"go: downloading github.com/DeRuina/timberjack v1.4.8\n","type":"stderr"}
1791355582.286322589	{"data":"go: downloading github.com/dustin/go-humanize v1.1.0\n","type":"stderr"}
1791355582.287882648	{"data":"go: downloading golang.org/x/term v0.46.0\n","type":"stderr"}
1791355582.297077994	{"data":"go: downloading github.com/cespare/xxhash/v2 v2.3.0\n","type":"stderr"}
1791355582.298420316	{"data":"go: downloading github.com/google/uuid v1.6.0\n","type":"stderr"}
1791355582.299646104	{"data":"go: downloading github.com/quic-go/quic-go v0.63.0\n","type":"stderr"}
1791355582.308890313	{"data":"go: downloading golang.org/x/sys v0.48.0\n","type":"stderr"}
1791355582.336242510	{"data":"go: downloading golang.org/x/time v0.16.0\n","type":"stderr"}
1791355582.345405058	{"data":"go: downloading github.com/cespare/xxhash v1.1.0\n","type":"stderr"}
1791355582.488130519	{"data":"go: downloading cel.dev/cel-go v0.32.0\n","type":"stderr"}
1791355582.878332257	{"data":"go: downloading github.com/dunglas/go-urlpattern v1.0.0\n","type":"stderr"}
1791355582.879698825	{"data":"go: downloading github.com/dunglas/httpsfv v1.1.1\ngo: downloading go.opentelemetry.io/contrib/bridges/prometheus v0.71.0\n","type":"stderr"}
1791355582.967910176	{"data":"go: downloading go.opentelemetry.io/contrib/exporters/autoexport v0.71.0\ngo: downloading go.opentelemetry.io/otel/sdk/metric v1.46.0\n","type":"stderr"}
1791355582.969261602	{"data":"go: downloading go.opentelemetry.io/otel/sdk v1.46.0\n","type":"stderr"}
1791355582.970517555	{"data":"go: downloading go.opentelemetry.io/otel v1.46.0\n","type":"stderr"}
1791355582.971807880	{"data":"go: downloading github.com/miekg/dns v1.1.73\n","type":"stderr"}
1791355582.973040127	{"data":"go: downloading github.com/zeebo/blake3 v0.2.4\n","type":"stderr"}
1791355582.974226336	{"data":"go: downloading go.yaml.in/yaml/v3 v3.0.5\n","type":"stderr"}
1791355582.975444302	{"data":"go: downloading github.com/cpuguy83/go-md2man/v2 v2.0.7\n","type":"stderr"}
1791355582.976627185	{"data":"go: downloading github.com/pbnjay/memory v0.0.0-20210728143218-7b4eea64cf58\n","type":"stderr"}
1791355582.977744400	{"data":"go: downloading go.uber.org/multierr v1.11.0\n","type":"stderr"}
1791355583.017202157	{"data":"go: downloading golang.org/x/sync v0.23.0\n","type":"stderr"}
1791355583.018481766	{"data":"go: downloading github.com/klauspost/compress v1.20.1\n","type":"stderr"}
1791355583.046619611	{"data":"go: downloading github.com/pires/go-proxyproto v0.15.0\n","type":"stderr"}
1791355583.074457717	{"data":"go: downloading github.com/BurntSushi/toml v1.6.0\n","type":"stderr"}
1791355583.081533906	{"data":"go: downloading github.com/Masterminds/sprig/v3 v3.3.0\n","type":"stderr"}
1791355583.107670161	{"data":"go: downloading github.com/alecthomas/chroma/v2 v2.27.0\n","type":"stderr"}
1791355583.117498946	{"data":"go: downloading github.com/yuin/goldmark v1.8.6\n","type":"stderr"}
1791355583.137593503	{"data":"go: downloading github.com/yuin/goldmark-highlighting/v2 v2.0.0-20230729083705-37449abec8cc\n","type":"stderr"}
1791355583.230773513	{"data":"go: downloading gopkg.in/yaml.v3 v3.0.1\n","type":"stderr"}
1791355583.232492530	{"data":"go: downloading go.opentelemetry.io/contrib/instrumentation/net/http/otelhttp v0.71.0\n","type":"stderr"}
1791355583.266186997	{"data":"go: downloading go.opentelemetry.io/contrib/propagators/autoprop v0.71.0\n","type":"stderr"}
1791355583.360774707	{"data":"go: downloading go.opentelemetry.io/otel/trace v1.46.0\n","type":"stderr"}
1791355583.385818534	{"data":"go: downloading github.com/pkg/errors v0.9.1\n","type":"stderr"}
1791355583.387194567	{"data":"go: downloading github.com/smallstep/cli-utils v0.12.2\n","type":"stderr"}
1791355583.388536198	{"data":"go: downloading github.com/smallstep/linkedca v0.26.0\n","type":"stderr"}
1791355583.411699436	{"data":"go: downloading google.golang.org/grpc v1.83.2\n","type":"stderr"}
1791355583.536466222	{"data":"go: downloading google.golang.org/protobuf v1.36.12\n","type":"stderr"}
1791355583.547142268	{"data":"go: downloading github.com/coreos/go-oidc/v3 v3.21.0\n","type":"stderr"}
1791355583.548487114	{"data":"go: downloading github.com/fxamacker/cbor/v2 v2.9.4\n","type":"stderr"}
1791355583.549821916	{"data":"go: downloading github.com/google/go-tpm v0.9.8\n","type":"stderr"}
1791355583.658597577	{"data":"go: downloading github.com/smallstep/go-attestation v0.4.4-0.20260814222900-a849f4e2cd68\n","type":"stderr"}
1791355583.709311760	{"data":"go: downloading github.com/slackhq/nebula v1.11.2\n","type":"stderr"}
1791355583.836252225	{"data":"go: downloading github.com/beorn7/perks v1.0.1\n","type":"stderr"}
1791355583.894449778	{"data":"go: downloading github.com/prometheus/client_model v0.6.3\n","type":"stderr"}
1791355583.895786432	{"data":"go: downloading github.com/prometheus/common v0.71.0\n","type":"stderr"}
1791355583.977947852	{"data":"go: downloading github.com/prometheus/procfs v0.22.0\n","type":"stderr"}
1791355584.051584883	{"data":"go: downloading github.com/quic-go/qpack v0.6.0\n","type":"stderr"}
1791355584.056463457	{"data":"go: downloading cel.dev/expr v0.25.3\n","type":"stderr"}
1791355584.205770856	{"data":"go: downloading google.golang.org/genproto/googleapis/api v0.0.0-20260921155816-b14227669459\n","type":"stderr"}
1791355584.262141269	{"data":"go: downloading golang.org/x/text v0.42.0\n","type":"stderr"}
1791355584.364422654	{"data":"go: downloading github.com/antlr4-go/antlr/v4 v4.13.1\n","type":"stderr"}
1791355584.365839849	{"data":"go: downloading github.com/nlnwa/whatwg-url v0.6.2\ngo: downloading golang.org/x/exp v0.0.0-20260908205506-85c1c2202aba\n","type":"stderr"}
1791355584.367177595	{"data":"go: downloading go.opentelemetry.io/otel/exporters/otlp/otlplog/otlploggrpc v0.22.0\n","type":"stderr"}
1791355584.368492817	{"data":"go: downloading go.opentelemetry.io/otel/exporters/otlp/otlplog/otlploghttp v0.22.0\n","type":"stderr"}
1791355584.369787408	{"data":"go: downloading go.opentelemetry.io/otel/exporters/otlp/otlpmetric/otlpmetrichttp v1.46.0\n","type":"stderr"}
1791355584.371429970	{"data":"go: downloading go.opentelemetry.io/otel/exporters/otlp/otlpmetric/otlpmetricgrpc v1.46.0\n","type":"stderr"}
1791355584.409956912	{"data":"go: downloading go.opentelemetry.io/otel/exporters/otlp/otlptrace/otlptracehttp v1.46.0\n","type":"stderr"}
1791355584.411419995	{"data":"go: downloading go.opentelemetry.io/otel/exporters/otlp/otlptrace/otlptracegrpc v1.46.0\n","type":"stderr"}
1791355584.412820565	{"data":"go: downloading go.opentelemetry.io/otel/exporters/prometheus v0.68.0\n","type":"stderr"}
1791355584.414210088	{"data":"go: downloading go.opentelemetry.io/otel/exporters/stdout/stdoutlog v0.22.0\n","type":"stderr"}
1791355584.533047224	{"data":"go: downloading go.opentelemetry.io/otel/exporters/otlp/otlptrace v1.46.0\n","type":"stderr"}
1791355584.534455646	{"data":"go: downloading go.opentelemetry.io/otel/exporters/stdout/stdoutmetric v1.46.0\n","type":"stderr"}
1791355584.535826691	{"data":"go: downloading go.opentelemetry.io/otel/exporters/stdout/stdouttrace v1.46.0\n","type":"stderr"}
1791355584.537190616	{"data":"go: downloading go.opentelemetry.io/otel/sdk/log v0.22.0\n","type":"stderr"}
1791355584.538498277	{"data":"go: downloading github.com/russross/blackfriday/v2 v2.1.0\n","type":"stderr"}
1791355584.548737148	{"data":"go: downloading dario.cat/mergo v1.0.2\n","type":"stderr"}
1791355584.561109787	{"data":"go: downloading github.com/Masterminds/goutils v1.1.1\n","type":"stderr"}
1791355584.567474390	{"data":"go: downloading github.com/Masterminds/semver/v3 v3.5.0\n","type":"stderr"}
1791355584.568849521	{"data":"go: downloading github.com/huandu/xstrings v1.6.1\n","type":"stderr"}
1791355584.583766956	{"data":"go: downloading github.com/mitchellh/copystructure v1.2.0\n","type":"stderr"}
1791355584.585142648	{"data":"go: downloading github.com/shopspring/decimal v1.4.0\n","type":"stderr"}
1791355584.590616105	{"data":"go: downloading github.com/spf13/cast v1.10.0\n","type":"stderr"}
1791355584.668855815	{"data":"go: downloading github.com/dgraph-io/badger v1.6.2\n","type":"stderr"}
1791355584.671537185	{"data":"go: downloading github.com/dgraph-io/badger/v2 v2.2007.4\n","type":"stderr"}
1791355584.690935598	{"data":"go: downloading github.com/go-sql-driver/mysql v1.10.1\n","type":"stderr"}
1791355584.701403543	{"data":"go: downloading github.com/jackc/pgx/v5 v5.11.0\n","type":"stderr"}
1791355584.710658498	{"data":"go: downloading github.com/ccoveille/go-safecast/v2 v2.0.1\n","type":"stderr"}
1791355584.744201047	{"data":"go: downloading github.com/smallstep/pkcs7 v0.2.3\n","type":"stderr"}
1791355584.745610180	{"data":"go: downloading github.com/smallstep/scep v0.0.0-20260331191114-261f960a40d1\n","type":"stderr"}
1791355584.833011806	{"data":"go: downloading github.com/felixge/httpsnoop v1.1.0\n","type":"stderr"}
1791355584.834473758	{"data":"go: downloading go.opentelemetry.io/otel/metric v1.46.0\n","type":"stderr"}
1791355584.888413517	{"data":"go: downloading github.com/go-jose/go-jose/v3 v3.0.5\n","type":"stderr"}
1791355584.904756609	{"data":"go: downloading go.opentelemetry.io/contrib/propagators/aws v1.46.0\n","type":"stderr"}
1791355584.908139822	{"data":"go: downloading go.opentelemetry.io/contrib/propagators/b3 v1.46.0\n","type":"stderr"}
1791355584.909425810	{"data":"go: downloading go.opentelemetry.io/contrib/propagators/jaeger v1.46.0\n","type":"stderr"}
1791355584.918247385	{"data":"go: downloading go.opentelemetry.io/contrib/propagators/ot v1.46.0\n","type":"stderr"}
1791355584.931440465	{"data":"go: downloading github.com/urfave/cli v1.22.17\n","type":"stderr"}
1791355584.999155296	{"data":"go: downloading github.com/chzyer/readline v1.5.1\n","type":"stderr"}
1791355585.002460351	{"data":"go: downloading github.com/manifoldco/promptui v0.9.0\n","type":"stderr"}
1791355585.032098727	{"data":"go: downloading github.com/go-jose/go-jose/v4 v4.1.5\n","type":"stderr"}
1791355585.036071654	{"data":"go: downloading golang.org/x/oauth2 v0.37.0\n","type":"stderr"}
1791355585.040664940	{"data":"go: downloading github.com/sirupsen/logrus v1.10.2\n","type":"stderr"}
1791355585.086930203	{"data":"go: downloading github.com/x448/float16 v0.8.4\n","type":"stderr"}
1791355585.094235275	{"data":"go: downloading github.com/rs/xid v1.6.0\ngo: downloading google.golang.org/api v0.298.0\n","type":"stderr"}
1791355585.095564649	{"data":"go: downloading filippo.io/edwards25519 v1.2.0\n","type":"stderr"}
1791355585.141825816	{"data":"go: downloading github.com/mitchellh/go-ps v1.0.0\n","type":"stderr"}
1791355585.144530621	{"data":"go: downloading github.com/google/go-tspi v0.3.0\n","type":"stderr"}
1791355585.149646991	{"data":"go: downloading github.com/munnerz/goautoneg v0.0.0-20191010083416-a7dc8b61c822\n","type":"stderr"}
1791355585.167483433	{"data":"go: downloading github.com/go-logr/logr v1.4.4\n","type":"stderr"}
1791355585.199339223	{"data":"go: downloading google.golang.org/genproto/googleapis/rpc v0.0.0-20260921155816-b14227669459\n","type":"stderr"}
1791355585.200722156	{"data":"go: downloading go.opentelemetry.io/proto/otlp v1.11.0\n","type":"stderr"}
1791355585.242373942	{"data":"go: downloading github.com/prometheus/otlptranslator v1.0.0\n","type":"stderr"}
1791355585.274388630	{"data":"go: downloading github.com/bits-and-blooms/bitset v1.25.0\n","type":"stderr"}
1791355585.298794080	{"data":"go: downloading go.opentelemetry.io/otel/log v0.22.0\n","type":"stderr"}
1791355585.353486428	{"data":"go: downloading github.com/dlclark/regexp2/v2 v2.8.0\n","type":"stderr"}
1791355585.354860207	{"data":"go: downloading github.com/mitchellh/reflectwalk v1.0.2\n","type":"stderr"}
1791355585.356694448	{"data":"go: downloading github.com/dgraph-io/ristretto v0.2.0\n","type":"stderr"}
1791355585.358021998	{"data":"go: downloading github.com/golang/protobuf v1.5.4\n","type":"stderr"}
1791355585.403872269	{"data":"go: downloading github.com/dgryski/go-farm v0.0.0-20240924180020-3414d57e47da\n","type":"stderr"}
1791355585.457998728	{"data":"go: downloading filippo.io/bigmod v0.1.0\n","type":"stderr"}
1791355585.542971794	{"data":"go: downloading github.com/go-logr/stdr v1.2.2\n","type":"stderr"}
1791355585.555417884	{"data":"go: downloading go.opentelemetry.io/auto/sdk v1.2.1\n","type":"stderr"}
1791355585.561802556	{"data":"go: downloading github.com/cenkalti/backoff/v5 v5.0.3\n","type":"stderr"}
1791355585.601693572	{"data":"go: downloading github.com/google/certificate-transparency-go v1.3.3\n","type":"stderr"}
1791355585.603082946	{"data":"go: downloading github.com/grpc-ecosystem/grpc-gateway/v2 v2.30.0\n","type":"stderr"}
1791355585.604468293	{"data":"go: downloading github.com/AndreasBriese/bbloom v0.0.0-20190825152654-46b345b51c96\n","type":"stderr"}
1791355585.605767811	{"data":"go: downloading github.com/golang/snappy v1.0.0\n","type":"stderr"}
1791355585.653186914	{"data":"go: downloading github.com/jackc/pgpassfile v1.0.0\n","type":"stderr"}
1791355585.660699848	{"data":"go: downloading github.com/jackc/pgservicefile v0.0.0-20240606120523-5a60cdf6a761\n","type":"stderr"}
1791355585.671138618	{"data":"go: downloading github.com/jackc/puddle/v2 v2.2.2\n","type":"stderr"}
1791355585.707184981	{"data":"go: downloading github.com/mgutz/ansi v0.0.0-20200706080929-d51e80ef957d\n","type":"stderr"}
1791355585.743214367	{"data":"go: downloading github.com/shurcooL/sanitized_anchor_name v1.0.0\n","type":"stderr"}
1791355585.845004827	{"data":"go: downloading github.com/mattn/go-colorable v0.1.15\n","type":"stderr"}
1791355585.982192516	{"data":"go: downloading github.com/mattn/go-isatty v0.0.24\n","type":"stderr"}
1791355588.355013095	{"data":"/home/user/go/pkg/mod/github.com/dgraph-io/badger/v2@v2.2007.4/y/zstd.go:22:2: github.com/klauspost/compress@v1.20.1: reading http://build-cache.internal/goproxy/github.com/klauspost/compress/@v/v1.20.1.zip: 502 Bad Gateway\n/home/user/go/pkg/mod/github.com/smallstep/certificates@v0.30.2/authority/provisioner/gcp/projectvalidator.go:7:2: google.golang.org/api@v0.298.0: reading http://build-cache.internal/goproxy/google.golang.org/api/@v/v0.298.0.zip: 502 Bad Gateway\n../../modules/caddytls/ech.go:19:2: github.com/cloudflare/circl@v1.6.5: reading http://build-cache.internal/goproxy/github.com/cloudflare/circl/@v/v1.6.5.zip: 502 Bad Gateway\n../../modules/caddytls/ech.go:20:2: github.com/cloudflare/circl@v1.6.5: reading http://build-cache.internal/goproxy/github.com/cloudflare/circl/@v/v1.6.5.zip: 502 Bad Gateway\n../../modules/caddyhttp/encode/gzip/gzip.go:21:2: github.com/klauspost/compress@v1.20.1: reading http://build-cache.internal/goproxy/github.com/klauspost/compress/@v/v1.20.1.zip: 502 Bad Gateway\n","type":"stderr"}
1791355588.375403485	{"data":"BENCH_CMD_SECONDS=6.81522\n","type":"stdout"}
1791355589.362504262	{"bytes_down":19334,"bytes_up":34593,"duration_ms":27339,"exit_code":1,"from_store":688,"outcome":"failed","retryable":false,"type":"result","workspace":"cold"}
