1791355594.813387800	{"lease":"orgs/ORG/projects/PROJECT/envs/ENV/leases/sbx-t641pf9x","region":"","size":"large","type":"queued"}
1791355597.328661659	{"bytes":4563414,"bytes_up":34593,"duration_ms":2383,"files":691,"from_store":688,"full":true,"new_volume":false,"removed":0,"type":"sync","volume":true,"workspace":"cold"}
1791355597.580182997	{"cache":true,"lease":"orgs/ORG/projects/PROJECT/envs/ENV/leases/sbx-t641pf9x","region":"","size":"large","type":"running","volume":true,"workspace":"cold"}
1791355605.505225733	{"data":"BENCH_TOOL_SECONDS=7.34413\n","type":"stdout"}
1791355605.586794367	{"data":"go: downloading github.com/prometheus/client_golang v1.24.1\ngo: downloading go.uber.org/zap v1.28.0\n","type":"stderr"}
1791355605.588425843	{"data":"go: downloading github.com/KimMachineGun/automemlimit v1.0.0\n","type":"stderr"}
1791355605.591238430	{"data":"go: downloading github.com/aryann/difflib v0.0.0-20210328193216-ff5ff6dc229b\n","type":"stderr"}
1791355605.593811959	{"data":"go: downloading github.com/caddyserver/certmagic v0.25.6\n","type":"stderr"}
1791355605.595182233	{"data":"go: downloading github.com/spf13/cobra v1.10.2\n","type":"stderr"}
1791355605.596603654	{"data":"go: downloading github.com/spf13/pflag v1.0.10\n","type":"stderr"}
1791355605.597981230	{"data":"go: downloading go.uber.org/automaxprocs v1.6.0\n","type":"stderr"}
1791355605.599597112	{"data":"go: downloading go.uber.org/zap/exp v0.3.0\n","type":"stderr"}
1791355605.601686225	{"data":"go: downloading golang.org/x/crypto/x509roots/fallback v0.0.0-20260929172509-b39ff6d641ec\n","type":"stderr"}
1791355605.659148456	{"data":"go: downloading github.com/go-chi/chi/v5 v5.3.2\n","type":"stderr"}
1791355605.663765279	{"data":"go: downloading github.com/smallstep/certificates v0.30.2\n","type":"stderr"}
1791355605.676823767	{"data":"go: downloading golang.org/x/crypto v0.57.0\n","type":"stderr"}
1791355605.838356099	{"data":"go: downloading github.com/smallstep/nosql v0.8.0\n","type":"stderr"}
1791355605.854304621	{"data":"go: downloading go.etcd.io/bbolt v1.5.0\n","type":"stderr"}
1791355605.876978876	{"data":"go: downloading github.com/smallstep/truststore v0.13.0\n","type":"stderr"}
1791355605.880092283	{"data":"go: downloading go.step.sm/crypto v0.91.0\n","type":"stderr"}
1791355606.041318437	{"data":"go: downloading github.com/cespare/xxhash/v2 v2.3.0\n","type":"stderr"}
1791355606.044172496	{"data":"go: downloading github.com/google/uuid v1.6.0\n","type":"stderr"}
1791355606.047015188	{"data":"go: downloading github.com/quic-go/quic-go v0.63.0\n","type":"stderr"}
1791355606.116436130	{"data":"go: downloading github.com/cespare/xxhash v1.1.0\n","type":"stderr"}
1791355606.209968191	{"data":"go: downloading golang.org/x/sys v0.48.0\n","type":"stderr"}
1791355606.212499376	{"data":"go: downloading golang.org/x/term v0.46.0\n","type":"stderr"}
1791355606.214481888	{"data":"go: downloading golang.org/x/time v0.16.0\n","type":"stderr"}
1791355606.216852012	{"data":"go: downloading github.com/DeRuina/timberjack v1.4.8\n","type":"stderr"}
1791355606.218258260	{"data":"go: downloading github.com/dustin/go-humanize v1.1.0\n","type":"stderr"}
1791355606.220527142	{"data":"go: downloading github.com/caddyserver/zerossl v0.1.6\n","type":"stderr"}
1791355606.229470420	{"data":"go: downloading github.com/cloudflare/circl v1.6.5\n","type":"stderr"}
1791355606.253871925	{"data":"go: downloading github.com/klauspost/cpuid/v2 v2.4.0\n","type":"stderr"}
1791355606.255512715	{"data":"go: downloading github.com/libdns/libdns v1.1.1\n","type":"stderr"}
1791355606.303932550	{"data":"go: downloading github.com/mholt/acmez/v3 v3.1.7\n","type":"stderr"}
1791355606.334323174	{"data":"go: downloading github.com/tailscale/tscert v0.0.0-20251216020129-aea342f6d747\n","type":"stderr"}
1791355606.336926537	{"data":"go: downloading golang.org/x/net v0.59.0\n","type":"stderr"}
1791355606.360333531	{"data":"go: downloading cel.dev/cel-go v0.32.0\n","type":"stderr"}
1791355606.596779501	{"data":"go: downloading github.com/dunglas/go-urlpattern v1.0.0\n","type":"stderr"}
1791355606.599725578	{"data":"go: downloading github.com/dunglas/httpsfv v1.1.1\n","type":"stderr"}
1791355606.601609713	{"data":"go: downloading go.opentelemetry.io/contrib/bridges/prometheus v0.71.0\n","type":"stderr"}
1791355606.723603556	{"data":"go: downloading go.opentelemetry.io/contrib/exporters/autoexport v0.71.0\n","type":"stderr"}
1791355606.729969110	{"data":"go: downloading go.opentelemetry.io/otel/sdk/metric v1.46.0\n","type":"stderr"}
1791355606.743376101	{"data":"go: downloading go.opentelemetry.io/otel/sdk v1.46.0\n","type":"stderr"}
1791355606.843238122	{"data":"go: downloading go.opentelemetry.io/otel v1.46.0\n","type":"stderr"}
1791355606.875355545	{"data":"go: downloading github.com/pbnjay/memory v0.0.0-20210728143218-7b4eea64cf58\n","type":"stderr"}
1791355606.888470488	{"data":"go: downloading github.com/cpuguy83/go-md2man/v2 v2.0.7\n","type":"stderr"}
1791355606.891753911	{"data":"go: downloading go.yaml.in/yaml/v3 v3.0.5\n","type":"stderr"}
1791355606.894653729	{"data":"go: downloading github.com/miekg/dns v1.1.73\n","type":"stderr"}
1791355606.897488469	{"data":"go: downloading github.com/zeebo/blake3 v0.2.4\n","type":"stderr"}
1791355606.900210300	{"data":"go: downloading golang.org/x/sync v0.23.0\n","type":"stderr"}
1791355606.903054774	{"data":"go: downloading github.com/klauspost/compress v1.20.1\n","type":"stderr"}
1791355606.906001062	{"data":"go: downloading go.uber.org/multierr v1.11.0\n","type":"stderr"}
1791355606.913978723	{"data":"go: downloading github.com/pires/go-proxyproto v0.15.0\n","type":"stderr"}
1791355606.954984602	{"data":"go: downloading github.com/pkg/errors v0.9.1\n","type":"stderr"}
1791355607.013851310	{"data":"go: downloading github.com/BurntSushi/toml v1.6.0\n","type":"stderr"}
1791355607.021410894	{"data":"go: downloading github.com/Masterminds/sprig/v3 v3.3.0\n","type":"stderr"}
1791355607.033311927	{"data":"go: downloading github.com/alecthomas/chroma/v2 v2.27.0\n","type":"stderr"}
1791355607.047426318	{"data":"go: downloading github.com/yuin/goldmark v1.8.6\n","type":"stderr"}
1791355607.057554383	{"data":"go: downloading github.com/yuin/goldmark-highlighting/v2 v2.0.0-20230729083705-37449abec8cc\n","type":"stderr"}
1791355607.114784017	{"data":"go: downloading gopkg.in/yaml.v3 v3.0.1\n","type":"stderr"}
1791355607.149848869	{"data":"go: downloading go.opentelemetry.io/contrib/instrumentation/net/http/otelhttp v0.71.0\n","type":"stderr"}
1791355607.152982978	{"data":"go: downloading go.opentelemetry.io/contrib/propagators/autoprop v0.71.0\n","type":"stderr"}
1791355607.255400501	{"data":"go: downloading go.opentelemetry.io/otel/trace v1.46.0\n","type":"stderr"}
1791355607.291080756	{"data":"go: downloading github.com/beorn7/perks v1.0.1\n","type":"stderr"}
1791355607.293724710	{"data":"go: downloading github.com/prometheus/client_model v0.6.3\n","type":"stderr"}
1791355607.440309352	{"data":"go: downloading github.com/prometheus/common v0.71.0\n","type":"stderr"}
1791355607.483872556	{"data":"go: downloading github.com/prometheus/procfs v0.22.0\n","type":"stderr"}
1791355607.485307898	{"data":"go: downloading google.golang.org/protobuf v1.36.12\n","type":"stderr"}
1791355607.502166573	{"data":"go: downloading github.com/coreos/go-oidc/v3 v3.21.0\n","type":"stderr"}
1791355607.504549647	{"data":"go: downloading github.com/fxamacker/cbor/v2 v2.9.4\n","type":"stderr"}
1791355607.595511184	{"data":"go: downloading github.com/google/go-tpm v0.9.8\n","type":"stderr"}
1791355607.660947131	{"data":"go: downloading github.com/smallstep/go-attestation v0.4.4-0.20260814222900-a849f4e2cd68\ngo: downloading github.com/smallstep/linkedca v0.26.0\n","type":"stderr"}
1791355607.670972011	{"data":"go: downloading github.com/smallstep/cli-utils v0.12.2\n","type":"stderr"}
1791355607.800368854	{"data":"go: downloading google.golang.org/grpc v1.83.2\n","type":"stderr"}
1791355607.883158108	{"data":"go: downloading github.com/slackhq/nebula v1.11.2\n","type":"stderr"}
1791355607.905079625	{"data":"go: downloading github.com/quic-go/qpack v0.6.0\n","type":"stderr"}
1791355607.955831547	{"data":"go: downloading github.com/nlnwa/whatwg-url v0.6.2\n","type":"stderr"}
1791355607.957445637	{"data":"go: downloading google.golang.org/genproto/googleapis/api v0.0.0-20260921155816-b14227669459\n","type":"stderr"}
1791355607.959188299	{"data":"go: downloading cel.dev/expr v0.25.3\n","type":"stderr"}
1791355607.960936440	{"data":"go: downloading golang.org/x/exp v0.0.0-20260908205506-85c1c2202aba\n","type":"stderr"}
1791355608.138316103	{"data":"go: downloading github.com/antlr4-go/antlr/v4 v4.13.1\n","type":"stderr"}
1791355608.296199576	{"data":"go: downloading golang.org/x/text v0.42.0\n","type":"stderr"}
1791355608.299105453	{"data":"go: downloading go.opentelemetry.io/otel/exporters/otlp/otlplog/otlploggrpc v0.22.0\n","type":"stderr"}
1791355608.301508576	{"data":"go: downloading go.opentelemetry.io/otel/exporters/otlp/otlplog/otlploghttp v0.22.0\n","type":"stderr"}
1791355608.302911229	{"data":"go: downloading go.opentelemetry.io/otel/exporters/otlp/otlpmetric/otlpmetricgrpc v1.46.0\n","type":"stderr"}
1791355608.304156826	{"data":"go: downloading go.opentelemetry.io/otel/exporters/otlp/otlpmetric/otlpmetrichttp v1.46.0\n","type":"stderr"}
1791355608.305671367	{"data":"go: downloading go.opentelemetry.io/otel/exporters/otlp/otlptrace/otlptracegrpc v1.46.0\n","type":"stderr"}
1791355608.307964715	{"data":"go: downloading go.opentelemetry.io/otel/exporters/otlp/otlptrace/otlptracehttp v1.46.0\n","type":"stderr"}
1791355608.309420738	{"data":"go: downloading go.opentelemetry.io/otel/exporters/prometheus v0.68.0\n","type":"stderr"}
1791355608.311867366	{"data":"go: downloading go.opentelemetry.io/otel/exporters/stdout/stdoutlog v0.22.0\n","type":"stderr"}
1791355608.313365052	{"data":"go: downloading go.opentelemetry.io/otel/exporters/stdout/stdouttrace v1.46.0\n","type":"stderr"}
1791355608.314611460	{"data":"go: downloading go.opentelemetry.io/otel/exporters/stdout/stdoutmetric v1.46.0\n","type":"stderr"}
1791355608.315739863	{"data":"go: downloading go.opentelemetry.io/otel/sdk/log v0.22.0\n","type":"stderr"}
1791355608.420396763	{"data":"go: downloading go.opentelemetry.io/otel/exporters/otlp/otlptrace v1.46.0\n","type":"stderr"}
1791355608.433078597	{"data":"go: downloading github.com/dgraph-io/badger v1.6.2\n","type":"stderr"}
1791355608.462098596	{"data":"go: downloading github.com/dgraph-io/badger/v2 v2.2007.4\n","type":"stderr"}
1791355608.463503673	{"data":"go: downloading github.com/go-sql-driver/mysql v1.10.1\n","type":"stderr"}
1791355608.466063591	{"data":"go: downloading github.com/jackc/pgx/v5 v5.11.0\n","type":"stderr"}
1791355608.479323001	{"data":"go: downloading github.com/russross/blackfriday/v2 v2.1.0\n","type":"stderr"}
1791355608.575724704	{"data":"go: downloading dario.cat/mergo v1.0.2\n","type":"stderr"}
1791355608.636102628	{"data":"go: downloading github.com/Masterminds/goutils v1.1.1\n","type":"stderr"}
1791355608.671497335	{"data":"go: downloading github.com/Masterminds/semver/v3 v3.5.0\n","type":"stderr"}
1791355608.697855373	{"data":"go: downloading github.com/huandu/xstrings v1.6.1\n","type":"stderr"}
1791355608.700438095	{"data":"go: downloading github.com/mitchellh/copystructure v1.2.0\n","type":"stderr"}
1791355608.703578784	{"data":"go: downloading github.com/shopspring/decimal v1.4.0\n","type":"stderr"}
1791355608.706359153	{"data":"go: downloading github.com/spf13/cast v1.10.0\n","type":"stderr"}
1791355608.746939705	{"data":"go: downloading github.com/felixge/httpsnoop v1.1.0\n","type":"stderr"}
1791355608.778878169	{"data":"go: downloading go.opentelemetry.io/otel/metric v1.46.0\n","type":"stderr"}
1791355608.816532494	{"data":"go: downloading go.opentelemetry.io/contrib/propagators/aws v1.46.0\n","type":"stderr"}
1791355608.836116626	{"data":"go: downloading go.opentelemetry.io/contrib/propagators/b3 v1.46.0\n","type":"stderr"}
1791355608.837993821	{"data":"go: downloading go.opentelemetry.io/contrib/propagators/jaeger v1.46.0\n","type":"stderr"}
1791355608.860725202	{"data":"go: downloading go.opentelemetry.io/contrib/propagators/ot v1.46.0\n","type":"stderr"}
1791355608.901002619	{"data":"go: downloading github.com/go-jose/go-jose/v4 v4.1.5\n","type":"stderr"}
1791355608.902398953	{"data":"go: downloading golang.org/x/oauth2 v0.37.0\n","type":"stderr"}
1791355608.925431515	{"data":"go: downloading github.com/munnerz/goautoneg v0.0.0-20191010083416-a7dc8b61c822\ngo: downloading github.com/ccoveille/go-safecast/v2 v2.0.1\n","type":"stderr"}
1791355608.946631370	{"data":"go: downloading github.com/go-jose/go-jose/v3 v3.0.5\n","type":"stderr"}
1791355608.985565884	{"data":"go: downloading github.com/sirupsen/logrus v1.10.2\n","type":"stderr"}
1791355609.012304733	{"data":"go: downloading github.com/x448/float16 v0.8.4\n","type":"stderr"}
1791355609.013487366	{"data":"go: downloading github.com/smallstep/pkcs7 v0.2.3\n","type":"stderr"}
1791355609.020136756	{"data":"go: downloading github.com/smallstep/scep v0.0.0-20260331191114-261f960a40d1\n","type":"stderr"}
1791355609.080645425	{"data":"go: downloading github.com/google/go-tspi v0.3.0\n","type":"stderr"}
1791355609.101295676	{"data":"go: downloading github.com/urfave/cli v1.22.17\n","type":"stderr"}
1791355609.155704040	{"data":"go: downloading github.com/chzyer/readline v1.5.1\n","type":"stderr"}
1791355609.168645172	{"data":"go: downloading github.com/manifoldco/promptui v0.9.0\n","type":"stderr"}
1791355609.171533022	{"data":"go: downloading google.golang.org/api v0.298.0\n","type":"stderr"}
1791355609.172823096	{"data":"go: downloading github.com/rs/xid v1.6.0\n","type":"stderr"}
1791355609.193131044	{"data":"go: downloading filippo.io/edwards25519 v1.2.0\n","type":"stderr"}
1791355609.203140521	{"data":"go: downloading github.com/mitchellh/go-ps v1.0.0\n","type":"stderr"}
1791355609.219175242	{"data":"go: downloading github.com/go-logr/logr v1.4.4\n","type":"stderr"}
1791355609.221794739	{"data":"go: downloading github.com/bits-and-blooms/bitset v1.25.0\n","type":"stderr"}
1791355609.243188735	{"data":"go: downloading google.golang.org/genproto/googleapis/rpc v0.0.0-20260921155816-b14227669459\n","type":"stderr"}
1791355609.268351871	{"data":"go: downloading go.opentelemetry.io/proto/otlp v1.11.0\n","type":"stderr"}
1791355609.360210685	{"data":"go: downloading github.com/prometheus/otlptranslator v1.0.0\n","type":"stderr"}
1791355609.361661550	{"data":"go: downloading go.opentelemetry.io/otel/log v0.22.0\n","type":"stderr"}
1791355609.399599359	{"data":"go: downloading github.com/golang/protobuf v1.5.4\ngo: downloading github.com/dgraph-io/ristretto v0.2.0\n","type":"stderr"}
1791355609.400893389	{"data":"go: downloading github.com/dgryski/go-farm v0.0.0-20240924180020-3414d57e47da\n","type":"stderr"}
1791355609.407087226	{"data":"go: downloading github.com/dlclark/regexp2/v2 v2.8.0\n","type":"stderr"}
1791355609.423453013	{"data":"go: downloading github.com/mitchellh/reflectwalk v1.0.2\n","type":"stderr"}
1791355609.424812301	{"data":"go: downloading github.com/go-logr/stdr v1.2.2\ngo: downloading go.opentelemetry.io/auto/sdk v1.2.1\n","type":"stderr"}
1791355609.426156346	{"data":"go: downloading github.com/google/certificate-transparency-go v1.3.3\n","type":"stderr"}
1791355609.427441343	{"data":"go: downloading filippo.io/bigmod v0.1.0\n","type":"stderr"}
1791355609.431925726	{"data":"go: downloading github.com/cenkalti/backoff/v5 v5.0.3\n","type":"stderr"}
1791355609.444334299	{"data":"go: downloading github.com/AndreasBriese/bbloom v0.0.0-20190825152654-46b345b51c96\n","type":"stderr"}
1791355609.495307874	{"data":"go: downloading github.com/golang/snappy v1.0.0\n","type":"stderr"}
1791355609.498947400	{"data":"go: downloading github.com/grpc-ecosystem/grpc-gateway/v2 v2.30.0\n","type":"stderr"}
1791355609.525998789	{"data":"go: downloading github.com/jackc/pgpassfile v1.0.0\n","type":"stderr"}
1791355609.541094842	{"data":"go: downloading github.com/jackc/pgservicefile v0.0.0-20240606120523-5a60cdf6a761\n","type":"stderr"}
1791355609.551134544	{"data":"go: downloading github.com/jackc/puddle/v2 v2.2.2\n","type":"stderr"}
1791355609.553081623	{"data":"go: downloading github.com/mgutz/ansi v0.0.0-20200706080929-d51e80ef957d\n","type":"stderr"}
1791355609.554973199	{"data":"go: downloading github.com/shurcooL/sanitized_anchor_name v1.0.0\n","type":"stderr"}
1791355609.680009295	{"data":"go: downloading github.com/mattn/go-colorable v0.1.15\n","type":"stderr"}
1791355609.828318122	{"data":"go: downloading github.com/mattn/go-isatty v0.0.24\n","type":"stderr"}
1791355612.391673908	{"data":"/home/user/go/pkg/mod/github.com/dgraph-io/badger/v2@v2.2007.4/y/zstd.go:22:2: github.com/klauspost/compress@v1.20.1: reading http://build-cache.internal/goproxy/github.com/klauspost/compress/@v/v1.20.1.zip: 502 Bad Gateway\n/home/user/go/pkg/mod/github.com/smallstep/certificates@v0.30.2/authority/provisioner/gcp/projectvalidator.go:7:2: google.golang.org/api@v0.298.0: reading http://build-cache.internal/goproxy/google.golang.org/api/@v/v0.298.0.zip: 502 Bad Gateway\n../../modules/caddytls/ech.go:19:2: github.com/cloudflare/circl@v1.6.5: reading http://build-cache.internal/goproxy/github.com/cloudflare/circl/@v/v1.6.5.zip: 502 Bad Gateway\n../../modules/caddytls/ech.go:20:2: github.com/cloudflare/circl@v1.6.5: reading http://build-cache.internal/goproxy/github.com/cloudflare/circl/@v/v1.6.5.zip: 502 Bad Gateway\n../../modules/caddyhttp/encode/gzip/gzip.go:21:2: github.com/klauspost/compress@v1.20.1: reading http://build-cache.internal/goproxy/github.com/klauspost/compress/@v/v1.20.1.zip: 502 Bad Gateway\n","type":"stderr"}
1791355612.410545772	{"data":"BENCH_CMD_SECONDS=6.89038\n","type":"stdout"}
1791355612.931321147	{"bytes_down":19286,"bytes_up":34593,"duration_ms":23479,"exit_code":1,"from_store":688,"outcome":"failed","retryable":false,"type":"result","workspace":"cold"}
