1791355629.070816033	{"lease":"orgs/ORG/projects/PROJECT/envs/ENV/leases/sbx-s6y3rh9f","region":"","size":"standard","type":"queued"}
1791355630.187664244	{"bytes":91437,"bytes_up":2371,"duration_ms":1035,"files":16,"from_store":16,"full":true,"new_volume":true,"removed":0,"type":"sync","volume":true,"workspace":"cold"}
1791355630.189239395	{"cache":true,"lease":"orgs/ORG/projects/PROJECT/envs/ENV/leases/sbx-s6y3rh9f","region":"","size":"standard","type":"running","volume":true,"workspace":"cold"}
1791355632.081562294	{"data":"sylphx-image-build: rootless BuildKit up (snapshotter overlayfs, process sandbox false), frontend dockerfile\n","type":"stderr"}
1791355632.348767371	{"data":"#1 [internal] load build definition from Dockerfile\n#1 transferring dockerfile: 3.99kB done\n","type":"stderr"}
1791355632.351293018	{"data":"#1 DONE 0.0s\n\n#2 resolve image config for docker-image://docker.io/docker/dockerfile:1.7@sha256:a57df69d0ea827fb7266491f2813635de6f17269be881f696fbfdf2d83dda33e\n","type":"stderr"}
1791355632.662933467	{"data":"#2 DONE 0.5s\n","type":"stderr"}
1791355632.823096173	{"data":"\n#3 docker-image://docker.io/docker/dockerfile:1.7@sha256:a57df69d0ea827fb7266491f2813635de6f17269be881f696fbfdf2d83dda33e\n#3 resolve docker.io/docker/dockerfile:1.7@sha256:a57df69d0ea827fb7266491f2813635de6f17269be881f696fbfdf2d83dda33e done\n","type":"stderr"}
1791355632.825005365	{"data":"#3 sha256:96918c57e42509b97f10c074d80672ecdbd3bb7dcd38c1bd95960cf291207416 0B / 11.98MB 0.2s\n","type":"stderr"}
1791355632.974450191	{"data":"#3 sha256:96918c57e42509b97f10c074d80672ecdbd3bb7dcd38c1bd95960cf291207416 2.10MB / 11.98MB 0.3s\n","type":"stderr"}
1791355633.124106144	{"data":"#3 sha256:96918c57e42509b97f10c074d80672ecdbd3bb7dcd38c1bd95960cf291207416 5.24MB / 11.98MB 0.5s\n","type":"stderr"}
1791355633.274559082	{"data":"#3 sha256:96918c57e42509b97f10c074d80672ecdbd3bb7dcd38c1bd95960cf291207416 8.39MB / 11.98MB 0.6s\n","type":"stderr"}
1791355633.425242385	{"data":"#3 sha256:96918c57e42509b97f10c074d80672ecdbd3bb7dcd38c1bd95960cf291207416 11.53MB / 11.98MB 0.8s\n","type":"stderr"}
1791355633.606653619	{"data":"#3 sha256:96918c57e42509b97f10c074d80672ecdbd3bb7dcd38c1bd95960cf291207416 11.98MB / 11.98MB 0.8s done\n#3 extracting sha256:96918c57e42509b97f10c074d80672ecdbd3bb7dcd38c1bd95960cf291207416\n","type":"stderr"}
1791355633.640222810	{"data":"#3 extracting sha256:96918c57e42509b97f10c074d80672ecdbd3bb7dcd38c1bd95960cf291207416 0.2s done\n#3 DONE 1.0s\n","type":"stderr"}
1791355633.886617676	{"data":"\n","type":"stderr"}
1791355633.888262212	{"data":"#4 resolve image config for docker-image://docker.io/docker/buildkit-syft-scanner:stable-1@sha256:ae4f3b554449e7e25548e7d8ccc029d17357348e30c6e3df01b92bc93654d6a9\n","type":"stderr"}
1791355634.016598900	{"data":"#4 DONE 0.3s\n","type":"stderr"}
1791355634.172129401	{"data":"\n#5 [internal] load metadata for docker.io/library/node:24.13.0-slim\n","type":"stderr"}
1791355634.370676127	{"data":"#5 DONE 0.2s\n\n#6 [internal] load .dockerignore\n#6 transferring context: 2.48kB done\n#6 DONE 0.0s\n\n#7 docker-image://docker.io/docker/buildkit-syft-scanner:stable-1@sha256:ae4f3b554449e7e25548e7d8ccc029d17357348e30c6e3df01b92bc93654d6a9\n#7 resolve docker.io/docker/buildkit-syft-scanner:stable-1@sha256:ae4f3b554449e7e25548e7d8ccc029d17357348e30c6e3df01b92bc93654d6a9 done\n","type":"stderr"}
1791355634.472908126	{"data":"#7 ...\n\n#8 [internal] load build context\n#8 transferring context: 72.45kB done\n#8 DONE 0.0s\n","type":"stderr"}
1791355634.667563058	{"data":"\n#9 [builder 1/5] FROM docker.io/library/node:24.13.0-slim@sha256:4660b1ca8b28d6d1906fd644abe34b2ed81d15434d26d845ef0aced307cf4b6f\n#9 resolve docker.io/library/node:24.13.0-slim@sha256:4660b1ca8b28d6d1906fd644abe34b2ed81d15434d26d845ef0aced307cf4b6f done\n#9 sha256:d90d46d619398a297e98644390dda53d92954af45066f87aea04e2da844a6754 449B / 449B 0.1s done\n#9 sha256:1a5fa97547841412bf8527a6d445748d9acfd51ee2e73ad7e76d4ede9efe6e9f 1.05MB / 1.71MB 0.2s\n#9 sha256:8db14bf7760b9640d38dc96c1b21823eaa6dcb81316334b592ab21417c36f671 0B / 49.11MB 0.2s\n#9 sha256:e48f83d0e30eecff4260e3620f371c7f05122e743f4fe3f4168cd7f091948996 3.31kB / 3.31kB 0.1s done\n","type":"stderr"}
1791355634.816808004	{"data":"#9 sha256:8db14bf7760b9640d38dc96c1b21823eaa6dcb81316334b592ab21417c36f671 4.19MB / 49.11MB 0.3s\n#9 sha256:4831516dd0cb86845f5f902cb9b9d25b5c853152c337eb57e4737a9b7e2a2eb9 0B / 28.23MB 0.2s\n","type":"stderr"}
1791355634.967557987	{"data":"#9 sha256:1a5fa97547841412bf8527a6d445748d9acfd51ee2e73ad7e76d4ede9efe6e9f 1.71MB / 1.71MB 0.5s\n#9 sha256:8db14bf7760b9640d38dc96c1b21823eaa6dcb81316334b592ab21417c36f671 7.34MB / 49.11MB 0.5s\n#9 sha256:4831516dd0cb86845f5f902cb9b9d25b5c853152c337eb57e4737a9b7e2a2eb9 2.10MB / 28.23MB 0.3s\n","type":"stderr"}
1791355635.117888932	{"data":"#9 sha256:8db14bf7760b9640d38dc96c1b21823eaa6dcb81316334b592ab21417c36f671 10.49MB / 49.11MB 0.6s\n#9 sha256:4831516dd0cb86845f5f902cb9b9d25b5c853152c337eb57e4737a9b7e2a2eb9 4.19MB / 28.23MB 0.5s\n","type":"stderr"}
1791355635.267564986	{"data":"#9 sha256:4831516dd0cb86845f5f902cb9b9d25b5c853152c337eb57e4737a9b7e2a2eb9 8.39MB / 28.23MB 0.6s\n","type":"stderr"}
1791355635.419265434	{"data":"#9 sha256:8db14bf7760b9640d38dc96c1b21823eaa6dcb81316334b592ab21417c36f671 15.73MB / 49.11MB 0.9s\n#9 sha256:4831516dd0cb86845f5f902cb9b9d25b5c853152c337eb57e4737a9b7e2a2eb9 10.49MB / 28.23MB 0.8s\n","type":"stderr"}
1791355635.566766307	{"data":"#9 sha256:8db14bf7760b9640d38dc96c1b21823eaa6dcb81316334b592ab21417c36f671 18.87MB / 49.11MB 1.1s\n#9 sha256:4831516dd0cb86845f5f902cb9b9d25b5c853152c337eb57e4737a9b7e2a2eb9 14.68MB / 28.23MB 0.9s\n","type":"stderr"}
1791355635.717784743	{"data":"#9 sha256:4831516dd0cb86845f5f902cb9b9d25b5c853152c337eb57e4737a9b7e2a2eb9 20.97MB / 28.23MB 1.1s\n","type":"stderr"}
1791355635.867795668	{"data":"#9 sha256:4831516dd0cb86845f5f902cb9b9d25b5c853152c337eb57e4737a9b7e2a2eb9 24.12MB / 28.23MB 1.2s\n","type":"stderr"}
1791355636.017153635	{"data":"#9 sha256:8db14bf7760b9640d38dc96c1b21823eaa6dcb81316334b592ab21417c36f671 24.12MB / 49.11MB 1.5s\n","type":"stderr"}
1791355636.166487695	{"data":"#9 sha256:4831516dd0cb86845f5f902cb9b9d25b5c853152c337eb57e4737a9b7e2a2eb9 26.21MB / 28.23MB 1.5s\n","type":"stderr"}
1791355636.300430690	{"data":"#9 sha256:1a5fa97547841412bf8527a6d445748d9acfd51ee2e73ad7e76d4ede9efe6e9f 1.71MB / 1.71MB 1.9s done\n#9 sha256:8db14bf7760b9640d38dc96c1b21823eaa6dcb81316334b592ab21417c36f671 29.36MB / 49.11MB 1.8s\n#9 sha256:4831516dd0cb86845f5f902cb9b9d25b5c853152c337eb57e4737a9b7e2a2eb9 28.23MB / 28.23MB 1.7s\n","type":"stderr"}
1791355636.466737679	{"data":"#9 sha256:8db14bf7760b9640d38dc96c1b21823eaa6dcb81316334b592ab21417c36f671 32.51MB / 49.11MB 2.0s\n","type":"stderr"}
1791355636.616527273	{"data":"#9 sha256:8db14bf7760b9640d38dc96c1b21823eaa6dcb81316334b592ab21417c36f671 36.70MB / 49.11MB 2.1s\n","type":"stderr"}
1791355636.767926750	{"data":"#9 sha256:8db14bf7760b9640d38dc96c1b21823eaa6dcb81316334b592ab21417c36f671 39.85MB / 49.11MB 2.3s\n","type":"stderr"}
1791355636.916666139	{"data":"#9 sha256:8db14bf7760b9640d38dc96c1b21823eaa6dcb81316334b592ab21417c36f671 42.99MB / 49.11MB 2.4s\n","type":"stderr"}
1791355637.367370874	{"data":"#9 sha256:8db14bf7760b9640d38dc96c1b21823eaa6dcb81316334b592ab21417c36f671 47.19MB / 49.11MB 2.9s\n","type":"stderr"}
1791355638.073552634	{"data":"#9 sha256:8db14bf7760b9640d38dc96c1b21823eaa6dcb81316334b592ab21417c36f671 49.11MB / 49.11MB 3.7s done\n#9 sha256:4831516dd0cb86845f5f902cb9b9d25b5c853152c337eb57e4737a9b7e2a2eb9 28.23MB / 28.23MB 3.4s done\n","type":"stderr"}
1791355638.226178340	{"data":"#9 DONE 3.8s\n\n#7 docker-image://docker.io/docker/buildkit-syft-scanner:stable-1@sha256:ae4f3b554449e7e25548e7d8ccc029d17357348e30c6e3df01b92bc93654d6a9\n#7 sha256:307ce207d6cb61564520be6064a834450b1cc937f720bee712ee09ed9ded309f 49.55MB / 49.55MB 3.7s done\n","type":"stderr"}
1791355638.228086781	{"data":"#7 DONE 3.9s\n","type":"stderr"}
1791355638.555351670	{"data":"\n#9 [builder 1/5] FROM docker.io/library/node:24.13.0-slim@sha256:4660b1ca8b28d6d1906fd644abe34b2ed81d15434d26d845ef0aced307cf4b6f\n","type":"stderr"}
1791355638.722395394	{"data":"#9 extracting sha256:4831516dd0cb86845f5f902cb9b9d25b5c853152c337eb57e4737a9b7e2a2eb9\n","type":"stderr"}
1791355639.227613955	{"data":"#9 ...\n\n#7 docker-image://docker.io/docker/buildkit-syft-scanner:stable-1@sha256:ae4f3b554449e7e25548e7d8ccc029d17357348e30c6e3df01b92bc93654d6a9\n#7 extracting sha256:307ce207d6cb61564520be6064a834450b1cc937f720bee712ee09ed9ded309f 0.7s done\n#7 DONE 4.5s\n","type":"stderr"}
1791355639.424412461	{"data":"\n#9 [builder 1/5] FROM docker.io/library/node:24.13.0-slim@sha256:4660b1ca8b28d6d1906fd644abe34b2ed81d15434d26d845ef0aced307cf4b6f\n#9 extracting sha256:4831516dd0cb86845f5f902cb9b9d25b5c853152c337eb57e4737a9b7e2a2eb9 0.7s done\n#9 extracting sha256:e48f83d0e30eecff4260e3620f371c7f05122e743f4fe3f4168cd7f091948996\n","type":"stderr"}
1791355639.672193737	{"data":"#9 extracting sha256:e48f83d0e30eecff4260e3620f371c7f05122e743f4fe3f4168cd7f091948996 0.4s done\n#9 DONE 4.9s\n","type":"stderr"}
1791355639.821919897	{"data":"\n#9 [builder 1/5] FROM docker.io/library/node:24.13.0-slim@sha256:4660b1ca8b28d6d1906fd644abe34b2ed81d15434d26d845ef0aced307cf4b6f\n#9 extracting sha256:8db14bf7760b9640d38dc96c1b21823eaa6dcb81316334b592ab21417c36f671\n","type":"stderr"}
1791355641.223066063	{"data":"#9 extracting sha256:8db14bf7760b9640d38dc96c1b21823eaa6dcb81316334b592ab21417c36f671 1.6s done\n#9 DONE 6.4s\n","type":"stderr"}
1791355641.364008003	{"data":"\n#9 [builder 1/5] FROM docker.io/library/node:24.13.0-slim@sha256:4660b1ca8b28d6d1906fd644abe34b2ed81d15434d26d845ef0aced307cf4b6f\n#9 extracting sha256:1a5fa97547841412bf8527a6d445748d9acfd51ee2e73ad7e76d4ede9efe6e9f 0.1s done\n#9 DONE 6.6s\n","type":"stderr"}
1791355641.546766760	{"data":"\n#9 [builder 1/5] FROM docker.io/library/node:24.13.0-slim@sha256:4660b1ca8b28d6d1906fd644abe34b2ed81d15434d26d845ef0aced307cf4b6f\n#9 extracting sha256:d90d46d619398a297e98644390dda53d92954af45066f87aea04e2da844a6754 done\n#9 DONE 6.6s\n\n#10 [builder 2/5] WORKDIR /app\n#10 DONE 0.0s\n\n#11 [dependencies 3/4] COPY package.json yarn.lock* package-lock.json* pnpm-lock.yaml* pnpm-workspace.yaml* .npmrc* ./\n#11 DONE 0.0s\n\n#12 [dependencies 4/4] RUN --mount=type=cache,target=/root/.npm     --mount=type=cache,target=/usr/local/share/.cache/yarn     --mount=type=cache,target=/root/.local/share/pnpm/store   if [ -f package-lock.json ]; then     npm ci --no-audit --no-fund;   elif [ -f yarn.lock ]; then     corepack enable yarn && yarn install --frozen-lockfile --production=false;   elif [ -f pnpm-lock.yaml ]; then     corepack enable pnpm && pnpm install --frozen-lockfile;   else     echo \"No lockfile found.\" && exit 1;   fi\n","type":"stderr"}
1791355641.585953594	{"data":"#12 0.191 ! Corepack is about to download https://registry.npmjs.org/pnpm/-/pnpm-10.34.6.tgz\n","type":"stderr"}
1791355642.656197871	{"data":"#12 1.256 Lockfile is up to date, resolution step is skipped\n","type":"stderr"}
1791355642.835530260	{"data":"#12 1.268 Progress: resolved 1, reused 0, downloaded 0, added 0\n#12 1.289 Packages: +52\n#12 1.289 ++++++++++++++++++++++++++++++++++++++++++++++++++++\n","type":"stderr"}
1791355642.862350523	{"data":"#12 1.467 ","type":"stderr"}
1791355642.864274537	{"data":"\n#12 1.467    ╭──────────────────────────────────────────────────────────────────────╮\n#12 1.467    │                                                                      │\n#12 1.467    │                 Update available! 10.34.6 → 12.9.1.                  │\n#12 1.467    │                 Changelog: https://pnpm.io/v/12.9.1                  │\n#12 1.467    │   To update, run: curl -fsSL https://get.pnpm.io/install.sh | sh -   │\n#12 1.467    │                                                                      │\n#12 1.467    ╰──────────────────────────────────────────────────────────────────────╯\n#12 1.467 \n","type":"stderr"}
1791355643.664785834	{"data":"#12 2.269 Progress: resolved 52, reused 0, downloaded 6, added 1\n","type":"stderr"}
1791355644.664963100	{"data":"#12 3.269 Progress: resolved 52, reused 0, downloaded 48, added 48\n","type":"stderr"}
1791355645.663855150	{"data":"#12 4.269 Progress: resolved 52, reused 0, downloaded 50, added 50\n","type":"stderr"}
1791355646.666718645	{"data":"#12 5.271 Progress: resolved 52, reused 0, downloaded 51, added 50\n","type":"stderr"}
1791355647.666547533	{"data":"#12 6.271 Progress: resolved 52, reused 0, downloaded 52, added 51\n","type":"stderr"}
1791355647.814182048	{"data":"#12 6.357 Progress: resolved 52, reused 0, downloaded 52, added 52, done\n#12 6.419 \n#12 6.419 dependencies:\n#12 6.419 + next 16.1.4\n#12 6.419 + react 19.2.3\n#12 6.419 + react-dom 19.2.3\n#12 6.419 \n#12 6.419 devDependencies:\n#12 6.419 + @tailwindcss/postcss 4.1.18\n#12 6.419 + @types/node 20.19.30\n#12 6.419 + @types/react 19.2.9\n#12 6.419 + @types/react-dom 19.2.3\n#12 6.419 + tailwindcss 4.1.18\n#12 6.419 + typescript 5.9.3\n#12 6.419 \n","type":"stderr"}
1791355647.984548666	{"data":"#12 6.437 Done in 5.5s using pnpm v10.34.6\n","type":"stderr"}
1791355648.985988090	{"data":"#12 DONE 7.6s\n","type":"stderr"}
1791355649.734635292	{"data":"\n#13 [builder 3/5] COPY --from=dependencies /app/node_modules ./node_modules\n","type":"stderr"}
1791355651.798518162	{"data":"#13 DONE 2.1s\n","type":"stderr"}
1791355652.034662315	{"data":"\n#14 [builder 4/5] COPY . .\n#14 DONE 0.1s\n\n#15 [builder 5/5] RUN if [ -f package-lock.json ]; then     npm run build;   elif [ -f yarn.lock ]; then     corepack enable yarn && yarn build;   elif [ -f pnpm-lock.yaml ]; then     corepack enable pnpm && pnpm build;   else     echo \"No lockfile found.\" && exit 1;   fi\n","type":"stderr"}
1791355652.072855289	{"data":"#15 0.189 ! Corepack is about to download https://registry.npmjs.org/pnpm/-/pnpm-10.34.6.tgz\n","type":"stderr"}
1791355652.813490582	{"data":"#15 0.929 \n#15 0.929 > @ build /app\n#15 0.929 > next build\n#15 0.929 \n","type":"stderr"}
1791355653.470903135	{"data":"#15 1.586 Attention: Next.js now collects completely anonymous telemetry regarding usage.\n","type":"stderr"}
1791355653.652510980	{"data":"#15 1.586 This information is used to shape Next.js' roadmap and prioritize features.\n#15 1.586 You can learn more, including how to opt-out if you'd not like to participate in this anonymous program, by visiting the following URL:\n#15 1.586 https://nextjs.org/telemetry\n#15 1.586 \n#15 1.595 ▲ Next.js 16.1.4 (Turbopack)\n#15 1.595 \n#15 1.618   Creating an optimized production build ...\n","type":"stderr"}
1791355658.216510561	{"data":"#15 6.332 ✓ Compiled successfully in 4.3s\n","type":"stderr"}
1791355658.373106475	{"data":"#15 6.334   Running TypeScript ...\n","type":"stderr"}
1791355659.900813979	{"data":"#15 8.016   Collecting page data using 8 workers ...\n","type":"stderr"}
1791355660.272605178	{"data":"#15 8.389   Generating static pages using 8 workers (0/4) ...\n","type":"stderr"}
1791355660.542779968	{"data":"#15 8.658   Generating static pages using 8 workers (1/4) \r\n","type":"stderr"}
1791355660.702895750	{"data":"#15 8.658   Generating static pages using 8 workers (2/4) \r","type":"stderr"}
1791355660.704493566	{"data":"\n#15 8.659   Generating static pages using 8 workers (3/4) \r\n#15 8.659 ✓ Generating static pages using 8 workers (4/4) in 270.3ms\n#15 8.666   Finalizing page optimization ...\n","type":"stderr"}
1791355660.732637613	{"data":"#15 8.848 \n","type":"stderr"}
1791355660.885092559	{"data":"#15 8.850 Route (app)\n#15 8.850 ┌ ○ /\n#15 8.850 └ ○ /_not-found\n#15 8.850 \n#15 8.850 \n#15 8.850 ○  (Static)  prerendered as static content\n#15 8.850 \n","type":"stderr"}
1791355661.390517224	{"data":"#15 DONE 9.5s\n","type":"stderr"}
1791355661.542719881	{"data":"\n#16 [runner 3/7] COPY --from=builder --chown=node:node /app/public ./public\n","type":"stderr"}
1791355661.707197604	{"data":"#16 DONE 0.0s\n\n#17 [runner 4/7] RUN mkdir .next\n#17 DONE 0.1s\n","type":"stderr"}
1791355661.828538448	{"data":"\n#18 [runner 5/7] RUN chown node:node .next\n#18 DONE 0.1s\n","type":"stderr"}
1791355661.980392692	{"data":"\n#19 [runner 6/7] COPY --from=builder --chown=node:node /app/.next/standalone ./\n","type":"stderr"}
1791355662.130896403	{"data":"#19 DONE 0.3s\n","type":"stderr"}
1791355662.322801679	{"data":"\n#20 [runner 7/7] COPY --from=builder --chown=node:node /app/.next/static ./.next/static\n#20 DONE 0.0s\n","type":"stderr"}
1791355662.856783592	{"data":"\n#21 [linux/amd64] generating sbom using docker.io/docker/buildkit-syft-scanner:stable-1@sha256:ae4f3b554449e7e25548e7d8ccc029d17357348e30c6e3df01b92bc93654d6a9\n","type":"stderr"}
1791355662.958273423	{"data":"#21 0.103 time=\"2026-10-07T06:47:42Z\" level=info msg=\"starting syft scanner for buildkit v1.12.0\"\n","type":"stderr"}
1791355666.758676057	{"data":"#21 DONE 3.9s\n","type":"stderr"}
1791355666.912765664	{"data":"\n#22 exporting to oci image format\n#22 exporting layers\n","type":"stderr"}
1791355668.777180477	{"data":"#22 exporting layers 2.0s done\n","type":"stderr"}
1791355668.927157389	{"data":"#22 rewriting layers with source-date-epoch 1791355619 (2026-10-07 06:46:59 +0000 UTC)\n","type":"stderr"}
1791355672.231205460	{"data":"#22 rewriting layers with source-date-epoch 1791355619 (2026-10-07 06:46:59 +0000 UTC) 3.5s done\n","type":"stderr"}
1791355672.392993472	{"data":"#22 exporting manifest sha256:02844ba4569fdea217896e36b2bf2ad2575867688dfe05471cdcf3d7f2abd746 done\n#22 exporting config sha256:e5708c0dcdcf9a472f1d87fe6b58dcc254c9f52b0298e748b7edbe925cf09689 done\n","type":"stderr"}
1791355673.916108059	{"data":"#22 exporting attestation manifest sha256:aa566f101a65181ebe7a29752814588c42103326d94d3802822dc8bd6e8727cd\n","type":"stderr"}
1791355674.076035221	{"data":"#22 exporting attestation manifest sha256:aa566f101a65181ebe7a29752814588c42103326d94d3802822dc8bd6e8727cd done\n#22 exporting manifest list sha256:bbb6bad2a470f8287a9ff5e8dbac7772482237825d1d8064daba3762b2e69c2d done\n#22 sending tarball\n","type":"stderr"}
1791355674.369221409	{"data":"#22 sending tarball 0.4s done\n#22 DONE 7.6s\n","type":"stderr"}
1791355674.646465213	{"data":"sylphx-image-build: digest sha256:bbb6bad2a470f8287a9ff5e8dbac7772482237825d1d8064daba3762b2e69c2d manifest sha256:02844ba4569fdea217896e36b2bf2ad2575867688dfe05471cdcf3d7f2abd746\n","type":"stderr"}
1791355675.685201125	{"bytes_down":22192,"bytes_up":2371,"duration_ms":56445,"exit_code":0,"from_store":16,"image":{"attestations":["sbom","provenance"],"digest":"sha256:bbb6bad2a470f8287a9ff5e8dbac7772482237825d1d8064daba3762b2e69c2d","frontend":"dockerfile","image_manifest_digest":"sha256:02844ba4569fdea217896e36b2bf2ad2575867688dfe05471cdcf3d7f2abd746","oci_out":"","process_sandbox":false,"pushed":"","schema":"sylphx.image-build/v1","snapshotter":"overlayfs","source_commit":"a0ab1f0c76bb08d0aa7e5e0fc4e6ccac9158feac","source_date_epoch":1791355619},"outcome":"succeeded","retryable":false,"type":"result","workspace":"cold"}
