1791355754.795407795	{"lease":"orgs/ORG/projects/PROJECT/envs/ENV/leases/sbx-ynth02tx","region":"","size":"standard","type":"queued"}
1791355755.766087493	{"bytes":91437,"bytes_up":2371,"duration_ms":904,"files":16,"from_store":16,"full":true,"new_volume":true,"removed":0,"type":"sync","volume":true,"workspace":"cold"}
1791355755.767664627	{"cache":true,"lease":"orgs/ORG/projects/PROJECT/envs/ENV/leases/sbx-ynth02tx","region":"","size":"standard","type":"running","volume":true,"workspace":"cold"}
1791355756.669723790	{"data":"sylphx-image-build: rootless BuildKit up (snapshotter overlayfs, process sandbox false), frontend dockerfile\n","type":"stderr"}
1791355756.909687933	{"data":"#1 [internal] load build definition from Dockerfile\n","type":"stderr"}
1791355757.087536284	{"data":"#1 transferring dockerfile: 3.99kB done\n#1 DONE 0.1s\n\n#2 resolve image config for docker-image://docker.io/docker/dockerfile:1.7@sha256:a57df69d0ea827fb7266491f2813635de6f17269be881f696fbfdf2d83dda33e\n","type":"stderr"}
1791355757.438185677	{"data":"#2 DONE 0.5s\n","type":"stderr"}
1791355757.612011847	{"data":"\n#3 docker-image://docker.io/docker/dockerfile:1.7@sha256:a57df69d0ea827fb7266491f2813635de6f17269be881f696fbfdf2d83dda33e\n#3 resolve docker.io/docker/dockerfile:1.7@sha256:a57df69d0ea827fb7266491f2813635de6f17269be881f696fbfdf2d83dda33e done\n","type":"stderr"}
1791355757.614954018	{"data":"#3 sha256:96918c57e42509b97f10c074d80672ecdbd3bb7dcd38c1bd95960cf291207416 1.05MB / 11.98MB 0.2s\n","type":"stderr"}
1791355757.761547763	{"data":"#3 sha256:96918c57e42509b97f10c074d80672ecdbd3bb7dcd38c1bd95960cf291207416 8.39MB / 11.98MB 0.3s\n","type":"stderr"}
1791355758.004485395	{"data":"#3 sha256:96918c57e42509b97f10c074d80672ecdbd3bb7dcd38c1bd95960cf291207416 11.98MB / 11.98MB 0.4s done\n#3 extracting sha256:96918c57e42509b97f10c074d80672ecdbd3bb7dcd38c1bd95960cf291207416\n","type":"stderr"}
1791355758.041205486	{"data":"#3 extracting sha256:96918c57e42509b97f10c074d80672ecdbd3bb7dcd38c1bd95960cf291207416 0.2s done\n#3 DONE 0.6s\n","type":"stderr"}
1791355758.199388860	{"data":"\n#4 resolve image config for docker-image://docker.io/docker/buildkit-syft-scanner:stable-1@sha256:ae4f3b554449e7e25548e7d8ccc029d17357348e30c6e3df01b92bc93654d6a9\n","type":"stderr"}
1791355760.267016641	{"data":"#4 DONE 2.1s\n","type":"stderr"}
1791355760.419089302	{"data":"\n#5 [internal] load metadata for docker.io/library/node:24.13.0-slim\n","type":"stderr"}
1791355761.182036793	{"data":"#5 DONE 0.8s\n\n#6 [internal] load .dockerignore\n#6 transferring context: 2.48kB done\n#6 DONE 0.0s\n","type":"stderr"}
1791355761.301604524	{"data":"\n#7 [internal] load build context\n#7 transferring context: 72.45kB done\n#7 DONE 0.0s\n\n#8 [dependencies 1/4] FROM docker.io/library/node:24.13.0-slim@sha256:4660b1ca8b28d6d1906fd644abe34b2ed81d15434d26d845ef0aced307cf4b6f\n#8 resolve docker.io/library/node:24.13.0-slim@sha256:4660b1ca8b28d6d1906fd644abe34b2ed81d15434d26d845ef0aced307cf4b6f done\n#8 sha256:e48f83d0e30eecff4260e3620f371c7f05122e743f4fe3f4168cd7f091948996 3.31kB / 3.31kB 0.1s done\n","type":"stderr"}
1791355761.449315975	{"data":"#8 sha256:d90d46d619398a297e98644390dda53d92954af45066f87aea04e2da844a6754 449B / 449B 0.1s done\n#8 sha256:1a5fa97547841412bf8527a6d445748d9acfd51ee2e73ad7e76d4ede9efe6e9f 0B / 1.71MB 0.2s\n#8 sha256:8db14bf7760b9640d38dc96c1b21823eaa6dcb81316334b592ab21417c36f671 0B / 49.11MB 0.2s\n","type":"stderr"}
1791355761.605020893	{"data":"#8 sha256:4831516dd0cb86845f5f902cb9b9d25b5c853152c337eb57e4737a9b7e2a2eb9 1.05MB / 28.23MB 0.2s\n","type":"stderr"}
1791355761.749744114	{"data":"#8 sha256:1a5fa97547841412bf8527a6d445748d9acfd51ee2e73ad7e76d4ede9efe6e9f 1.71MB / 1.71MB 0.4s done\n#8 sha256:8db14bf7760b9640d38dc96c1b21823eaa6dcb81316334b592ab21417c36f671 5.24MB / 49.11MB 0.5s\n#8 sha256:4831516dd0cb86845f5f902cb9b9d25b5c853152c337eb57e4737a9b7e2a2eb9 3.15MB / 28.23MB 0.3s\n","type":"stderr"}
1791355761.899142776	{"data":"#8 sha256:8db14bf7760b9640d38dc96c1b21823eaa6dcb81316334b592ab21417c36f671 9.44MB / 49.11MB 0.6s\n#8 sha256:4831516dd0cb86845f5f902cb9b9d25b5c853152c337eb57e4737a9b7e2a2eb9 7.34MB / 28.23MB 0.5s\n","type":"stderr"}
1791355762.052447655	{"data":"#8 sha256:8db14bf7760b9640d38dc96c1b21823eaa6dcb81316334b592ab21417c36f671 13.63MB / 49.11MB 0.8s\n","type":"stderr"}
1791355762.200555441	{"data":"#8 sha256:8db14bf7760b9640d38dc96c1b21823eaa6dcb81316334b592ab21417c36f671 16.78MB / 49.11MB 0.9s\n#8 sha256:4831516dd0cb86845f5f902cb9b9d25b5c853152c337eb57e4737a9b7e2a2eb9 11.53MB / 28.23MB 0.8s\n","type":"stderr"}
1791355762.350293803	{"data":"#8 sha256:8db14bf7760b9640d38dc96c1b21823eaa6dcb81316334b592ab21417c36f671 19.92MB / 49.11MB 1.1s\n#8 sha256:4831516dd0cb86845f5f902cb9b9d25b5c853152c337eb57e4737a9b7e2a2eb9 15.73MB / 28.23MB 0.9s\n","type":"stderr"}
1791355762.501631873	{"data":"#8 sha256:8db14bf7760b9640d38dc96c1b21823eaa6dcb81316334b592ab21417c36f671 24.12MB / 49.11MB 1.2s\n#8 sha256:4831516dd0cb86845f5f902cb9b9d25b5c853152c337eb57e4737a9b7e2a2eb9 19.92MB / 28.23MB 1.1s\n","type":"stderr"}
1791355762.650412968	{"data":"#8 sha256:8db14bf7760b9640d38dc96c1b21823eaa6dcb81316334b592ab21417c36f671 28.31MB / 49.11MB 1.4s\n#8 sha256:4831516dd0cb86845f5f902cb9b9d25b5c853152c337eb57e4737a9b7e2a2eb9 25.17MB / 28.23MB 1.2s\n","type":"stderr"}
1791355762.800854604	{"data":"#8 sha256:8db14bf7760b9640d38dc96c1b21823eaa6dcb81316334b592ab21417c36f671 32.51MB / 49.11MB 1.5s\n#8 sha256:4831516dd0cb86845f5f902cb9b9d25b5c853152c337eb57e4737a9b7e2a2eb9 28.23MB / 28.23MB 1.4s done\n#8 extracting sha256:4831516dd0cb86845f5f902cb9b9d25b5c853152c337eb57e4737a9b7e2a2eb9\n","type":"stderr"}
1791355763.103505457	{"data":"#8 sha256:8db14bf7760b9640d38dc96c1b21823eaa6dcb81316334b592ab21417c36f671 37.75MB / 49.11MB 1.8s\n","type":"stderr"}
1791355763.252481395	{"data":"#8 sha256:8db14bf7760b9640d38dc96c1b21823eaa6dcb81316334b592ab21417c36f671 40.89MB / 49.11MB 2.0s\n","type":"stderr"}
1791355763.402135931	{"data":"#8 sha256:8db14bf7760b9640d38dc96c1b21823eaa6dcb81316334b592ab21417c36f671 44.04MB / 49.11MB 2.1s\n","type":"stderr"}
1791355763.555439428	{"data":"#8 sha256:8db14bf7760b9640d38dc96c1b21823eaa6dcb81316334b592ab21417c36f671 47.19MB / 49.11MB 2.3s\n#8 extracting sha256:4831516dd0cb86845f5f902cb9b9d25b5c853152c337eb57e4737a9b7e2a2eb9 0.8s done\n#8 extracting sha256:e48f83d0e30eecff4260e3620f371c7f05122e743f4fe3f4168cd7f091948996\n","type":"stderr"}
1791355764.004901963	{"data":"#8 ...\n\n#9 docker-image://docker.io/docker/buildkit-syft-scanner:stable-1@sha256:ae4f3b554449e7e25548e7d8ccc029d17357348e30c6e3df01b92bc93654d6a9\n#9 resolve docker.io/docker/buildkit-syft-scanner:stable-1@sha256:ae4f3b554449e7e25548e7d8ccc029d17357348e30c6e3df01b92bc93654d6a9 done\n#9 sha256:307ce207d6cb61564520be6064a834450b1cc937f720bee712ee09ed9ded309f 49.55MB / 49.55MB 2.0s done\n#9 extracting sha256:307ce207d6cb61564520be6064a834450b1cc937f720bee712ee09ed9ded309f 0.8s done\n","type":"stderr"}
1791355764.007856273	{"data":"#9 DONE 2.8s\n","type":"stderr"}
1791355764.154093034	{"data":"\n","type":"stderr"}
1791355764.155369959	{"data":"#8 [dependencies 1/4] FROM docker.io/library/node:24.13.0-slim@sha256:4660b1ca8b28d6d1906fd644abe34b2ed81d15434d26d845ef0aced307cf4b6f\n","type":"stderr"}
1791355764.157056258	{"data":"#8 sha256:8db14bf7760b9640d38dc96c1b21823eaa6dcb81316334b592ab21417c36f671 49.11MB / 49.11MB 2.7s done\n#8 extracting sha256:e48f83d0e30eecff4260e3620f371c7f05122e743f4fe3f4168cd7f091948996 0.5s done\n#8 extracting sha256:8db14bf7760b9640d38dc96c1b21823eaa6dcb81316334b592ab21417c36f671\n","type":"stderr"}
1791355765.765637745	{"data":"#8 extracting sha256:8db14bf7760b9640d38dc96c1b21823eaa6dcb81316334b592ab21417c36f671 1.8s done\n#8 DONE 4.6s\n","type":"stderr"}
1791355765.868330111	{"data":"\n#8 [dependencies 1/4] FROM docker.io/library/node:24.13.0-slim@sha256:4660b1ca8b28d6d1906fd644abe34b2ed81d15434d26d845ef0aced307cf4b6f\n#8 extracting sha256:1a5fa97547841412bf8527a6d445748d9acfd51ee2e73ad7e76d4ede9efe6e9f 0.1s done\n#8 DONE 4.7s\n","type":"stderr"}
1791355766.048360416	{"data":"\n#8 [dependencies 1/4] FROM docker.io/library/node:24.13.0-slim@sha256:4660b1ca8b28d6d1906fd644abe34b2ed81d15434d26d845ef0aced307cf4b6f\n#8 extracting sha256:d90d46d619398a297e98644390dda53d92954af45066f87aea04e2da844a6754 done\n#8 DONE 4.7s\n\n#10 [dependencies 2/4] WORKDIR /app\n#10 DONE 0.0s\n\n","type":"stderr"}
1791355766.051499313	{"data":"#11 [dependencies 3/4] COPY package.json yarn.lock* package-lock.json* pnpm-lock.yaml* pnpm-workspace.yaml* .npmrc* ./\n#11 DONE 0.0s\n\n#12 [dependencies 4/4] RUN --mount=type=cache,target=/root/.npm     --mount=type=cache,target=/usr/local/share/.cache/yarn     --mount=type=cache,target=/root/.local/share/pnpm/store   if [ -f package-lock.json ]; then     npm ci --no-audit --no-fund;   elif [ -f yarn.lock ]; then     corepack enable yarn && yarn install --frozen-lockfile --production=false;   elif [ -f pnpm-lock.yaml ]; then     corepack enable pnpm && pnpm install --frozen-lockfile;   else     echo \"No lockfile found.\" && exit 1;   fi\n","type":"stderr"}
1791355766.105097613	{"data":"#12 0.210 ! Corepack is about to download https://registry.npmjs.org/pnpm/-/pnpm-10.34.6.tgz\n","type":"stderr"}
1791355766.935823102	{"data":"#12 1.040 Lockfile is up to date, resolution step is skipped\n","type":"stderr"}
1791355767.117741087	{"data":"#12 1.050 Progress: resolved 1, reused 0, downloaded 0, added 0","type":"stderr"}
1791355767.119657551	{"data":"\n#12 1.070 Packages: +52\n#12 1.070 ++++++++++++++++++++++++++++++++++++++++++++++++++++\n","type":"stderr"}
1791355767.241509227	{"data":"#12 1.341 \n#12 1.341    ╭──────────────────────────────────────────────────────────────────────╮\n#12 1.341    │                                                                      │\n#12 1.341    │                 Update available! 10.34.6 → 12.9.1.                  │\n#12 1.341    │                 Changelog: https://pnpm.io/v/12.9.1                  │\n#12 1.341    │   To update, run: curl -fsSL https://get.pnpm.io/install.sh | sh -   │\n#12 1.341    │                                                                      │\n#12 1.341    ╰──────────────────────────────────────────────────────────────────────╯\n#12 1.341 \n","type":"stderr"}
1791355767.957635646	{"data":"#12 2.054 Progress: resolved 52, reused 0, downloaded 48, added 48\n","type":"stderr"}
1791355768.948050120	{"data":"#12 3.052 Progress: resolved 52, reused 0, downloaded 49, added 49\n","type":"stderr"}
1791355769.947954325	{"data":"#12 4.052 Progress: resolved 52, reused 0, downloaded 52, added 51\n","type":"stderr"}
1791355771.471156056	{"data":"#12 5.578 Progress: resolved 52, reused 0, downloaded 52, added 52\n","type":"stderr"}
1791355771.585472313	{"data":"#12 5.579 Progress: resolved 52, reused 0, downloaded 52, added 52, done\n#12 5.690 \n#12 5.690 dependencies:\n#12 5.690 + next 16.1.4\n#12 5.690 + react 19.2.3\n#12 5.690 + react-dom 19.2.3\n#12 5.690 \n#12 5.690 devDependencies:\n#12 5.690 + @tailwindcss/postcss 4.1.18\n#12 5.690 + @types/node 20.19.30\n#12 5.690 + @types/react 19.2.9\n#12 5.690 + @types/react-dom 19.2.3\n#12 5.690 + tailwindcss 4.1.18\n#12 5.690 + typescript 5.9.3\n#12 5.690 \n","type":"stderr"}
1791355771.758930583	{"data":"#12 5.712 Done in 5s using pnpm v10.34.6\n","type":"stderr"}
1791355772.761329542	{"data":"#12 DONE 6.9s\n","type":"stderr"}
1791355773.889492746	{"data":"\n#13 [builder 3/5] COPY --from=dependencies /app/node_modules ./node_modules\n","type":"stderr"}
1791355775.669599745	{"data":"#13 DONE 1.8s\n","type":"stderr"}
1791355775.882606529	{"data":"\n","type":"stderr"}
1791355775.884035372	{"data":"#14 [builder 4/5] COPY . .\n#14 DONE 0.1s\n\n","type":"stderr"}
1791355775.885585637	{"data":"#15 [builder 5/5] RUN if [ -f package-lock.json ]; then     npm run build;   elif [ -f yarn.lock ]; then     corepack enable yarn && yarn build;   elif [ -f pnpm-lock.yaml ]; then     corepack enable pnpm && pnpm build;   else     echo \"No lockfile found.\" && exit 1;   fi\n","type":"stderr"}
1791355775.991169200	{"data":"#15 0.257 ! Corepack is about to download https://registry.npmjs.org/pnpm/-/pnpm-10.34.6.tgz\n","type":"stderr"}
1791355777.113451129	{"data":"#15 1.177 \n#15 1.177 > @ build /app\n#15 1.177 > next build\n#15 1.177 \n","type":"stderr"}
1791355777.589508561	{"data":"#15 1.873 Attention: Next.js now collects completely anonymous telemetry regarding usage.\n#15 1.873 This information is used to shape Next.js' roadmap and prioritize features.\n#15 1.873 You can learn more, including how to opt-out if you'd not like to participate in this anonymous program, by visiting the following URL:\n#15 1.873 https://nextjs.org/telemetry\n#15 1.873 \n","type":"stderr"}
1791355777.780360775	{"data":"#15 1.880 ▲ Next.js 16.1.4 (Turbopack)\n#15 1.880 \n#15 1.911   Creating an optimized production build ...\n","type":"stderr"}
1791355782.431606686	{"data":"#15 6.710 ✓ Compiled successfully in 4.4s\n","type":"stderr"}
1791355782.601100724	{"data":"#15 6.733   Running TypeScript ...\n","type":"stderr"}
1791355783.922340912	{"data":"#15 8.206   Collecting page data using 8 workers ...\n","type":"stderr"}
1791355784.304894757	{"data":"#15 8.588   Generating static pages using 8 workers (0/4) ...\n","type":"stderr"}
1791355784.567825676	{"data":"#15 8.849   Generating static pages using 8 workers (1/4) \r\n","type":"stderr"}
1791355784.725117478	{"data":"#15 8.849   Generating static pages using 8 workers (2/4) \r","type":"stderr"}
1791355784.726676766	{"data":"\n#15 8.849   Generating static pages using 8 workers (3/4) \r\n#15 8.850 ✓ Generating static pages using 8 workers (4/4) in 261.6ms\n#15 8.856   Finalizing page optimization ...\n","type":"stderr"}
1791355785.878364460	{"data":"#15 10.16 \n","type":"stderr"}
1791355786.036081769	{"data":"#15 10.17 Route (app)\n#15 10.17 ┌ ○ /\n#15 10.17 └ ○ /_not-found\n#15 10.17 \n#15 10.17 \n#15 10.17 ○  (Static)  prerendered as static content\n#15 10.17 \n","type":"stderr"}
1791355786.140458534	{"data":"#15 DONE 10.4s\n","type":"stderr"}
1791355787.423575711	{"data":"\n#16 [runner 3/7] COPY --from=builder --chown=node:node /app/public ./public\n","type":"stderr"}
1791355787.586017345	{"data":"#16 DONE 0.0s\n\n#17 [runner 4/7] RUN mkdir .next\n#17 DONE 0.1s\n","type":"stderr"}
1791355787.694729481	{"data":"\n#18 [runner 5/7] RUN chown node:node .next\n#18 DONE 0.1s\n","type":"stderr"}
1791355787.845601446	{"data":"\n#19 [runner 6/7] COPY --from=builder --chown=node:node /app/.next/standalone ./\n","type":"stderr"}
1791355787.954484979	{"data":"#19 DONE 0.2s\n","type":"stderr"}
1791355788.142391980	{"data":"\n#20 [runner 7/7] COPY --from=builder --chown=node:node /app/.next/static ./.next/static\n#20 DONE 0.0s\n","type":"stderr"}
1791355788.553011131	{"data":"\n#21 [linux/amd64] generating sbom using docker.io/docker/buildkit-syft-scanner:stable-1@sha256:ae4f3b554449e7e25548e7d8ccc029d17357348e30c6e3df01b92bc93654d6a9\n","type":"stderr"}
1791355788.767844638	{"data":"#21 0.071 time=\"2026-10-07T06:49:48Z\" level=info msg=\"starting syft scanner for buildkit v1.12.0\"\n","type":"stderr"}
1791355792.236933341	{"data":"#21 DONE 3.7s\n","type":"stderr"}
1791355792.389523353	{"data":"\n#22 exporting to oci image format\n#22 exporting layers\n","type":"stderr"}
1791355794.270008908	{"data":"#22 exporting layers 2.0s done\n","type":"stderr"}
1791355794.418505612	{"data":"#22 rewriting layers with source-date-epoch 1791355747 (2026-10-07 06:49:07 +0000 UTC)\n","type":"stderr"}
1791355799.878563135	{"data":"#22 rewriting layers with source-date-epoch 1791355747 (2026-10-07 06:49:07 +0000 UTC) 5.6s done\n","type":"stderr"}
1791355800.035851924	{"data":"#22 exporting manifest sha256:e388cd302be832b359c54227bf8d5c941d2eebeebb242a601df59f2b05da280e done\n#22 exporting config sha256:a3fc73cff64da11dbce965d6e39b466c64193bae962caba74e01187335ca72ed done\n","type":"stderr"}
1791355801.531818375	{"data":"#22 exporting attestation manifest sha256:28b24027ea7d98c98715577e07727426f8fde03be25003dd14a06db869124641\n","type":"stderr"}
1791355801.694076847	{"data":"#22 exporting attestation manifest sha256:28b24027ea7d98c98715577e07727426f8fde03be25003dd14a06db869124641 done\n#22 exporting manifest list sha256:9650502942720223678d2f9869e02e6fcc11effefd4079d3e8ea6280972e9a2b done\n#22 sending tarball\n","type":"stderr"}
1791355802.020062273	{"data":"#22 sending tarball 0.5s done\n#22 DONE 9.8s\n","type":"stderr"}
1791355802.095755828	{"data":"sylphx-image-build: digest sha256:9650502942720223678d2f9869e02e6fcc11effefd4079d3e8ea6280972e9a2b manifest sha256:e388cd302be832b359c54227bf8d5c941d2eebeebb242a601df59f2b05da280e\n","type":"stderr"}
1791355802.735890532	{"bytes_down":20104,"bytes_up":2371,"duration_ms":54867,"exit_code":0,"from_store":16,"image":{"attestations":["sbom","provenance"],"digest":"sha256:9650502942720223678d2f9869e02e6fcc11effefd4079d3e8ea6280972e9a2b","frontend":"dockerfile","image_manifest_digest":"sha256:e388cd302be832b359c54227bf8d5c941d2eebeebb242a601df59f2b05da280e","oci_out":"","process_sandbox":false,"pushed":"","schema":"sylphx.image-build/v1","snapshotter":"overlayfs","source_commit":"ad5e3445c92aa414d72168f7d5f2233238e5b8b8","source_date_epoch":1791355747},"outcome":"succeeded","retryable":false,"type":"result","workspace":"cold"}
