1791354795.268378516	{"lease":"orgs/ORG/projects/PROJECT/envs/ENV/leases/sbx-9nm1vjm8","region":"","size":"standard","type":"queued"}
1791354799.854052836	{"bytes":4563414,"bytes_up":34593,"duration_ms":4201,"files":691,"from_store":688,"full":true,"new_volume":false,"removed":0,"type":"sync","volume":true,"workspace":"cold"}
1791354800.213493352	{"cache":true,"lease":"orgs/ORG/projects/PROJECT/envs/ENV/leases/sbx-9nm1vjm8","region":"","size":"standard","type":"running","volume":true,"workspace":"cold"}
1791354808.704904980	{"data":"BENCH_TOOL_SECONDS=7.88789\n","type":"stdout"}
1791354808.785274908	{"data":"go: downloading github.com/KimMachineGun/automemlimit v1.0.0\n","type":"stderr"}
1791354808.786646756	{"data":"go: downloading github.com/aryann/difflib v0.0.0-20210328193216-ff5ff6dc229b\n","type":"stderr"}
1791354808.788203162	{"data":"go: downloading github.com/spf13/cobra v1.10.2\n","type":"stderr"}
1791354808.789528230	{"data":"go: downloading github.com/caddyserver/certmagic v0.25.6\n","type":"stderr"}
1791354808.790805406	{"data":"go: downloading github.com/spf13/pflag v1.0.10\n","type":"stderr"}
1791354808.792055011	{"data":"go: downloading go.uber.org/automaxprocs v1.6.0\n","type":"stderr"}
1791354808.793345507	{"data":"go: downloading go.uber.org/zap v1.28.0\n","type":"stderr"}
1791354809.184174839	{"data":"go: downloading go.uber.org/zap/exp v0.3.0\n","type":"stderr"}
1791354809.193371418	{"data":"go: downloading golang.org/x/crypto/x509roots/fallback v0.0.0-20260929172509-b39ff6d641ec\n","type":"stderr"}
1791354809.308052295	{"data":"go: downloading github.com/smallstep/certificates v0.30.2\n","type":"stderr"}
1791354809.329879425	{"data":"go: downloading github.com/smallstep/truststore v0.13.0\n","type":"stderr"}
1791354809.331159185	{"data":"go: downloading go.step.sm/crypto v0.91.0\n","type":"stderr"}
1791354809.352015237	{"data":"go: downloading golang.org/x/crypto v0.57.0\n","type":"stderr"}
1791354809.409417184	{"data":"go: downloading github.com/go-chi/chi/v5 v5.3.2\n","type":"stderr"}
1791354810.949759151	{"data":"go: downloading github.com/smallstep/nosql v0.8.0\n","type":"stderr"}
1791354810.951042216	{"data":"go: downloading go.etcd.io/bbolt v1.5.0\n","type":"stderr"}
1791354810.958972915	{"data":"go: downloading github.com/prometheus/client_golang v1.24.1\n","type":"stderr"}
1791354810.960287778	{"data":"go: downloading github.com/caddyserver/zerossl v0.1.6\n","type":"stderr"}
1791354810.961677613	{"data":"go: downloading github.com/cloudflare/circl v1.6.5\n","type":"stderr"}
1791354811.008634067	{"data":"go: downloading github.com/klauspost/cpuid/v2 v2.4.0\ngo: downloading github.com/libdns/libdns v1.1.1\n","type":"stderr"}
1791354811.167367552	{"data":"go: downloading github.com/mholt/acmez/v3 v3.1.7\n","type":"stderr"}
1791354811.253013485	{"data":"go: downloading github.com/tailscale/tscert v0.0.0-20251216020129-aea342f6d747\n","type":"stderr"}
1791354811.406621599	{"data":"go: downloading golang.org/x/net v0.59.0\n","type":"stderr"}
1791354811.426807537	{"data":"go: downloading github.com/DeRuina/timberjack v1.4.8\n","type":"stderr"}
1791354811.438952268	{"data":"go: downloading github.com/dustin/go-humanize v1.1.0\n","type":"stderr"}
1791354811.577017913	{"data":"go: downloading golang.org/x/term v0.46.0\n","type":"stderr"}
1791354811.651274047	{"data":"go: downloading github.com/cespare/xxhash/v2 v2.3.0\n","type":"stderr"}
1791354811.652666116	{"data":"go: downloading github.com/google/uuid v1.6.0\n","type":"stderr"}
1791354811.713226702	{"data":"go: downloading github.com/quic-go/quic-go v0.63.0\n","type":"stderr"}
1791354811.768381957	{"data":"go: downloading github.com/cespare/xxhash v1.1.0\n","type":"stderr"}
1791354811.835973140	{"data":"go: downloading golang.org/x/sys v0.48.0\n","type":"stderr"}
1791354811.949672355	{"data":"go: downloading golang.org/x/time v0.16.0\n","type":"stderr"}
1791354811.988550238	{"data":"go: downloading github.com/pbnjay/memory v0.0.0-20210728143218-7b4eea64cf58\n","type":"stderr"}
1791354811.999918525	{"data":"go: downloading github.com/miekg/dns v1.1.73\n","type":"stderr"}
1791354812.142661628	{"data":"go: downloading github.com/zeebo/blake3 v0.2.4\n","type":"stderr"}
1791354812.404592069	{"data":"go: downloading go.uber.org/multierr v1.11.0\n","type":"stderr"}
1791354812.484699032	{"data":"go: downloading github.com/cpuguy83/go-md2man/v2 v2.0.7\n","type":"stderr"}
1791354812.581632892	{"data":"go: downloading go.yaml.in/yaml/v3 v3.0.5\n","type":"stderr"}
1791354812.664225655	{"data":"go: downloading cel.dev/cel-go v0.32.0\n","type":"stderr"}
1791354813.688342675	{"data":"go: downloading github.com/dunglas/go-urlpattern v1.0.0\n","type":"stderr"}
1791354813.689861174	{"data":"go: downloading go.opentelemetry.io/contrib/exporters/autoexport v0.71.0\n","type":"stderr"}
1791354813.691326312	{"data":"go: downloading go.opentelemetry.io/contrib/bridges/prometheus v0.71.0\ngo: downloading github.com/dunglas/httpsfv v1.1.1\n","type":"stderr"}
1791354813.692653153	{"data":"go: downloading go.opentelemetry.io/otel v1.46.0\n","type":"stderr"}
1791354813.694840595	{"data":"go: downloading go.opentelemetry.io/otel/sdk/metric v1.46.0\n","type":"stderr"}
1791354813.696260706	{"data":"go: downloading go.opentelemetry.io/otel/sdk v1.46.0\n","type":"stderr"}
1791354813.697515188	{"data":"go: downloading golang.org/x/sync v0.23.0\n","type":"stderr"}
1791354814.035619621	{"data":"go: downloading github.com/pkg/errors v0.9.1\n","type":"stderr"}
1791354814.057757648	{"data":"go: downloading github.com/klauspost/compress v1.20.1\n","type":"stderr"}
1791354814.070723271	{"data":"go: downloading github.com/smallstep/cli-utils v0.12.2\n","type":"stderr"}
1791354814.142760656	{"data":"go: downloading google.golang.org/grpc v1.83.2\ngo: downloading github.com/smallstep/linkedca v0.26.0\n","type":"stderr"}
1791354814.361092382	{"data":"go: downloading google.golang.org/protobuf v1.36.12\n","type":"stderr"}
1791354814.364472784	{"data":"go: downloading github.com/coreos/go-oidc/v3 v3.21.0\n","type":"stderr"}
1791354814.657851541	{"data":"go: downloading github.com/fxamacker/cbor/v2 v2.9.4\n","type":"stderr"}
1791354814.664225865	{"data":"go: downloading github.com/google/go-tpm v0.9.8\n","type":"stderr"}
1791354814.878566904	{"data":"go: downloading github.com/smallstep/go-attestation v0.4.4-0.20260814222900-a849f4e2cd68\n","type":"stderr"}
1791354815.062485526	{"data":"go: downloading github.com/slackhq/nebula v1.11.2\n","type":"stderr"}
1791354815.121726752	{"data":"go: downloading github.com/pires/go-proxyproto v0.15.0\n","type":"stderr"}
1791354815.513750527	{"data":"go: downloading github.com/BurntSushi/toml v1.6.0\n","type":"stderr"}
1791354815.998118464	{"data":"go: downloading github.com/Masterminds/sprig/v3 v3.3.0\n","type":"stderr"}
1791354816.153531807	{"data":"go: downloading github.com/alecthomas/chroma/v2 v2.27.0\n","type":"stderr"}
1791354816.261075457	{"data":"go: downloading github.com/yuin/goldmark v1.8.6\n","type":"stderr"}
1791354816.286661986	{"data":"go: downloading github.com/yuin/goldmark-highlighting/v2 v2.0.0-20230729083705-37449abec8cc\n","type":"stderr"}
1791354816.706711040	{"data":"go: downloading gopkg.in/yaml.v3 v3.0.1\n","type":"stderr"}
1791354816.709143620	{"data":"go: downloading go.opentelemetry.io/contrib/instrumentation/net/http/otelhttp v0.71.0\n","type":"stderr"}
1791354816.710681718	{"data":"go: downloading go.opentelemetry.io/contrib/propagators/autoprop v0.71.0\n","type":"stderr"}
1791354817.261904766	{"data":"go: downloading go.opentelemetry.io/otel/trace v1.46.0\n","type":"stderr"}
1791354817.288697556	{"data":"go: downloading github.com/beorn7/perks v1.0.1\n","type":"stderr"}
1791354817.352964743	{"data":"go: downloading github.com/prometheus/client_model v0.6.3\n","type":"stderr"}
1791354817.363814572	{"data":"go: downloading github.com/prometheus/common v0.71.0\n","type":"stderr"}
1791354817.366722595	{"data":"go: downloading github.com/prometheus/procfs v0.22.0\n","type":"stderr"}
1791354817.455726106	{"data":"go: downloading github.com/quic-go/qpack v0.6.0\n","type":"stderr"}
1791354817.517889446	{"data":"go: downloading golang.org/x/text v0.42.0\n","type":"stderr"}
1791354817.641525541	{"data":"go: downloading github.com/russross/blackfriday/v2 v2.1.0\n","type":"stderr"}
1791354817.739432050	{"data":"go: downloading cel.dev/expr v0.25.3\n","type":"stderr"}
1791354817.741018250	{"data":"go: downloading google.golang.org/genproto/googleapis/api v0.0.0-20260921155816-b14227669459\n","type":"stderr"}
1791354817.786855795	{"data":"go: downloading github.com/antlr4-go/antlr/v4 v4.13.1\n","type":"stderr"}
1791354818.305370196	{"data":"go: downloading github.com/nlnwa/whatwg-url v0.6.2\n","type":"stderr"}
1791354818.324186849	{"data":"go: downloading golang.org/x/exp v0.0.0-20260908205506-85c1c2202aba\n","type":"stderr"}
1791354818.501248753	{"data":"go: downloading filippo.io/edwards25519 v1.2.0\n","type":"stderr"}
1791354818.771647341	{"data":"go: downloading go.opentelemetry.io/otel/exporters/otlp/otlplog/otlploggrpc v0.22.0\n","type":"stderr"}
1791354818.773309655	{"data":"go: downloading go.opentelemetry.io/otel/exporters/otlp/otlplog/otlploghttp v0.22.0\n","type":"stderr"}
1791354818.807162939	{"data":"go: downloading go.opentelemetry.io/otel/exporters/otlp/otlpmetric/otlpmetricgrpc v1.46.0\n","type":"stderr"}
1791354818.919335092	{"data":"go: downloading go.opentelemetry.io/otel/exporters/otlp/otlpmetric/otlpmetrichttp v1.46.0\n","type":"stderr"}
1791354818.960987578	{"data":"go: downloading go.opentelemetry.io/otel/exporters/otlp/otlptrace/otlptracegrpc v1.46.0\n","type":"stderr"}
1791354819.029386264	{"data":"go: downloading go.opentelemetry.io/otel/exporters/otlp/otlptrace/otlptracehttp v1.46.0\n","type":"stderr"}
1791354819.072606652	{"data":"go: downloading go.opentelemetry.io/otel/exporters/prometheus v0.68.0\n","type":"stderr"}
1791354819.100193073	{"data":"go: downloading go.opentelemetry.io/otel/exporters/otlp/otlptrace v1.46.0\n","type":"stderr"}
1791354819.407791314	{"data":"go: downloading go.opentelemetry.io/otel/exporters/stdout/stdoutlog v0.22.0\n","type":"stderr"}
1791354819.433630744	{"data":"go: downloading go.opentelemetry.io/otel/exporters/stdout/stdoutmetric v1.46.0\n","type":"stderr"}
1791354819.444221184	{"data":"go: downloading go.opentelemetry.io/otel/exporters/stdout/stdouttrace v1.46.0\n","type":"stderr"}
1791354819.548892053	{"data":"go: downloading go.opentelemetry.io/otel/sdk/log v0.22.0\n","type":"stderr"}
1791354819.580425866	{"data":"go: downloading github.com/ccoveille/go-safecast/v2 v2.0.1\n","type":"stderr"}
1791354819.640247743	{"data":"go: downloading github.com/smallstep/pkcs7 v0.2.3\n","type":"stderr"}
1791354819.912423086	{"data":"go: downloading github.com/smallstep/scep v0.0.0-20260331191114-261f960a40d1\n","type":"stderr"}
1791354820.164191341	{"data":"go: downloading github.com/go-jose/go-jose/v3 v3.0.5\n","type":"stderr"}
1791354820.497788382	{"data":"go: downloading github.com/urfave/cli v1.22.17\ngo: downloading github.com/manifoldco/promptui v0.9.0\n","type":"stderr"}
1791354820.499555733	{"data":"go: downloading github.com/chzyer/readline v1.5.1\n","type":"stderr"}
1791354820.694745737	{"data":"go: downloading github.com/sirupsen/logrus v1.10.2\n","type":"stderr"}
1791354820.742270233	{"data":"go: downloading github.com/go-jose/go-jose/v4 v4.1.5\n","type":"stderr"}
1791354820.905528597	{"data":"go: downloading golang.org/x/oauth2 v0.37.0\n","type":"stderr"}
1791354821.005055087	{"data":"go: downloading github.com/x448/float16 v0.8.4\n","type":"stderr"}
1791354821.037537494	{"data":"go: downloading github.com/google/go-tspi v0.3.0\n","type":"stderr"}
1791354821.154969849	{"data":"go: downloading google.golang.org/api v0.298.0\n","type":"stderr"}
1791354821.179408357	{"data":"go: downloading github.com/rs/xid v1.6.0\n","type":"stderr"}
1791354821.184069130	{"data":"go: downloading dario.cat/mergo v1.0.2\n","type":"stderr"}
1791354821.186637283	{"data":"go: downloading github.com/Masterminds/goutils v1.1.1\n","type":"stderr"}
1791354821.367825990	{"data":"go: downloading github.com/Masterminds/semver/v3 v3.5.0\n","type":"stderr"}
1791354821.374306283	{"data":"go: downloading github.com/huandu/xstrings v1.6.1\n","type":"stderr"}
1791354821.423141245	{"data":"go: downloading github.com/mitchellh/copystructure v1.2.0\n","type":"stderr"}
1791354821.547321266	{"data":"go: downloading github.com/shopspring/decimal v1.4.0\n","type":"stderr"}
1791354821.551709770	{"data":"go: downloading github.com/spf13/cast v1.10.0\n","type":"stderr"}
1791354821.576418794	{"data":"go: downloading go.opentelemetry.io/contrib/propagators/aws v1.46.0\n","type":"stderr"}
1791354821.690759802	{"data":"go: downloading go.opentelemetry.io/contrib/propagators/b3 v1.46.0\n","type":"stderr"}
1791354821.699722700	{"data":"go: downloading go.opentelemetry.io/contrib/propagators/jaeger v1.46.0\n","type":"stderr"}
1791354821.703051714	{"data":"go: downloading go.opentelemetry.io/contrib/propagators/ot v1.46.0\ngo: downloading github.com/felixge/httpsnoop v1.1.0\n","type":"stderr"}
1791354821.705928751	{"data":"go: downloading go.opentelemetry.io/otel/metric v1.46.0\n","type":"stderr"}
1791354821.710534852	{"data":"go: downloading github.com/dgraph-io/badger v1.6.2\n","type":"stderr"}
1791354821.720329648	{"data":"go: downloading github.com/dgraph-io/badger/v2 v2.2007.4\n","type":"stderr"}
1791354821.857858898	{"data":"go: downloading github.com/go-sql-driver/mysql v1.10.1\n","type":"stderr"}
1791354821.864909677	{"data":"go: downloading github.com/jackc/pgx/v5 v5.11.0\n","type":"stderr"}
1791354822.009360481	{"data":"go: downloading github.com/mitchellh/go-ps v1.0.0\n","type":"stderr"}
1791354822.066832433	{"data":"go: downloading github.com/munnerz/goautoneg v0.0.0-20191010083416-a7dc8b61c822\n","type":"stderr"}
1791354822.069585133	{"data":"go: downloading google.golang.org/genproto/googleapis/rpc v0.0.0-20260921155816-b14227669459\n","type":"stderr"}
1791354822.102118055	{"data":"go: downloading github.com/bits-and-blooms/bitset v1.25.0\n","type":"stderr"}
1791354822.196239266	{"data":"go: downloading github.com/go-logr/logr v1.4.4\n","type":"stderr"}
1791354822.237891310	{"data":"go: downloading go.opentelemetry.io/proto/otlp v1.11.0\n","type":"stderr"}
1791354822.489666174	{"data":"go: downloading github.com/prometheus/otlptranslator v1.0.0\n","type":"stderr"}
1791354822.492312084	{"data":"go: downloading go.opentelemetry.io/otel/log v0.22.0\n","type":"stderr"}
1791354822.495090363	{"data":"go: downloading filippo.io/bigmod v0.1.0\ngo: downloading github.com/google/certificate-transparency-go v1.3.3\n","type":"stderr"}
1791354822.499017345	{"data":"go: downloading github.com/mitchellh/reflectwalk v1.0.2\n","type":"stderr"}
1791354822.655032912	{"data":"go: downloading github.com/dlclark/regexp2/v2 v2.8.0\n","type":"stderr"}
1791354822.657988767	{"data":"go: downloading github.com/go-logr/stdr v1.2.2\n","type":"stderr"}
1791354822.661120866	{"data":"go: downloading go.opentelemetry.io/auto/sdk v1.2.1\n","type":"stderr"}
1791354822.662601337	{"data":"go: downloading github.com/dgraph-io/ristretto v0.2.0\n","type":"stderr"}
1791354822.665263802	{"data":"go: downloading github.com/golang/protobuf v1.5.4\n","type":"stderr"}
1791354822.676241593	{"data":"go: downloading github.com/cenkalti/backoff/v5 v5.0.3\n","type":"stderr"}
1791354822.902223477	{"data":"go: downloading github.com/dgryski/go-farm v0.0.0-20240924180020-3414d57e47da\n","type":"stderr"}
1791354822.930211731	{"data":"go: downloading github.com/grpc-ecosystem/grpc-gateway/v2 v2.30.0\n","type":"stderr"}
1791354823.150176317	{"data":"go: downloading github.com/AndreasBriese/bbloom v0.0.0-20190825152654-46b345b51c96\n","type":"stderr"}
1791354823.153704771	{"data":"go: downloading github.com/golang/snappy v1.0.0\n","type":"stderr"}
1791354823.247489346	{"data":"go: downloading github.com/jackc/pgpassfile v1.0.0\n","type":"stderr"}
1791354823.257553076	{"data":"go: downloading github.com/jackc/pgservicefile v0.0.0-20240606120523-5a60cdf6a761\n","type":"stderr"}
1791354823.348442867	{"data":"go: downloading github.com/jackc/puddle/v2 v2.2.2\n","type":"stderr"}
1791354823.374360825	{"data":"go: downloading github.com/mgutz/ansi v0.0.0-20200706080929-d51e80ef957d\n","type":"stderr"}
1791354823.452519835	{"data":"go: downloading github.com/shurcooL/sanitized_anchor_name v1.0.0\n","type":"stderr"}
1791354823.522558401	{"data":"go: downloading github.com/mattn/go-colorable v0.1.15\n","type":"stderr"}
1791354823.724071622	{"data":"go: downloading github.com/mattn/go-isatty v0.0.24\n","type":"stderr"}
1791354830.389106333	{"data":"/home/user/go/pkg/mod/github.com/dgraph-io/badger/v2@v2.2007.4/y/zstd.go:22:2: github.com/klauspost/compress@v1.20.1: reading http://build-cache.internal/goproxy/github.com/klauspost/compress/@v/v1.20.1.zip: 502 Bad Gateway\n/home/user/go/pkg/mod/github.com/smallstep/certificates@v0.30.2/authority/provisioner/gcp/projectvalidator.go:7:2: google.golang.org/api@v0.298.0: reading http://build-cache.internal/goproxy/google.golang.org/api/@v/v0.298.0.zip: 502 Bad Gateway\n../../modules/caddytls/ech.go:19:2: github.com/cloudflare/circl@v1.6.5: reading http://build-cache.internal/goproxy/github.com/cloudflare/circl/@v/v1.6.5.zip: 502 Bad Gateway\n../../modules/caddytls/ech.go:20:2: github.com/cloudflare/circl@v1.6.5: reading http://build-cache.internal/goproxy/github.com/cloudflare/circl/@v/v1.6.5.zip: 502 Bad Gateway\n../../modules/caddyhttp/encode/gzip/gzip.go:21:2: github.com/klauspost/compress@v1.20.1: reading http://build-cache.internal/goproxy/github.com/klauspost/compress/@v/v1.20.1.zip: 502 Bad Gateway\n","type":"stderr"}
1791354830.405326750	{"data":"BENCH_CMD_SECONDS=21.7037\n","type":"stdout"}
1791354831.321468463	{"bytes_down":19249,"bytes_up":34593,"duration_ms":41844,"exit_code":1,"from_store":688,"outcome":"failed","retryable":false,"type":"result","workspace":"cold"}
