1791354881.141794868	{"lease":"orgs/ORG/projects/PROJECT/envs/ENV/leases/sbx-mjnf0953","region":"","size":"standard","type":"queued"}
1791354885.188462855	{"bytes":4563414,"bytes_up":34593,"duration_ms":3690,"files":691,"from_store":688,"full":true,"new_volume":false,"removed":0,"type":"sync","volume":true,"workspace":"cold"}
1791354885.612797077	{"cache":true,"lease":"orgs/ORG/projects/PROJECT/envs/ENV/leases/sbx-mjnf0953","region":"","size":"standard","type":"running","volume":true,"workspace":"cold"}
1791354902.632414156	{"data":"BENCH_TOOL_SECONDS=16.158\n","type":"stdout"}
1791354902.721992810	{"data":"go: downloading github.com/KimMachineGun/automemlimit v1.0.0\n","type":"stderr"}
1791354902.727676948	{"data":"go: downloading github.com/aryann/difflib v0.0.0-20210328193216-ff5ff6dc229b\n","type":"stderr"}
1791354902.729137019	{"data":"go: downloading github.com/caddyserver/certmagic v0.25.6\n","type":"stderr"}
1791354902.730471572	{"data":"go: downloading github.com/spf13/cobra v1.10.2\n","type":"stderr"}
1791354902.731813475	{"data":"go: downloading github.com/spf13/pflag v1.0.10\n","type":"stderr"}
1791354902.733184943	{"data":"go: downloading go.uber.org/automaxprocs v1.6.0\n","type":"stderr"}
1791354902.798097237	{"data":"go: downloading go.uber.org/zap v1.28.0\n","type":"stderr"}
1791354902.857377091	{"data":"go: downloading go.uber.org/zap/exp v0.3.0\n","type":"stderr"}
1791354902.943638127	{"data":"go: downloading golang.org/x/crypto/x509roots/fallback v0.0.0-20260929172509-b39ff6d641ec\n","type":"stderr"}
1791354903.048594544	{"data":"go: downloading golang.org/x/crypto v0.57.0\n","type":"stderr"}
1791354903.053463279	{"data":"go: downloading github.com/smallstep/certificates v0.30.2\n","type":"stderr"}
1791354903.061259517	{"data":"go: downloading github.com/smallstep/truststore v0.13.0\n","type":"stderr"}
1791354903.085663653	{"data":"go: downloading go.step.sm/crypto v0.91.0\n","type":"stderr"}
1791354903.303702149	{"data":"go: downloading github.com/go-chi/chi/v5 v5.3.2\n","type":"stderr"}
1791354903.878542001	{"data":"go: downloading github.com/smallstep/nosql v0.8.0\n","type":"stderr"}
1791354903.946982369	{"data":"go: downloading go.etcd.io/bbolt v1.5.0\n","type":"stderr"}
1791354903.950167638	{"data":"go: downloading github.com/cloudflare/circl v1.6.5\n","type":"stderr"}
1791354903.951529371	{"data":"go: downloading github.com/caddyserver/zerossl v0.1.6\n","type":"stderr"}
1791354903.952847128	{"data":"go: downloading github.com/klauspost/cpuid/v2 v2.4.0\n","type":"stderr"}
1791354903.955306969	{"data":"go: downloading github.com/libdns/libdns v1.1.1\n","type":"stderr"}
1791354903.962814804	{"data":"go: downloading github.com/mholt/acmez/v3 v3.1.7\n","type":"stderr"}
1791354903.989722827	{"data":"go: downloading github.com/tailscale/tscert v0.0.0-20251216020129-aea342f6d747\n","type":"stderr"}
1791354904.108193460	{"data":"go: downloading golang.org/x/net v0.59.0\n","type":"stderr"}
1791354904.122736901	{"data":"go: downloading github.com/prometheus/client_golang v1.24.1\n","type":"stderr"}
1791354904.139048365	{"data":"go: downloading github.com/DeRuina/timberjack v1.4.8\n","type":"stderr"}
1791354904.161369165	{"data":"go: downloading github.com/dustin/go-humanize v1.1.0\n","type":"stderr"}
1791354904.195227807	{"data":"go: downloading golang.org/x/term v0.46.0\n","type":"stderr"}
1791354904.235933342	{"data":"go: downloading github.com/cespare/xxhash/v2 v2.3.0\n","type":"stderr"}
1791354904.249523793	{"data":"go: downloading github.com/google/uuid v1.6.0\n","type":"stderr"}
1791354904.328215753	{"data":"go: downloading github.com/cespare/xxhash v1.1.0\n","type":"stderr"}
1791354904.343440426	{"data":"go: downloading github.com/quic-go/quic-go v0.63.0\n","type":"stderr"}
1791354904.441697201	{"data":"go: downloading golang.org/x/sys v0.48.0\ngo: downloading golang.org/x/time v0.16.0\n","type":"stderr"}
1791354904.494582820	{"data":"go: downloading github.com/pbnjay/memory v0.0.0-20210728143218-7b4eea64cf58\n","type":"stderr"}
1791354904.543302530	{"data":"go: downloading github.com/cpuguy83/go-md2man/v2 v2.0.7\n","type":"stderr"}
1791354904.568331083	{"data":"go: downloading go.yaml.in/yaml/v3 v3.0.5\n","type":"stderr"}
1791354904.726334512	{"data":"go: downloading golang.org/x/sync v0.23.0\n","type":"stderr"}
1791354904.730230597	{"data":"go: downloading cel.dev/cel-go v0.32.0\n","type":"stderr"}
1791354905.343683885	{"data":"go: downloading github.com/dunglas/go-urlpattern v1.0.0\n","type":"stderr"}
1791354905.348970477	{"data":"go: downloading github.com/dunglas/httpsfv v1.1.1\ngo: downloading go.opentelemetry.io/contrib/bridges/prometheus v0.71.0\n","type":"stderr"}
1791354905.350320172	{"data":"go: downloading go.opentelemetry.io/otel/sdk/metric v1.46.0\n","type":"stderr"}
1791354905.351728435	{"data":"go: downloading go.opentelemetry.io/contrib/exporters/autoexport v0.71.0\n","type":"stderr"}
1791354905.353103418	{"data":"go: downloading go.opentelemetry.io/otel/sdk v1.46.0\n","type":"stderr"}
1791354905.354459663	{"data":"go: downloading go.opentelemetry.io/otel v1.46.0\n","type":"stderr"}
1791354905.480183359	{"data":"go: downloading github.com/klauspost/compress v1.20.1\n","type":"stderr"}
1791354905.518001662	{"data":"go: downloading github.com/miekg/dns v1.1.73\n","type":"stderr"}
1791354905.522506541	{"data":"go: downloading github.com/zeebo/blake3 v0.2.4\n","type":"stderr"}
1791354905.524217057	{"data":"go: downloading github.com/pires/go-proxyproto v0.15.0\n","type":"stderr"}
1791354905.547384808	{"data":"go: downloading github.com/BurntSushi/toml v1.6.0\n","type":"stderr"}
1791354905.553714555	{"data":"go: downloading github.com/Masterminds/sprig/v3 v3.3.0\n","type":"stderr"}
1791354905.755594207	{"data":"go: downloading github.com/alecthomas/chroma/v2 v2.27.0\n","type":"stderr"}
1791354905.768797797	{"data":"go: downloading github.com/yuin/goldmark v1.8.6\n","type":"stderr"}
1791354905.829121547	{"data":"go: downloading github.com/yuin/goldmark-highlighting/v2 v2.0.0-20230729083705-37449abec8cc\n","type":"stderr"}
1791354906.004394628	{"data":"go: downloading gopkg.in/yaml.v3 v3.0.1\n","type":"stderr"}
1791354906.005806746	{"data":"go: downloading go.opentelemetry.io/contrib/instrumentation/net/http/otelhttp v0.71.0\n","type":"stderr"}
1791354906.056196692	{"data":"go: downloading go.opentelemetry.io/contrib/propagators/autoprop v0.71.0\n","type":"stderr"}
1791354906.623395339	{"data":"go: downloading go.opentelemetry.io/otel/trace v1.46.0\n","type":"stderr"}
1791354908.590492929	{"data":"go: downloading go.uber.org/multierr v1.11.0\n","type":"stderr"}
1791354908.592816806	{"data":"go: downloading github.com/pkg/errors v0.9.1\n","type":"stderr"}
1791354908.594126381	{"data":"go: downloading github.com/smallstep/cli-utils v0.12.2\n","type":"stderr"}
1791354908.595239000	{"data":"go: downloading github.com/smallstep/linkedca v0.26.0\n","type":"stderr"}
1791354908.628619364	{"data":"go: downloading google.golang.org/grpc v1.83.2\n","type":"stderr"}
1791354908.638573008	{"data":"go: downloading google.golang.org/protobuf v1.36.12\n","type":"stderr"}
1791354908.721495386	{"data":"go: downloading github.com/coreos/go-oidc/v3 v3.21.0\n","type":"stderr"}
1791354908.736528571	{"data":"go: downloading github.com/fxamacker/cbor/v2 v2.9.4\n","type":"stderr"}
1791354908.824858252	{"data":"go: downloading github.com/google/go-tpm v0.9.8\n","type":"stderr"}
1791354908.923380935	{"data":"go: downloading github.com/smallstep/go-attestation v0.4.4-0.20260814222900-a849f4e2cd68\n","type":"stderr"}
1791354908.989705959	{"data":"go: downloading github.com/slackhq/nebula v1.11.2\n","type":"stderr"}
1791354909.028683511	{"data":"go: downloading github.com/beorn7/perks v1.0.1\n","type":"stderr"}
1791354909.030421660	{"data":"go: downloading github.com/prometheus/client_model v0.6.3\n","type":"stderr"}
1791354909.198048207	{"data":"go: downloading github.com/prometheus/common v0.71.0\n","type":"stderr"}
1791354909.367661095	{"data":"go: downloading github.com/prometheus/procfs v0.22.0\n","type":"stderr"}
1791354909.729620049	{"data":"go: downloading github.com/russross/blackfriday/v2 v2.1.0\n","type":"stderr"}
1791354909.766852704	{"data":"go: downloading github.com/quic-go/qpack v0.6.0\n","type":"stderr"}
1791354909.940211541	{"data":"go: downloading golang.org/x/text v0.42.0\n","type":"stderr"}
1791354910.104667542	{"data":"go: downloading google.golang.org/genproto/googleapis/api v0.0.0-20260921155816-b14227669459\ngo: downloading cel.dev/expr v0.25.3\n","type":"stderr"}
1791354910.463297792	{"data":"go: downloading github.com/antlr4-go/antlr/v4 v4.13.1\n","type":"stderr"}
1791354910.772201322	{"data":"go: downloading go.opentelemetry.io/otel/exporters/otlp/otlplog/otlploggrpc v0.22.0\n","type":"stderr"}
1791354910.825145289	{"data":"go: downloading go.opentelemetry.io/otel/exporters/otlp/otlplog/otlploghttp v0.22.0\ngo: downloading go.opentelemetry.io/otel/exporters/otlp/otlpmetric/otlpmetricgrpc v1.46.0\n","type":"stderr"}
1791354910.945930276	{"data":"go: downloading go.opentelemetry.io/otel/exporters/otlp/otlpmetric/otlpmetrichttp v1.46.0\n","type":"stderr"}
1791354910.949596426	{"data":"go: downloading go.opentelemetry.io/otel/exporters/otlp/otlptrace/otlptracegrpc v1.46.0\n","type":"stderr"}
1791354911.014940789	{"data":"go: downloading go.opentelemetry.io/otel/exporters/otlp/otlptrace/otlptracehttp v1.46.0\n","type":"stderr"}
1791354911.053455507	{"data":"go: downloading go.opentelemetry.io/otel/exporters/otlp/otlptrace v1.46.0\n","type":"stderr"}
1791354911.144204146	{"data":"go: downloading go.opentelemetry.io/otel/exporters/prometheus v0.68.0\n","type":"stderr"}
1791354911.224184229	{"data":"go: downloading go.opentelemetry.io/otel/exporters/stdout/stdoutlog v0.22.0\n","type":"stderr"}
1791354911.256674016	{"data":"go: downloading go.opentelemetry.io/otel/exporters/stdout/stdoutmetric v1.46.0\n","type":"stderr"}
1791354911.408407608	{"data":"go: downloading go.opentelemetry.io/otel/exporters/stdout/stdouttrace v1.46.0\n","type":"stderr"}
1791354911.496673983	{"data":"go: downloading go.opentelemetry.io/otel/sdk/log v0.22.0\n","type":"stderr"}
1791354911.622459062	{"data":"go: downloading github.com/nlnwa/whatwg-url v0.6.2\n","type":"stderr"}
1791354911.793360433	{"data":"go: downloading golang.org/x/exp v0.0.0-20260908205506-85c1c2202aba\n","type":"stderr"}
1791354911.816289626	{"data":"go: downloading dario.cat/mergo v1.0.2\n","type":"stderr"}
1791354911.817839291	{"data":"go: downloading github.com/Masterminds/goutils v1.1.1\n","type":"stderr"}
1791354912.008311035	{"data":"go: downloading github.com/Masterminds/semver/v3 v3.5.0\n","type":"stderr"}
1791354912.216692482	{"data":"go: downloading github.com/huandu/xstrings v1.6.1\n","type":"stderr"}
1791354912.221607286	{"data":"go: downloading github.com/mitchellh/copystructure v1.2.0\n","type":"stderr"}
1791354912.395790321	{"data":"go: downloading github.com/shopspring/decimal v1.4.0\n","type":"stderr"}
1791354912.397160887	{"data":"go: downloading github.com/spf13/cast v1.10.0\n","type":"stderr"}
1791354912.532668243	{"data":"go: downloading go.opentelemetry.io/contrib/propagators/aws v1.46.0\n","type":"stderr"}
1791354912.534122094	{"data":"go: downloading go.opentelemetry.io/contrib/propagators/b3 v1.46.0\n","type":"stderr"}
1791354912.698724534	{"data":"go: downloading go.opentelemetry.io/contrib/propagators/jaeger v1.46.0\n","type":"stderr"}
1791354912.756263115	{"data":"go: downloading go.opentelemetry.io/contrib/propagators/ot v1.46.0\n","type":"stderr"}
1791354912.862665652	{"data":"go: downloading github.com/felixge/httpsnoop v1.1.0\n","type":"stderr"}
1791354912.905677097	{"data":"go: downloading go.opentelemetry.io/otel/metric v1.46.0\n","type":"stderr"}
1791354912.966104602	{"data":"go: downloading filippo.io/edwards25519 v1.2.0\n","type":"stderr"}
1791354913.089022980	{"data":"go: downloading github.com/ccoveille/go-safecast/v2 v2.0.1\n","type":"stderr"}
1791354913.221998256	{"data":"go: downloading github.com/smallstep/pkcs7 v0.2.3\n","type":"stderr"}
1791354913.224911387	{"data":"go: downloading github.com/smallstep/scep v0.0.0-20260331191114-261f960a40d1\n","type":"stderr"}
1791354913.383887115	{"data":"go: downloading github.com/go-jose/go-jose/v3 v3.0.5\n","type":"stderr"}
1791354913.704853614	{"data":"go: downloading github.com/go-jose/go-jose/v4 v4.1.5\n","type":"stderr"}
1791354913.706266484	{"data":"go: downloading github.com/urfave/cli v1.22.17\n","type":"stderr"}
1791354913.707549589	{"data":"go: downloading golang.org/x/oauth2 v0.37.0\n","type":"stderr"}
1791354914.130122599	{"data":"go: downloading github.com/chzyer/readline v1.5.1\n","type":"stderr"}
1791354914.141713510	{"data":"go: downloading github.com/manifoldco/promptui v0.9.0\n","type":"stderr"}
1791354914.195063206	{"data":"go: downloading github.com/sirupsen/logrus v1.10.2\n","type":"stderr"}
1791354914.331622510	{"data":"go: downloading google.golang.org/api v0.298.0\n","type":"stderr"}
1791354914.376397290	{"data":"go: downloading github.com/rs/xid v1.6.0\n","type":"stderr"}
1791354914.506215991	{"data":"go: downloading github.com/x448/float16 v0.8.4\n","type":"stderr"}
1791354914.560351126	{"data":"go: downloading github.com/dgraph-io/badger v1.6.2\n","type":"stderr"}
1791354914.675478443	{"data":"go: downloading github.com/dgraph-io/badger/v2 v2.2007.4\n","type":"stderr"}
1791354915.164077599	{"data":"go: downloading github.com/go-sql-driver/mysql v1.10.1\n","type":"stderr"}
1791354915.185297558	{"data":"go: downloading github.com/jackc/pgx/v5 v5.11.0\n","type":"stderr"}
1791354915.499780499	{"data":"go: downloading github.com/mitchellh/go-ps v1.0.0\n","type":"stderr"}
1791354915.672054589	{"data":"go: downloading github.com/google/go-tspi v0.3.0\n","type":"stderr"}
1791354915.867713647	{"data":"go: downloading github.com/munnerz/goautoneg v0.0.0-20191010083416-a7dc8b61c822\n","type":"stderr"}
1791354915.969810513	{"data":"go: downloading google.golang.org/genproto/googleapis/rpc v0.0.0-20260921155816-b14227669459\n","type":"stderr"}
1791354915.972686298	{"data":"go: downloading github.com/go-logr/logr v1.4.4\n","type":"stderr"}
1791354916.024177416	{"data":"go: downloading go.opentelemetry.io/proto/otlp v1.11.0\n","type":"stderr"}
1791354916.198065728	{"data":"go: downloading github.com/prometheus/otlptranslator v1.0.0\n","type":"stderr"}
1791354916.269081881	{"data":"go: downloading go.opentelemetry.io/otel/log v0.22.0\n","type":"stderr"}
1791354916.348778569	{"data":"go: downloading github.com/bits-and-blooms/bitset v1.25.0\n","type":"stderr"}
1791354916.354281625	{"data":"go: downloading github.com/mitchellh/reflectwalk v1.0.2\n","type":"stderr"}
1791354916.356666774	{"data":"go: downloading github.com/dlclark/regexp2/v2 v2.8.0\n","type":"stderr"}
1791354916.382996539	{"data":"go: downloading github.com/go-logr/stdr v1.2.2\n","type":"stderr"}
1791354916.437903902	{"data":"go: downloading go.opentelemetry.io/auto/sdk v1.2.1\n","type":"stderr"}
1791354916.449796877	{"data":"go: downloading github.com/dgryski/go-farm v0.0.0-20240924180020-3414d57e47da\ngo: downloading github.com/dgraph-io/ristretto v0.2.0\n","type":"stderr"}
1791354916.507123519	{"data":"go: downloading github.com/golang/protobuf v1.5.4\n","type":"stderr"}
1791354916.567423554	{"data":"go: downloading github.com/google/certificate-transparency-go v1.3.3\n","type":"stderr"}
1791354916.638180348	{"data":"go: downloading filippo.io/bigmod v0.1.0\n","type":"stderr"}
1791354916.651597799	{"data":"go: downloading github.com/cenkalti/backoff/v5 v5.0.3\n","type":"stderr"}
1791354916.674491149	{"data":"go: downloading github.com/grpc-ecosystem/grpc-gateway/v2 v2.30.0\n","type":"stderr"}
1791354916.801232472	{"data":"go: downloading github.com/golang/snappy v1.0.0\n","type":"stderr"}
1791354916.803614435	{"data":"go: downloading github.com/AndreasBriese/bbloom v0.0.0-20190825152654-46b345b51c96\n","type":"stderr"}
1791354916.862124995	{"data":"go: downloading github.com/jackc/pgpassfile v1.0.0\n","type":"stderr"}
1791354916.953000335	{"data":"go: downloading github.com/jackc/pgservicefile v0.0.0-20240606120523-5a60cdf6a761\n","type":"stderr"}
1791354917.004758423	{"data":"go: downloading github.com/jackc/puddle/v2 v2.2.2\n","type":"stderr"}
1791354917.006693446	{"data":"go: downloading github.com/mgutz/ansi v0.0.0-20200706080929-d51e80ef957d\n","type":"stderr"}
1791354917.171775205	{"data":"go: downloading github.com/shurcooL/sanitized_anchor_name v1.0.0\n","type":"stderr"}
1791354917.586928974	{"data":"go: downloading github.com/mattn/go-colorable v0.1.15\n","type":"stderr"}
1791354917.718139753	{"data":"go: downloading github.com/mattn/go-isatty v0.0.24\n","type":"stderr"}
1791354922.744650738	{"data":"/home/user/go/pkg/mod/github.com/dgraph-io/badger/v2@v2.2007.4/y/zstd.go:22:2: github.com/klauspost/compress@v1.20.1: reading http://build-cache.internal/goproxy/github.com/klauspost/compress/@v/v1.20.1.zip: 502 Bad Gateway\n/home/user/go/pkg/mod/github.com/smallstep/certificates@v0.30.2/authority/provisioner/gcp/projectvalidator.go:7:2: google.golang.org/api@v0.298.0: reading http://build-cache.internal/goproxy/google.golang.org/api/@v/v0.298.0.zip: 502 Bad Gateway\n../../modules/caddytls/ech.go:19:2: github.com/cloudflare/circl@v1.6.5: reading http://build-cache.internal/goproxy/github.com/cloudflare/circl/@v/v1.6.5.zip: 502 Bad Gateway\n../../modules/caddytls/ech.go:20:2: github.com/cloudflare/circl@v1.6.5: reading http://build-cache.internal/goproxy/github.com/cloudflare/circl/@v/v1.6.5.zip: 502 Bad Gateway\n","type":"stderr"}
1791354922.747031990	{"data":"../../modules/caddyhttp/encode/gzip/gzip.go:21:2: github.com/klauspost/compress@v1.20.1: reading http://build-cache.internal/goproxy/github.com/klauspost/compress/@v/v1.20.1.zip: 502 Bad Gateway\n","type":"stderr"}
1791354922.769667683	{"data":"BENCH_CMD_SECONDS=20.125\n","type":"stdout"}
1791354923.781237896	{"bytes_down":19331,"bytes_up":34593,"duration_ms":48489,"exit_code":1,"from_store":688,"outcome":"failed","retryable":false,"type":"result","workspace":"cold"}
