1791354989.093085530	{"lease":"orgs/ORG/projects/PROJECT/envs/ENV/leases/sbx-6y2dwy6n","region":"","size":"standard","type":"queued"}
1791354995.171854089	{"bytes":4563414,"bytes_up":34593,"duration_ms":5942,"files":691,"from_store":688,"full":true,"new_volume":false,"removed":0,"type":"sync","volume":true,"workspace":"cold"}
1791354995.666437534	{"cache":true,"lease":"orgs/ORG/projects/PROJECT/envs/ENV/leases/sbx-6y2dwy6n","region":"","size":"standard","type":"running","volume":true,"workspace":"cold"}
1791355007.778039191	{"data":"BENCH_TOOL_SECONDS=11.3619\n","type":"stdout"}
1791355007.872315654	{"data":"go: downloading github.com/KimMachineGun/automemlimit v1.0.0\n","type":"stderr"}
1791355007.873796836	{"data":"go: downloading github.com/aryann/difflib v0.0.0-20210328193216-ff5ff6dc229b\n","type":"stderr"}
1791355007.875101363	{"data":"go: downloading github.com/spf13/cobra v1.10.2\n","type":"stderr"}
1791355007.877453643	{"data":"go: downloading github.com/caddyserver/certmagic v0.25.6\n","type":"stderr"}
1791355007.878937639	{"data":"go: downloading github.com/spf13/pflag v1.0.10\n","type":"stderr"}
1791355007.880216869	{"data":"go: downloading go.uber.org/automaxprocs v1.6.0\n","type":"stderr"}
1791355007.881465362	{"data":"go: downloading go.uber.org/zap v1.28.0\n","type":"stderr"}
1791355008.294772990	{"data":"go: downloading go.uber.org/zap/exp v0.3.0\n","type":"stderr"}
1791355008.354389558	{"data":"go: downloading golang.org/x/crypto/x509roots/fallback v0.0.0-20260929172509-b39ff6d641ec\n","type":"stderr"}
1791355008.495550707	{"data":"go: downloading golang.org/x/crypto v0.57.0\n","type":"stderr"}
1791355008.557458033	{"data":"go: downloading github.com/smallstep/certificates v0.30.2\n","type":"stderr"}
1791355008.563886889	{"data":"go: downloading github.com/smallstep/truststore v0.13.0\n","type":"stderr"}
1791355008.600011961	{"data":"go: downloading go.step.sm/crypto v0.91.0\n","type":"stderr"}
1791355008.699527935	{"data":"go: downloading github.com/go-chi/chi/v5 v5.3.2\n","type":"stderr"}
1791355009.544976128	{"data":"go: downloading go.etcd.io/bbolt v1.5.0\n","type":"stderr"}
1791355009.547587526	{"data":"go: downloading github.com/smallstep/nosql v0.8.0\n","type":"stderr"}
1791355009.573169218	{"data":"go: downloading github.com/prometheus/client_golang v1.24.1\n","type":"stderr"}
1791355009.694449748	{"data":"go: downloading github.com/DeRuina/timberjack v1.4.8\n","type":"stderr"}
1791355009.696087506	{"data":"go: downloading github.com/dustin/go-humanize v1.1.0\n","type":"stderr"}
1791355009.697803220	{"data":"go: downloading golang.org/x/term v0.46.0\n","type":"stderr"}
1791355009.909134421	{"data":"go: downloading github.com/caddyserver/zerossl v0.1.6\n","type":"stderr"}
1791355009.910899770	{"data":"go: downloading github.com/cloudflare/circl v1.6.5\n","type":"stderr"}
1791355009.945084731	{"data":"go: downloading github.com/klauspost/cpuid/v2 v2.4.0\n","type":"stderr"}
1791355009.947208147	{"data":"go: downloading github.com/libdns/libdns v1.1.1\n","type":"stderr"}
1791355009.958981712	{"data":"go: downloading github.com/mholt/acmez/v3 v3.1.7\n","type":"stderr"}
1791355010.124031934	{"data":"go: downloading github.com/tailscale/tscert v0.0.0-20251216020129-aea342f6d747\n","type":"stderr"}
1791355010.225909902	{"data":"go: downloading golang.org/x/net v0.59.0\n","type":"stderr"}
1791355010.389507114	{"data":"go: downloading github.com/cespare/xxhash/v2 v2.3.0\n","type":"stderr"}
1791355010.393173425	{"data":"go: downloading github.com/google/uuid v1.6.0\n","type":"stderr"}
1791355010.458041092	{"data":"go: downloading github.com/cespare/xxhash v1.1.0\n","type":"stderr"}
1791355010.561843688	{"data":"go: downloading github.com/quic-go/quic-go v0.63.0\n","type":"stderr"}
1791355010.870533247	{"data":"go: downloading golang.org/x/sys v0.48.0\n","type":"stderr"}
1791355010.873761630	{"data":"go: downloading golang.org/x/time v0.16.0\n","type":"stderr"}
1791355010.906027031	{"data":"go: downloading github.com/pbnjay/memory v0.0.0-20210728143218-7b4eea64cf58\n","type":"stderr"}
1791355011.009136417	{"data":"go: downloading go.uber.org/multierr v1.11.0\n","type":"stderr"}
1791355011.124701722	{"data":"go: downloading github.com/miekg/dns v1.1.73\n","type":"stderr"}
1791355011.128004557	{"data":"go: downloading github.com/zeebo/blake3 v0.2.4\n","type":"stderr"}
1791355011.214170310	{"data":"go: downloading github.com/cpuguy83/go-md2man/v2 v2.0.7\n","type":"stderr"}
1791355011.398519268	{"data":"go: downloading go.yaml.in/yaml/v3 v3.0.5\n","type":"stderr"}
1791355011.489894067	{"data":"go: downloading cel.dev/cel-go v0.32.0\n","type":"stderr"}
1791355012.221542985	{"data":"go: downloading github.com/dunglas/go-urlpattern v1.0.0\ngo: downloading go.opentelemetry.io/contrib/bridges/prometheus v0.71.0\ngo: downloading github.com/dunglas/httpsfv v1.1.1\n","type":"stderr"}
1791355012.414388070	{"data":"go: downloading go.opentelemetry.io/contrib/exporters/autoexport v0.71.0\n","type":"stderr"}
1791355012.467516354	{"data":"go: downloading go.opentelemetry.io/otel/sdk/metric v1.46.0\n","type":"stderr"}
1791355012.580720696	{"data":"go: downloading go.opentelemetry.io/otel/sdk v1.46.0\n","type":"stderr"}
1791355012.585824413	{"data":"go: downloading go.opentelemetry.io/otel v1.46.0\n","type":"stderr"}
1791355013.436242002	{"data":"go: downloading github.com/pkg/errors v0.9.1\n","type":"stderr"}
1791355013.437668102	{"data":"go: downloading github.com/smallstep/cli-utils v0.12.2\n","type":"stderr"}
1791355013.605869572	{"data":"go: downloading github.com/smallstep/linkedca v0.26.0\n","type":"stderr"}
1791355013.902448389	{"data":"go: downloading google.golang.org/grpc v1.83.2\n","type":"stderr"}
1791355014.058523605	{"data":"go: downloading google.golang.org/protobuf v1.36.12\n","type":"stderr"}
1791355014.064359942	{"data":"go: downloading github.com/slackhq/nebula v1.11.2\n","type":"stderr"}
1791355015.233645931	{"data":"go: downloading github.com/coreos/go-oidc/v3 v3.21.0\n","type":"stderr"}
1791355015.503596526	{"data":"go: downloading github.com/fxamacker/cbor/v2 v2.9.4\n","type":"stderr"}
1791355015.506717398	{"data":"go: downloading github.com/google/go-tpm v0.9.8\n","type":"stderr"}
1791355015.509713043	{"data":"go: downloading github.com/smallstep/go-attestation v0.4.4-0.20260814222900-a849f4e2cd68\n","type":"stderr"}
1791355015.877437638	{"data":"go: downloading golang.org/x/sync v0.23.0\n","type":"stderr"}
1791355015.962626485	{"data":"go: downloading github.com/klauspost/compress v1.20.1\n","type":"stderr"}
1791355016.080919973	{"data":"go: downloading github.com/pires/go-proxyproto v0.15.0\n","type":"stderr"}
1791355016.260682339	{"data":"go: downloading github.com/BurntSushi/toml v1.6.0\n","type":"stderr"}
1791355016.263000577	{"data":"go: downloading github.com/Masterminds/sprig/v3 v3.3.0\n","type":"stderr"}
1791355016.361021909	{"data":"go: downloading github.com/alecthomas/chroma/v2 v2.27.0\n","type":"stderr"}
1791355016.492300349	{"data":"go: downloading github.com/yuin/goldmark v1.8.6\n","type":"stderr"}
1791355016.927411701	{"data":"go: downloading github.com/yuin/goldmark-highlighting/v2 v2.0.0-20230729083705-37449abec8cc\n","type":"stderr"}
1791355017.061539888	{"data":"go: downloading gopkg.in/yaml.v3 v3.0.1\n","type":"stderr"}
1791355017.088023624	{"data":"go: downloading go.opentelemetry.io/contrib/instrumentation/net/http/otelhttp v0.71.0\n","type":"stderr"}
1791355017.188262792	{"data":"go: downloading go.opentelemetry.io/contrib/propagators/autoprop v0.71.0\n","type":"stderr"}
1791355017.353060265	{"data":"go: downloading go.opentelemetry.io/otel/trace v1.46.0\n","type":"stderr"}
1791355017.419140893	{"data":"go: downloading github.com/beorn7/perks v1.0.1\n","type":"stderr"}
1791355017.421847794	{"data":"go: downloading github.com/prometheus/client_model v0.6.3\n","type":"stderr"}
1791355017.592671438	{"data":"go: downloading github.com/prometheus/common v0.71.0\n","type":"stderr"}
1791355017.855404774	{"data":"go: downloading github.com/prometheus/procfs v0.22.0\n","type":"stderr"}
1791355018.523937522	{"data":"go: downloading github.com/russross/blackfriday/v2 v2.1.0\n","type":"stderr"}
1791355019.230207081	{"data":"go: downloading google.golang.org/genproto/googleapis/api v0.0.0-20260921155816-b14227669459\n","type":"stderr"}
1791355019.462721266	{"data":"go: downloading cel.dev/expr v0.25.3\n","type":"stderr"}
1791355019.783881665	{"data":"go: downloading github.com/nlnwa/whatwg-url v0.6.2\ngo: downloading github.com/antlr4-go/antlr/v4 v4.13.1\n","type":"stderr"}
1791355019.786193754	{"data":"go: downloading golang.org/x/text v0.42.0\n","type":"stderr"}
1791355019.986464341	{"data":"go: downloading golang.org/x/exp v0.0.0-20260908205506-85c1c2202aba\n","type":"stderr"}
1791355019.990792805	{"data":"go: downloading go.opentelemetry.io/otel/exporters/otlp/otlplog/otlploggrpc v0.22.0\n","type":"stderr"}
1791355020.076126090	{"data":"go: downloading go.opentelemetry.io/otel/exporters/otlp/otlplog/otlploghttp v0.22.0\n","type":"stderr"}
1791355020.187340455	{"data":"go: downloading go.opentelemetry.io/otel/exporters/otlp/otlpmetric/otlpmetricgrpc v1.46.0\n","type":"stderr"}
1791355020.272521511	{"data":"go: downloading go.opentelemetry.io/otel/exporters/otlp/otlpmetric/otlpmetrichttp v1.46.0\n","type":"stderr"}
1791355020.449350897	{"data":"go: downloading go.opentelemetry.io/otel/exporters/otlp/otlptrace/otlptracegrpc v1.46.0\n","type":"stderr"}
1791355020.523693961	{"data":"go: downloading go.opentelemetry.io/otel/exporters/otlp/otlptrace/otlptracehttp v1.46.0\n","type":"stderr"}
1791355020.558113554	{"data":"go: downloading go.opentelemetry.io/otel/exporters/otlp/otlptrace v1.46.0\n","type":"stderr"}
1791355020.735602259	{"data":"go: downloading go.opentelemetry.io/otel/exporters/prometheus v0.68.0\n","type":"stderr"}
1791355020.864040107	{"data":"go: downloading go.opentelemetry.io/otel/exporters/stdout/stdoutlog v0.22.0\n","type":"stderr"}
1791355020.912863091	{"data":"go: downloading go.opentelemetry.io/otel/exporters/stdout/stdoutmetric v1.46.0\n","type":"stderr"}
1791355020.918581021	{"data":"go: downloading go.opentelemetry.io/otel/exporters/stdout/stdouttrace v1.46.0\n","type":"stderr"}
1791355020.951432662	{"data":"go: downloading go.opentelemetry.io/otel/sdk/log v0.22.0\n","type":"stderr"}
1791355021.140206088	{"data":"go: downloading github.com/quic-go/qpack v0.6.0\ngo: downloading github.com/ccoveille/go-safecast/v2 v2.0.1\n","type":"stderr"}
1791355021.251872292	{"data":"go: downloading github.com/smallstep/pkcs7 v0.2.3\n","type":"stderr"}
1791355021.298553562	{"data":"go: downloading github.com/smallstep/scep v0.0.0-20260331191114-261f960a40d1\n","type":"stderr"}
1791355021.615707501	{"data":"go: downloading github.com/go-jose/go-jose/v3 v3.0.5\n","type":"stderr"}
1791355021.966214282	{"data":"go: downloading github.com/chzyer/readline v1.5.1\ngo: downloading github.com/urfave/cli v1.22.17\n","type":"stderr"}
1791355021.968547322	{"data":"go: downloading github.com/manifoldco/promptui v0.9.0\n","type":"stderr"}
1791355022.157344515	{"data":"go: downloading google.golang.org/api v0.298.0\n","type":"stderr"}
1791355022.160675592	{"data":"go: downloading github.com/rs/xid v1.6.0\n","type":"stderr"}
1791355022.193835666	{"data":"go: downloading filippo.io/edwards25519 v1.2.0\n","type":"stderr"}
1791355022.249954256	{"data":"go: downloading go.opentelemetry.io/otel/metric v1.46.0\n","type":"stderr"}
1791355022.406993899	{"data":"go: downloading github.com/go-jose/go-jose/v4 v4.1.5\n","type":"stderr"}
1791355022.408492327	{"data":"go: downloading github.com/sirupsen/logrus v1.10.2\n","type":"stderr"}
1791355022.410143014	{"data":"go: downloading golang.org/x/oauth2 v0.37.0\n","type":"stderr"}
1791355022.631716874	{"data":"go: downloading github.com/x448/float16 v0.8.4\n","type":"stderr"}
1791355022.784026279	{"data":"go: downloading dario.cat/mergo v1.0.2\n","type":"stderr"}
1791355022.858890225	{"data":"go: downloading github.com/Masterminds/goutils v1.1.1\n","type":"stderr"}
1791355022.892969177	{"data":"go: downloading github.com/Masterminds/semver/v3 v3.5.0\n","type":"stderr"}
1791355022.980535963	{"data":"go: downloading github.com/huandu/xstrings v1.6.1\n","type":"stderr"}
1791355023.106404526	{"data":"go: downloading github.com/mitchellh/copystructure v1.2.0\n","type":"stderr"}
1791355023.142501026	{"data":"go: downloading github.com/shopspring/decimal v1.4.0\n","type":"stderr"}
1791355023.224339737	{"data":"go: downloading github.com/spf13/cast v1.10.0\n","type":"stderr"}
1791355023.327783594	{"data":"go: downloading github.com/google/go-tspi v0.3.0\n","type":"stderr"}
1791355023.435640763	{"data":"go: downloading go.opentelemetry.io/contrib/propagators/aws v1.46.0\n","type":"stderr"}
1791355023.505415093	{"data":"go: downloading go.opentelemetry.io/contrib/propagators/b3 v1.46.0\n","type":"stderr"}
1791355023.530833470	{"data":"go: downloading go.opentelemetry.io/contrib/propagators/jaeger v1.46.0\n","type":"stderr"}
1791355023.574851635	{"data":"go: downloading go.opentelemetry.io/contrib/propagators/ot v1.46.0\n","type":"stderr"}
1791355023.717606305	{"data":"go: downloading github.com/felixge/httpsnoop v1.1.0\n","type":"stderr"}
1791355023.879697887	{"data":"go: downloading github.com/dgraph-io/badger v1.6.2\n","type":"stderr"}
1791355024.011859783	{"data":"go: downloading github.com/dgraph-io/badger/v2 v2.2007.4\n","type":"stderr"}
1791355024.505554634	{"data":"go: downloading github.com/go-sql-driver/mysql v1.10.1\n","type":"stderr"}
1791355024.570933879	{"data":"go: downloading github.com/jackc/pgx/v5 v5.11.0\n","type":"stderr"}
1791355024.824058919	{"data":"go: downloading github.com/mitchellh/go-ps v1.0.0\n","type":"stderr"}
1791355024.957719534	{"data":"go: downloading github.com/munnerz/goautoneg v0.0.0-20191010083416-a7dc8b61c822\n","type":"stderr"}
1791355025.083328728	{"data":"go: downloading google.golang.org/genproto/googleapis/rpc v0.0.0-20260921155816-b14227669459\n","type":"stderr"}
1791355025.263829001	{"data":"go: downloading github.com/go-logr/logr v1.4.4\n","type":"stderr"}
1791355025.470806039	{"data":"go: downloading github.com/bits-and-blooms/bitset v1.25.0\n","type":"stderr"}
1791355025.472663957	{"data":"go: downloading go.opentelemetry.io/proto/otlp v1.11.0\n","type":"stderr"}
1791355025.847935225	{"data":"go: downloading github.com/prometheus/otlptranslator v1.0.0\ngo: downloading go.opentelemetry.io/otel/log v0.22.0\n","type":"stderr"}
1791355025.849301435	{"data":"go: downloading filippo.io/bigmod v0.1.0\n","type":"stderr"}
1791355025.958114108	{"data":"go: downloading github.com/go-logr/stdr v1.2.2\n","type":"stderr"}
1791355025.991893420	{"data":"go: downloading go.opentelemetry.io/auto/sdk v1.2.1\n","type":"stderr"}
1791355025.996676186	{"data":"go: downloading github.com/mitchellh/reflectwalk v1.0.2\n","type":"stderr"}
1791355025.998102015	{"data":"go: downloading github.com/dlclark/regexp2/v2 v2.8.0\n","type":"stderr"}
1791355026.053556409	{"data":"go: downloading github.com/google/certificate-transparency-go v1.3.3\n","type":"stderr"}
1791355026.065580230	{"data":"go: downloading github.com/dgraph-io/ristretto v0.2.0\n","type":"stderr"}
1791355026.094669055	{"data":"go: downloading github.com/golang/protobuf v1.5.4\n","type":"stderr"}
1791355026.226196619	{"data":"go: downloading github.com/dgryski/go-farm v0.0.0-20240924180020-3414d57e47da\n","type":"stderr"}
1791355026.383546928	{"data":"go: downloading github.com/cenkalti/backoff/v5 v5.0.3\n","type":"stderr"}
1791355026.563936345	{"data":"go: downloading github.com/grpc-ecosystem/grpc-gateway/v2 v2.30.0\n","type":"stderr"}
1791355026.696406343	{"data":"go: downloading github.com/AndreasBriese/bbloom v0.0.0-20190825152654-46b345b51c96\n","type":"stderr"}
1791355026.737263775	{"data":"go: downloading github.com/golang/snappy v1.0.0\n","type":"stderr"}
1791355026.766860272	{"data":"go: downloading github.com/mgutz/ansi v0.0.0-20200706080929-d51e80ef957d\n","type":"stderr"}
1791355026.774713335	{"data":"go: downloading github.com/jackc/pgpassfile v1.0.0\n","type":"stderr"}
1791355026.893998681	{"data":"go: downloading github.com/jackc/pgservicefile v0.0.0-20240606120523-5a60cdf6a761\n","type":"stderr"}
1791355026.899847967	{"data":"go: downloading github.com/jackc/puddle/v2 v2.2.2\n","type":"stderr"}
1791355026.985447871	{"data":"go: downloading github.com/shurcooL/sanitized_anchor_name v1.0.0\n","type":"stderr"}
1791355026.986866870	{"data":"go: downloading github.com/mattn/go-colorable v0.1.15\n","type":"stderr"}
1791355027.205678506	{"data":"go: downloading github.com/mattn/go-isatty v0.0.24\n","type":"stderr"}
1791355035.907894029	{"data":"/home/user/go/pkg/mod/github.com/dgraph-io/badger/v2@v2.2007.4/y/zstd.go:22:2: github.com/klauspost/compress@v1.20.1: reading http://build-cache.internal/goproxy/github.com/klauspost/compress/@v/v1.20.1.zip: 502 Bad Gateway\n/home/user/go/pkg/mod/github.com/smallstep/certificates@v0.30.2/authority/provisioner/gcp/projectvalidator.go:7:2: google.golang.org/api@v0.298.0: reading http://build-cache.internal/goproxy/google.golang.org/api/@v/v0.298.0.zip: 502 Bad Gateway\n../../modules/caddytls/ech.go:19:2: github.com/cloudflare/circl@v1.6.5: reading http://build-cache.internal/goproxy/github.com/cloudflare/circl/@v/v1.6.5.zip: 502 Bad Gateway\n../../modules/caddytls/ech.go:20:2: github.com/cloudflare/circl@v1.6.5: reading http://build-cache.internal/goproxy/github.com/cloudflare/circl/@v/v1.6.5.zip: 502 Bad Gateway\n../../modules/caddyhttp/encode/gzip/gzip.go:21:2: github.com/klauspost/compress@v1.20.1: reading http://build-cache.internal/goproxy/github.com/klauspost/compress/@v/v1.20.1.zip: 502 Bad Gateway\n/home/user/go/pkg/mod/github.com/google/go-tspi@v0.3.0/verification/verification.go:31:2: github.com/google/certificate-transparency-go@v1.3.3: reading http://build-cache.internal/goproxy/github.com/google/certificate-transparency-go/@v/v1.3.3.zip: 502 Bad Gateway\n","type":"stderr"}
1791355035.921351331	{"data":"BENCH_CMD_SECONDS=28.1483\n","type":"stdout"}
1791355036.777430123	{"bytes_down":19672,"bytes_up":34593,"duration_ms":53513,"exit_code":1,"from_store":688,"outcome":"failed","retryable":false,"type":"result","workspace":"cold"}
