1791355042.025497113	{"lease":"orgs/ORG/projects/PROJECT/envs/ENV/leases/sbx-9cj8va5j","region":"","size":"standard","type":"queued"}
1791355044.668142985	sylphx: warning: build store: 436 files could not be fetched from it; sending those files directly
1791355046.131370755	{"bytes":4563414,"bytes_up":1040779,"duration_ms":3763,"files":691,"from_store":252,"full":true,"new_volume":false,"removed":0,"type":"sync","volume":true,"workspace":"cold"}
1791355046.670380966	{"cache":true,"lease":"orgs/ORG/projects/PROJECT/envs/ENV/leases/sbx-9cj8va5j","region":"","size":"standard","type":"running","volume":true,"workspace":"cold"}
1791355056.589933202	{"data":"BENCH_TOOL_SECONDS=9.39417\n","type":"stdout"}
1791355056.655743864	{"data":"go: downloading github.com/KimMachineGun/automemlimit v1.0.0\ngo: downloading github.com/aryann/difflib v0.0.0-20210328193216-ff5ff6dc229b\n","type":"stderr"}
1791355056.657145958	{"data":"go: downloading github.com/caddyserver/certmagic v0.25.6\n","type":"stderr"}
1791355056.658454782	{"data":"go: downloading github.com/spf13/cobra v1.10.2\n","type":"stderr"}
1791355056.659971438	{"data":"go: downloading github.com/spf13/pflag v1.0.10\n","type":"stderr"}
1791355056.661595364	{"data":"go: downloading go.uber.org/automaxprocs v1.6.0\n","type":"stderr"}
1791355056.696241357	{"data":"go: downloading go.uber.org/zap v1.28.0\n","type":"stderr"}
1791355057.214130219	{"data":"go: downloading go.uber.org/zap/exp v0.3.0\n","type":"stderr"}
1791355057.240597451	{"data":"go: downloading golang.org/x/crypto/x509roots/fallback v0.0.0-20260929172509-b39ff6d641ec\n","type":"stderr"}
1791355057.434745560	{"data":"go: downloading golang.org/x/crypto v0.57.0\n","type":"stderr"}
1791355057.475405947	{"data":"go: downloading github.com/cespare/xxhash/v2 v2.3.0\n","type":"stderr"}
1791355057.476903985	{"data":"go: downloading github.com/prometheus/client_golang v1.24.1\n","type":"stderr"}
1791355057.478321131	{"data":"go: downloading github.com/google/uuid v1.6.0\n","type":"stderr"}
1791355057.509770227	{"data":"go: downloading github.com/cespare/xxhash v1.1.0\n","type":"stderr"}
1791355057.541184061	{"data":"go: downloading github.com/quic-go/quic-go v0.63.0\n","type":"stderr"}
1791355057.863440746	{"data":"go: downloading golang.org/x/sys v0.48.0\n","type":"stderr"}
1791355057.864859264	{"data":"go: downloading golang.org/x/term v0.46.0\n","type":"stderr"}
1791355058.021967950	{"data":"go: downloading golang.org/x/time v0.16.0\n","type":"stderr"}
1791355058.068229601	{"data":"go: downloading github.com/pbnjay/memory v0.0.0-20210728143218-7b4eea64cf58\n","type":"stderr"}
1791355058.203932009	{"data":"go: downloading github.com/caddyserver/zerossl v0.1.6\n","type":"stderr"}
1791355058.205567884	{"data":"go: downloading github.com/klauspost/cpuid/v2 v2.4.0\n","type":"stderr"}
1791355058.240154978	{"data":"go: downloading github.com/libdns/libdns v1.1.1\n","type":"stderr"}
1791355058.419912466	{"data":"go: downloading github.com/mholt/acmez/v3 v3.1.7\n","type":"stderr"}
1791355058.557517269	{"data":"go: downloading github.com/miekg/dns v1.1.73\n","type":"stderr"}
1791355058.674358057	{"data":"go: downloading github.com/zeebo/blake3 v0.2.4\n","type":"stderr"}
1791355058.868644425	{"data":"go: downloading golang.org/x/net v0.59.0\n","type":"stderr"}
1791355059.313960358	{"data":"go: downloading github.com/smallstep/certificates v0.30.2\n","type":"stderr"}
1791355059.315448000	{"data":"go: downloading github.com/smallstep/truststore v0.13.0\n","type":"stderr"}
1791355059.316708611	{"data":"go: downloading go.step.sm/crypto v0.91.0\n","type":"stderr"}
1791355060.387819378	{"data":"go: downloading github.com/go-chi/chi/v5 v5.3.2\n","type":"stderr"}
1791355060.391282574	{"data":"go: downloading github.com/smallstep/nosql v0.8.0\n","type":"stderr"}
1791355060.659636473	{"data":"go: downloading go.etcd.io/bbolt v1.5.0\n","type":"stderr"}
1791355061.081587108	{"data":"go: downloading github.com/cpuguy83/go-md2man/v2 v2.0.7\n","type":"stderr"}
1791355061.355129843	{"data":"go: downloading go.yaml.in/yaml/v3 v3.0.5\n","type":"stderr"}
1791355061.497668638	{"data":"go: downloading github.com/cloudflare/circl v1.6.5\n","type":"stderr"}
1791355061.552335550	{"data":"go: downloading github.com/tailscale/tscert v0.0.0-20251216020129-aea342f6d747\n","type":"stderr"}
1791355061.858805759	{"data":"go: downloading github.com/DeRuina/timberjack v1.4.8\n","type":"stderr"}
1791355062.039164930	{"data":"go: downloading github.com/dustin/go-humanize v1.1.0\n","type":"stderr"}
1791355062.114061475	{"data":"go: downloading go.uber.org/multierr v1.11.0\n","type":"stderr"}
1791355062.117073554	{"data":"go: downloading github.com/beorn7/perks v1.0.1\n","type":"stderr"}
1791355062.118339253	{"data":"go: downloading github.com/prometheus/common v0.71.0\n","type":"stderr"}
1791355062.119525853	{"data":"go: downloading github.com/prometheus/client_model v0.6.3\n","type":"stderr"}
1791355062.384509305	{"data":"go: downloading github.com/prometheus/procfs v0.22.0\n","type":"stderr"}
1791355062.390266063	{"data":"go: downloading google.golang.org/protobuf v1.36.12\n","type":"stderr"}
1791355062.531695774	{"data":"go: downloading github.com/quic-go/qpack v0.6.0\n","type":"stderr"}
1791355062.844058474	{"data":"go: downloading golang.org/x/sync v0.23.0\n","type":"stderr"}
1791355063.063364541	{"data":"go: downloading cel.dev/cel-go v0.32.0\n","type":"stderr"}
1791355065.927157250	{"data":"go: downloading go.opentelemetry.io/contrib/bridges/prometheus v0.71.0\n","type":"stderr"}
1791355065.928688948	{"data":"go: downloading github.com/dunglas/go-urlpattern v1.0.0\n","type":"stderr"}
1791355065.930077542	{"data":"go: downloading go.opentelemetry.io/otel/sdk/metric v1.46.0\n","type":"stderr"}
1791355065.931475550	{"data":"go: downloading github.com/dunglas/httpsfv v1.1.1\n","type":"stderr"}
1791355065.933314629	{"data":"go: downloading go.opentelemetry.io/otel/sdk v1.46.0\n","type":"stderr"}
1791355065.934760959	{"data":"go: downloading go.opentelemetry.io/contrib/exporters/autoexport v0.71.0\n","type":"stderr"}
1791355066.086009513	{"data":"go: downloading go.opentelemetry.io/otel v1.46.0\n","type":"stderr"}
1791355066.144406181	{"data":"go: downloading github.com/klauspost/compress v1.20.1\n","type":"stderr"}
1791355066.229493937	{"data":"go: downloading github.com/pires/go-proxyproto v0.15.0\n","type":"stderr"}
1791355066.295622897	{"data":"go: downloading github.com/BurntSushi/toml v1.6.0\n","type":"stderr"}
1791355066.449481978	{"data":"go: downloading github.com/Masterminds/sprig/v3 v3.3.0\n","type":"stderr"}
1791355066.587103415	{"data":"go: downloading github.com/alecthomas/chroma/v2 v2.27.0\n","type":"stderr"}
1791355066.884420039	{"data":"go: downloading github.com/yuin/goldmark v1.8.6\n","type":"stderr"}
1791355066.933794801	{"data":"go: downloading github.com/yuin/goldmark-highlighting/v2 v2.0.0-20230729083705-37449abec8cc\n","type":"stderr"}
1791355067.554828682	{"data":"go: downloading gopkg.in/yaml.v3 v3.0.1\n","type":"stderr"}
1791355067.557350796	{"data":"go: downloading go.opentelemetry.io/contrib/instrumentation/net/http/otelhttp v0.71.0\n","type":"stderr"}
1791355067.803702783	{"data":"go: downloading go.opentelemetry.io/contrib/propagators/autoprop v0.71.0\n","type":"stderr"}
1791355069.055954123	{"data":"go: downloading go.opentelemetry.io/otel/trace v1.46.0\n","type":"stderr"}
1791355069.059639062	{"data":"go: downloading github.com/pkg/errors v0.9.1\n","type":"stderr"}
1791355069.061797631	{"data":"go: downloading github.com/smallstep/cli-utils v0.12.2\n","type":"stderr"}
1791355069.227017918	{"data":"go: downloading github.com/smallstep/linkedca v0.26.0\n","type":"stderr"}
1791355069.229696206	{"data":"go: downloading google.golang.org/grpc v1.83.2\n","type":"stderr"}
1791355069.232776438	{"data":"go: downloading github.com/coreos/go-oidc/v3 v3.21.0\n","type":"stderr"}
1791355069.255442205	{"data":"go: downloading github.com/fxamacker/cbor/v2 v2.9.4\n","type":"stderr"}
1791355069.483897931	{"data":"go: downloading github.com/google/go-tpm v0.9.8\n","type":"stderr"}
1791355069.602024528	{"data":"go: downloading github.com/smallstep/go-attestation v0.4.4-0.20260814222900-a849f4e2cd68\n","type":"stderr"}
1791355069.643460709	{"data":"go: downloading github.com/slackhq/nebula v1.11.2\n","type":"stderr"}
1791355069.645875061	{"data":"go: downloading github.com/russross/blackfriday/v2 v2.1.0\n","type":"stderr"}
1791355069.745249814	{"data":"go: downloading github.com/munnerz/goautoneg v0.0.0-20191010083416-a7dc8b61c822\n","type":"stderr"}
1791355069.751920803	{"data":"go: downloading golang.org/x/text v0.42.0\n","type":"stderr"}
1791355070.462434168	{"data":"go: downloading cel.dev/expr v0.25.3\n","type":"stderr"}
1791355070.591470945	{"data":"go: downloading google.golang.org/genproto/googleapis/api v0.0.0-20260921155816-b14227669459\n","type":"stderr"}
1791355073.528016293	{"data":"go: downloading github.com/antlr4-go/antlr/v4 v4.13.1\n","type":"stderr"}
1791355073.809342916	{"data":"go: downloading go.opentelemetry.io/otel/exporters/otlp/otlplog/otlploggrpc v0.22.0\n","type":"stderr"}
1791355074.261306794	{"data":"go: downloading go.opentelemetry.io/otel/exporters/otlp/otlplog/otlploghttp v0.22.0\n","type":"stderr"}
1791355074.443535600	{"data":"go: downloading go.opentelemetry.io/otel/exporters/otlp/otlpmetric/otlpmetricgrpc v1.46.0\n","type":"stderr"}
1791355074.674653810	{"data":"go: downloading go.opentelemetry.io/otel/exporters/otlp/otlpmetric/otlpmetrichttp v1.46.0\n","type":"stderr"}
1791355074.771292246	{"data":"go: downloading go.opentelemetry.io/otel/exporters/otlp/otlptrace/otlptracegrpc v1.46.0\n","type":"stderr"}
1791355074.773458897	{"data":"go: downloading go.opentelemetry.io/otel/exporters/otlp/otlptrace/otlptracehttp v1.46.0\n","type":"stderr"}
1791355074.933342177	{"data":"go: downloading go.opentelemetry.io/otel/exporters/prometheus v0.68.0\n","type":"stderr"}
1791355075.062535869	{"data":"go: downloading go.opentelemetry.io/otel/exporters/otlp/otlptrace v1.46.0\n","type":"stderr"}
1791355075.158510099	{"data":"go: downloading go.opentelemetry.io/otel/exporters/stdout/stdoutlog v0.22.0\n","type":"stderr"}
1791355075.523472239	{"data":"go: downloading go.opentelemetry.io/otel/exporters/stdout/stdoutmetric v1.46.0\n","type":"stderr"}
1791355075.570472548	{"data":"go: downloading go.opentelemetry.io/otel/exporters/stdout/stdouttrace v1.46.0\n","type":"stderr"}
1791355075.579420523	{"data":"go: downloading go.opentelemetry.io/otel/sdk/log v0.22.0\n","type":"stderr"}
1791355075.763005855	{"data":"go: downloading github.com/nlnwa/whatwg-url v0.6.2\n","type":"stderr"}
1791355075.903738801	{"data":"go: downloading golang.org/x/exp v0.0.0-20260908205506-85c1c2202aba\n","type":"stderr"}
1791355076.033426595	{"data":"go: downloading dario.cat/mergo v1.0.2\n","type":"stderr"}
1791355076.034821027	{"data":"go: downloading github.com/Masterminds/goutils v1.1.1\n","type":"stderr"}
1791355076.246492439	{"data":"go: downloading github.com/Masterminds/semver/v3 v3.5.0\n","type":"stderr"}
1791355076.252739883	{"data":"go: downloading github.com/huandu/xstrings v1.6.1\n","type":"stderr"}
1791355076.468439399	{"data":"go: downloading github.com/mitchellh/copystructure v1.2.0\n","type":"stderr"}
1791355076.636460188	{"data":"go: downloading github.com/shopspring/decimal v1.4.0\n","type":"stderr"}
1791355076.885058074	{"data":"go: downloading github.com/spf13/cast v1.10.0\n","type":"stderr"}
1791355076.911130954	{"data":"go: downloading github.com/felixge/httpsnoop v1.1.0\n","type":"stderr"}
1791355077.144151328	{"data":"go: downloading go.opentelemetry.io/otel/metric v1.46.0\n","type":"stderr"}
1791355077.284280037	{"data":"go: downloading go.opentelemetry.io/contrib/propagators/aws v1.46.0\n","type":"stderr"}
1791355077.300469448	{"data":"go: downloading go.opentelemetry.io/contrib/propagators/b3 v1.46.0\n","type":"stderr"}
1791355077.343844478	{"data":"go: downloading go.opentelemetry.io/contrib/propagators/jaeger v1.46.0\n","type":"stderr"}
1791355077.466665419	{"data":"go: downloading go.opentelemetry.io/contrib/propagators/ot v1.46.0\n","type":"stderr"}
1791355077.489186660	{"data":"go: downloading github.com/ccoveille/go-safecast/v2 v2.0.1\n","type":"stderr"}
1791355077.654813146	{"data":"go: downloading github.com/smallstep/pkcs7 v0.2.3\n","type":"stderr"}
1791355077.878322740	{"data":"go: downloading github.com/smallstep/scep v0.0.0-20260331191114-261f960a40d1\n","type":"stderr"}
1791355077.968707103	{"data":"go: downloading github.com/go-jose/go-jose/v3 v3.0.5\n","type":"stderr"}
1791355078.781444165	{"data":"go: downloading github.com/chzyer/readline v1.5.1\ngo: downloading github.com/urfave/cli v1.22.17\n","type":"stderr"}
1791355078.784334272	{"data":"go: downloading github.com/manifoldco/promptui v0.9.0\n","type":"stderr"}
1791355078.915602256	{"data":"go: downloading github.com/sirupsen/logrus v1.10.2\n","type":"stderr"}
1791355078.938009716	{"data":"go: downloading google.golang.org/api v0.298.0\n","type":"stderr"}
1791355078.978250354	{"data":"go: downloading github.com/rs/xid v1.6.0\n","type":"stderr"}
1791355079.015629277	{"data":"go: downloading filippo.io/edwards25519 v1.2.0\n","type":"stderr"}
1791355079.136777668	{"data":"go: downloading github.com/dgraph-io/badger v1.6.2\n","type":"stderr"}
1791355079.233947833	{"data":"go: downloading github.com/dgraph-io/badger/v2 v2.2007.4\n","type":"stderr"}
1791355079.235638750	{"data":"go: downloading github.com/go-sql-driver/mysql v1.10.1\n","type":"stderr"}
1791355079.237018881	{"data":"go: downloading github.com/jackc/pgx/v5 v5.11.0\n","type":"stderr"}
1791355079.393760746	{"data":"go: downloading github.com/go-jose/go-jose/v4 v4.1.5\n","type":"stderr"}
1791355079.762218641	{"data":"go: downloading golang.org/x/oauth2 v0.37.0\n","type":"stderr"}
1791355079.893272985	{"data":"go: downloading github.com/x448/float16 v0.8.4\n","type":"stderr"}
1791355079.894640717	{"data":"go: downloading github.com/mitchellh/go-ps v1.0.0\n","type":"stderr"}
1791355080.020013997	{"data":"go: downloading github.com/google/go-tspi v0.3.0\n","type":"stderr"}
1791355080.022951685	{"data":"go: downloading google.golang.org/genproto/googleapis/rpc v0.0.0-20260921155816-b14227669459\n","type":"stderr"}
1791355080.057254894	{"data":"go: downloading github.com/go-logr/logr v1.4.4\n","type":"stderr"}
1791355080.063188887	{"data":"go: downloading go.opentelemetry.io/proto/otlp v1.11.0\n","type":"stderr"}
1791355080.272681681	{"data":"go: downloading github.com/prometheus/otlptranslator v1.0.0\n","type":"stderr"}
1791355080.301783846	{"data":"go: downloading go.opentelemetry.io/otel/log v0.22.0\n","type":"stderr"}
1791355080.369118865	{"data":"go: downloading github.com/bits-and-blooms/bitset v1.25.0\n","type":"stderr"}
1791355080.410555447	{"data":"go: downloading github.com/mitchellh/reflectwalk v1.0.2\n","type":"stderr"}
1791355080.454566892	{"data":"go: downloading github.com/dlclark/regexp2/v2 v2.8.0\n","type":"stderr"}
1791355080.460676048	{"data":"go: downloading github.com/go-logr/stdr v1.2.2\n","type":"stderr"}
1791355080.463365403	{"data":"go: downloading go.opentelemetry.io/auto/sdk v1.2.1\n","type":"stderr"}
1791355080.588690400	{"data":"go: downloading github.com/dgraph-io/ristretto v0.2.0\n","type":"stderr"}
1791355080.646596013	{"data":"go: downloading github.com/golang/protobuf v1.5.4\n","type":"stderr"}
1791355080.672023373	{"data":"go: downloading github.com/dgryski/go-farm v0.0.0-20240924180020-3414d57e47da\n","type":"stderr"}
1791355080.739739475	{"data":"go: downloading filippo.io/bigmod v0.1.0\n","type":"stderr"}
1791355080.776505749	{"data":"go: downloading github.com/cenkalti/backoff/v5 v5.0.3\n","type":"stderr"}
1791355080.777950617	{"data":"go: downloading github.com/google/certificate-transparency-go v1.3.3\n","type":"stderr"}
1791355080.871047119	{"data":"go: downloading github.com/grpc-ecosystem/grpc-gateway/v2 v2.30.0\n","type":"stderr"}
1791355080.877879911	{"data":"go: downloading github.com/AndreasBriese/bbloom v0.0.0-20190825152654-46b345b51c96\n","type":"stderr"}
1791355080.880159020	{"data":"go: downloading github.com/golang/snappy v1.0.0\n","type":"stderr"}
1791355080.911513565	{"data":"go: downloading github.com/mgutz/ansi v0.0.0-20200706080929-d51e80ef957d\n","type":"stderr"}
1791355081.052695975	{"data":"go: downloading github.com/jackc/pgpassfile v1.0.0\n","type":"stderr"}
1791355081.088900056	{"data":"go: downloading github.com/jackc/pgservicefile v0.0.0-20240606120523-5a60cdf6a761\n","type":"stderr"}
1791355081.117321139	{"data":"go: downloading github.com/jackc/puddle/v2 v2.2.2\n","type":"stderr"}
1791355081.133939093	{"data":"go: downloading github.com/shurcooL/sanitized_anchor_name v1.0.0\n","type":"stderr"}
1791355081.138862660	{"data":"go: downloading github.com/mattn/go-colorable v0.1.15\n","type":"stderr"}
1791355081.239216351	{"data":"go: downloading github.com/mattn/go-isatty v0.0.24\n","type":"stderr"}
1791355084.178380037	{"data":"/home/user/go/pkg/mod/github.com/dgraph-io/badger/v2@v2.2007.4/y/zstd.go:22:2: github.com/klauspost/compress@v1.20.1: reading http://build-cache.internal/goproxy/github.com/klauspost/compress/@v/v1.20.1.zip: 502 Bad Gateway\n/home/user/go/pkg/mod/github.com/smallstep/certificates@v0.30.2/authority/provisioner/gcp/projectvalidator.go:7:2: google.golang.org/api@v0.298.0: reading http://build-cache.internal/goproxy/google.golang.org/api/@v/v0.298.0.zip: 502 Bad Gateway\n../../modules/caddytls/ech.go:19:2: github.com/cloudflare/circl@v1.6.5: reading http://build-cache.internal/goproxy/github.com/cloudflare/circl/@v/v1.6.5.zip: 502 Bad Gateway\n../../modules/caddytls/ech.go:20:2: github.com/cloudflare/circl@v1.6.5: reading http://build-cache.internal/goproxy/github.com/cloudflare/circl/@v/v1.6.5.zip: 502 Bad Gateway\n/home/user/go/pkg/mod/go.opentelemetry.io/proto/otlp@v1.11.0/collector/logs/v1/logs_service.pb.gw.go:16:2: github.com/grpc-ecosystem/grpc-gateway/v2@v2.30.0: reading http://build-cache.internal/goproxy/github.com/grpc-ecosystem/grpc-gateway/v2/@v/v2.30.0.zip: 502 Bad Gateway\n/home/user/go/pkg/mod/go.opentelemetry.io/proto/otlp@v1.11.0/collector/logs/v1/logs_service.pb.gw.go:17:2: github.com/grpc-ecosystem/grpc-gateway/v2@v2.30.0: reading http://build-cache.internal/goproxy/github.com/grpc-ecosystem/grpc-gateway/v2/@v/v2.30.0.zip: 502 Bad Gateway\n../../modules/caddyhttp/encode/gzip/gzip.go:21:2: github.com/klauspost/compress@v1.20.1: reading http://build-cache.internal/goproxy/github.com/klauspost/compress/@v/v1.20.1.zip: 502 Bad Gateway\n/home/user/go/pkg/mod/github.com/google/go-tspi@v0.3.0/verification/verification.go:31:2: github.com/google/certificate-transparency-go@v1.3.3: reading http://build-cache.internal/goproxy/github.com/google/certificate-transparency-go/@v/v1.3.3.zip: 502 Bad Gateway\n","type":"stderr"}
1791355084.191306682	{"data":"BENCH_CMD_SECONDS=27.6061\n","type":"stdout"}
1791355084.745587045	{"bytes_down":20680,"bytes_up":1040779,"duration_ms":47878,"exit_code":1,"from_store":252,"outcome":"failed","retryable":false,"type":"result","workspace":"cold"}
